Component: ARM Compiler 5.06 update 6 (build 750) Tool: armlink [4d35ed]

==============================================================================

Section Cross References

    startup_stm32f427xx.o(RESET) refers to startup_stm32f427xx.o(STACK) for __initial_sp
    startup_stm32f427xx.o(RESET) refers to startup_stm32f427xx.o(.text) for Reset_Handler
    startup_stm32f427xx.o(RESET) refers to stm32f4xx_it.o(i.NMI_Handler) for NMI_Handler
    startup_stm32f427xx.o(RESET) refers to stm32f4xx_it.o(i.HardFault_Handler) for HardFault_Handler
    startup_stm32f427xx.o(RESET) refers to stm32f4xx_it.o(i.MemManage_Handler) for MemManage_Handler
    startup_stm32f427xx.o(RESET) refers to stm32f4xx_it.o(i.BusFault_Handler) for BusFault_Handler
    startup_stm32f427xx.o(RESET) refers to stm32f4xx_it.o(i.UsageFault_Handler) for UsageFault_Handler
    startup_stm32f427xx.o(RESET) refers to stm32f4xx_it.o(i.SVC_Handler) for SVC_Handler
    startup_stm32f427xx.o(RESET) refers to stm32f4xx_it.o(i.DebugMon_Handler) for DebugMon_Handler
    startup_stm32f427xx.o(RESET) refers to stm32f4xx_it.o(i.PendSV_Handler) for PendSV_Handler
    startup_stm32f427xx.o(RESET) refers to stm32f4xx_it.o(i.SysTick_Handler) for SysTick_Handler
    startup_stm32f427xx.o(RESET) refers to stm32f4xx_it.o(i.EXTI2_IRQHandler) for EXTI2_IRQHandler
    startup_stm32f427xx.o(RESET) refers to stm32f4xx_it.o(i.ADC_IRQHandler) for ADC_IRQHandler
    startup_stm32f427xx.o(RESET) refers to stm32f4xx_it.o(i.CAN1_RX0_IRQHandler) for CAN1_RX0_IRQHandler
    startup_stm32f427xx.o(RESET) refers to stm32f4xx_it.o(i.USART1_IRQHandler) for USART1_IRQHandler
    startup_stm32f427xx.o(RESET) refers to stm32f4xx_it.o(i.USART6_IRQHandler) for USART6_IRQHandler
    startup_stm32f427xx.o(RESET) refers to stm32f4xx_it.o(i.UART8_IRQHandler) for UART8_IRQHandler
    startup_stm32f427xx.o(.text) refers to system_stm32f4xx.o(i.SystemInit) for SystemInit
    startup_stm32f427xx.o(.text) refers to entry.o(.ARM.Collect$$$$00000000) for __main
    main.o(i.SystemClock_Config) refers to memseta.o(.text) for __aeabi_memclr4
    main.o(i.SystemClock_Config) refers to stm32f4xx_hal_rcc.o(i.HAL_RCC_OscConfig) for HAL_RCC_OscConfig
    main.o(i.SystemClock_Config) refers to stm32f4xx_hal_pwr_ex.o(i.HAL_PWREx_EnableOverDrive) for HAL_PWREx_EnableOverDrive
    main.o(i.SystemClock_Config) refers to stm32f4xx_hal_rcc.o(i.HAL_RCC_ClockConfig) for HAL_RCC_ClockConfig
    main.o(i.main) refers to stm32f4xx_hal.o(i.HAL_Init) for HAL_Init
    main.o(i.main) refers to main.o(i.SystemClock_Config) for SystemClock_Config
    main.o(i.main) refers to gpio.o(i.MX_GPIO_Init) for MX_GPIO_Init
    main.o(i.main) refers to adc.o(i.MX_ADC1_Init) for MX_ADC1_Init
    main.o(i.main) refers to can.o(i.MX_CAN1_Init) for MX_CAN1_Init
    main.o(i.main) refers to usart.o(i.MX_USART6_UART_Init) for MX_USART6_UART_Init
    main.o(i.main) refers to usart.o(i.MX_UART8_Init) for MX_UART8_Init
    main.o(i.main) refers to usart.o(i.MX_USART1_UART_Init) for MX_USART1_UART_Init
    main.o(i.main) refers to delay.o(i.Delay_Init) for Delay_Init
    main.o(i.main) refers to led.o(i.LED_Init) for LED_Init
    main.o(i.main) refers to key.o(i.KEY_Init) for KEY_Init
    main.o(i.main) refers to oled.o(i.OLED_Init) for OLED_Init
    main.o(i.main) refers to oled_button.o(i.OLED_Button_Init) for OLED_Button_Init
    main.o(i.main) refers to power.o(i.Power_Init) for Power_Init
    main.o(i.main) refers to rc_at9s_pro.o(i.RC_AT9S_Pro_Init) for RC_AT9S_Pro_Init
    main.o(i.main) refers to jy901s.o(i.JY901S_Init) for JY901S_Init
    main.o(i.main) refers to motor_m3508.o(i.Motor_Preferred_Init) for Motor_Preferred_Init
    main.o(i.main) refers to motor_pid.o(i.Motor_PID_Init) for Motor_PID_Init
    main.o(i.main) refers to motor_m3508.o(i.Get_Motor_Measure_Pointer) for Get_Motor_Measure_Pointer
    main.o(i.main) refers to stm32f4xx_hal.o(i.HAL_Delay) for HAL_Delay
    main.o(i.main) refers to robot.o(i.RC_AT9S_Pro_Control) for RC_AT9S_Pro_Control
    main.o(i.main) refers to motor_pid.o(.bss) for Motor_PID
    main.o(i.main) refers to motor_pid.o(.data) for PID
    main.o(i.main) refers to motor_m3508.o(.bss) for Motor_Data
    main.o(i.main) refers to rc_at9s_pro.o(.bss) for RC_AT9S_PRO_Data
    gpio.o(i.MX_GPIO_Init) refers to memseta.o(.text) for __aeabi_memclr4
    gpio.o(i.MX_GPIO_Init) refers to stm32f4xx_hal_gpio.o(i.HAL_GPIO_WritePin) for HAL_GPIO_WritePin
    gpio.o(i.MX_GPIO_Init) refers to stm32f4xx_hal_gpio.o(i.HAL_GPIO_Init) for HAL_GPIO_Init
    gpio.o(i.MX_GPIO_Init) refers to stm32f4xx_hal_cortex.o(i.HAL_NVIC_SetPriority) for HAL_NVIC_SetPriority
    gpio.o(i.MX_GPIO_Init) refers to stm32f4xx_hal_cortex.o(i.HAL_NVIC_EnableIRQ) for HAL_NVIC_EnableIRQ
    adc.o(i.HAL_ADC_MspDeInit) refers to stm32f4xx_hal_gpio.o(i.HAL_GPIO_DeInit) for HAL_GPIO_DeInit
    adc.o(i.HAL_ADC_MspDeInit) refers to stm32f4xx_hal_cortex.o(i.HAL_NVIC_DisableIRQ) for HAL_NVIC_DisableIRQ
[...]
    ../fplib/microlib/fpepilogue.c           0x00000000   Number         0  fepilogue.o ABSOLUTE
    ../fplib/microlib/fpfix.c                0x00000000   Number         0  dfixui.o ABSOLUTE
    ../fplib/microlib/fpfix.c                0x00000000   Number         0  dfixul.o ABSOLUTE
    ../fplib/microlib/fpfix.c                0x00000000   Number         0  dfixi.o ABSOLUTE
    ../fplib/microlib/fpflt.c                0x00000000   Number         0  dfltui.o ABSOLUTE
    ../fplib/microlib/fpflt.c                0x00000000   Number         0  dflti.o ABSOLUTE
    ../fplib/microlib/fpmul.c                0x00000000   Number         0  dmul.o ABSOLUTE
    ../fplib/microlib/fpneg.c                0x00000000   Number         0  dneg.o ABSOLUTE
    ../fplib/microlib/fprnd.c                0x00000000   Number         0  drnd.o ABSOLUTE
    ../mathlib/atan.c                        0x00000000   Number         0  atan_x.o ABSOLUTE
    ../mathlib/atan.c                        0x00000000   Number         0  atan.o ABSOLUTE
    ../mathlib/atan2.c                       0x00000000   Number         0  atan2_x.o ABSOLUTE
    ../mathlib/atan2.c                       0x00000000   Number         0  atan2.o ABSOLUTE
    ../mathlib/dunder.c                      0x00000000   Number         0  dunder.o ABSOLUTE
    ../mathlib/fabs.c                        0x00000000   Number         0  fabs.o ABSOLUTE
    ../mathlib/fpclassify.c                  0x00000000   Number         0  fpclassify.o ABSOLUTE
    ../mathlib/poly.c                        0x00000000   Number         0  poly.o ABSOLUTE
    ../mathlib/qnan.c                        0x00000000   Number         0  qnan.o ABSOLUTE
    ../mathlib/round.c                       0x00000000   Number         0  round.o ABSOLUTE
    ..\Core\Src\adc.c                        0x00000000   Number         0  adc.o ABSOLUTE
    ..\Core\Src\can.c                        0x00000000   Number         0  can.o ABSOLUTE
    ..\Core\Src\gpio.c                       0x00000000   Number         0  gpio.o ABSOLUTE
    ..\Core\Src\main.c                       0x00000000   Number         0  main.o ABSOLUTE
    ..\Core\Src\stm32f4xx_hal_msp.c          0x00000000   Number         0  stm32f4xx_hal_msp.o ABSOLUTE
    ..\Core\Src\stm32f4xx_it.c               0x00000000   Number         0  stm32f4xx_it.o ABSOLUTE
    ..\Core\Src\system_stm32f4xx.c           0x00000000   Number         0  system_stm32f4xx.o ABSOLUTE
    ..\Core\Src\usart.c                      0x00000000   Number         0  usart.o ABSOLUTE
    ..\Drivers\BSP\Calculate\Calculate.c     0x00000000   Number         0  calculate.o ABSOLUTE
    ..\Drivers\BSP\Communication\Communication.c 0x00000000   Number         0  communication.o ABSOLUTE
    ..\Drivers\BSP\JY901S\JY901S.c           0x00000000   Number         0  jy901s.o ABSOLUTE
    ..\Drivers\BSP\JY901S\JY901S_Reg.c       0x00000000   Number         0  jy901s_reg.o ABSOLUTE
    ..\Drivers\BSP\KEY\KEY.c                 0x00000000   Number         0  key.o ABSOLUTE
    ..\Drivers\BSP\LED\LED.c                 0x00000000   Number         0  led.o ABSOLUTE
    ..\Drivers\BSP\Motor_M3508\Motor_M3508.c 0x00000000   Number         0  motor_m3508.o ABSOLUTE
    ..\Drivers\BSP\Motor_PID\Motor_PID.c     0x00000000   Number         0  motor_pid.o ABSOLUTE
    ..\Drivers\BSP\OLED\OLED.c               0x00000000   Number         0  oled.o ABSOLUTE
    ..\Drivers\BSP\OLED\OLED_Button.c        0x00000000   Number         0  oled_button.o ABSOLUTE
    ..\Drivers\BSP\OLED\OLED_Data.c          0x00000000   Number         0  oled_data.o ABSOLUTE
    ..\Drivers\BSP\Parameter\Parameter.c     0x00000000   Number         0  parameter.o ABSOLUTE
    ..\Drivers\BSP\Power\Power.c             0x00000000   Number         0  power.o ABSOLUTE
    ..\Drivers\BSP\RC\RC_AT9S_Pro.c          0x00000000   Number         0  rc_at9s_pro.o ABSOLUTE
    ..\Drivers\BSP\Robot\Robot.c             0x00000000   Number         0  robot.o ABSOLUTE
    ..\Drivers\BSP\Serial\Serial.c           0x00000000   Number         0  serial.o ABSOLUTE
    ..\Drivers\STM32F4xx_HAL_Driver\Src\stm32f4xx_hal.c 0x00000000   Number         0  stm32f4xx_hal.o ABSOLUTE
    ..\Drivers\STM32F4xx_HAL_Driver\Src\stm32f4xx_hal_adc.c 0x00000000   Number         0  stm32f4xx_hal_adc.o ABSOLUTE
    ..\Drivers\STM32F4xx_HAL_Driver\Src\stm32f4xx_hal_adc_ex.c 0x00000000   Number         0  stm32f4xx_hal_adc_ex.o ABSOLUTE
    ..\Drivers\STM32F4xx_HAL_Driver\Src\stm32f4xx_hal_can.c 0x00000000   Number         0  stm32f4xx_hal_can.o ABSOLUTE
    ..\Drivers\STM32F4xx_HAL_Driver\Src\stm32f4xx_hal_cortex.c 0x00000000   Number         0  stm32f4xx_hal_cortex.o ABSOLUTE
    ..\Drivers\STM32F4xx_HAL_Driver\Src\stm32f4xx_hal_dma.c 0x00000000   Number         0  stm32f4xx_hal_dma.o ABSOLUTE
    ..\Drivers\STM32F4xx_HAL_Driver\Src\stm32f4xx_hal_dma_ex.c 0x00000000   Number         0  stm32f4xx_hal_dma_ex.o ABSOLUTE
    ..\Drivers\STM32F4xx_HAL_Driver\Src\stm32f4xx_hal_exti.c 0x00000000   Number         0  stm32f4xx_hal_exti.o ABSOLUTE
    ..\Drivers\STM32F4xx_HAL_Driver\Src\stm32f4xx_hal_flash.c 0x00000000   Number         0  stm32f4xx_hal_flash.o ABSOLUTE
    ..\Drivers\STM32F4xx_HAL_Driver\Src\stm32f4xx_hal_flash_ex.c 0x00000000   Number         0  stm32f4xx_hal_flash_ex.o ABSOLUTE
    ..\Drivers\STM32F4xx_HAL_Driver\Src\stm32f4xx_hal_flash_ramfunc.c 0x00000000   Number         0  stm32f4xx_hal_flash_ramfunc.o ABSOLUTE
    ..\Drivers\STM32F4xx_HAL_Driver\Src\stm32f4xx_hal_gpio.c 0x00000000   Number         0  stm32f4xx_hal_gpio.o ABSOLUTE
    ..\Drivers\STM32F4xx_HAL_Driver\Src\stm32f4xx_hal_pwr.c 0x00000000   Number         0  stm32f4xx_hal_pwr.o ABSOLUTE
    ..\Drivers\STM32F4xx_HAL_Driver\Src\stm32f4xx_hal_pwr_ex.c 0x00000000   Number         0  stm32f4xx_hal_pwr_ex.o ABSOLUTE
    ..\Drivers\STM32F4xx_HAL_Driver\Src\stm32f4xx_hal_rcc.c 0x00000000   Number         0  stm32f4xx_hal_rcc.o ABSOLUTE
    ..\Drivers\STM32F4xx_HAL_Driver\Src\stm32f4xx_hal_rcc_ex.c 0x00000000   Number         0  stm32f4xx_hal_rcc_ex.o ABSOLUTE
    ..\Drivers\STM32F4xx_HAL_Driver\Src\stm32f4xx_hal_tim.c 0x00000000   Number         0  stm32f4xx_hal_tim.o ABSOLUTE
    ..\Drivers\STM32F4xx_HAL_Driver\Src\stm32f4xx_hal_tim_ex.c 0x00000000   Number         0  stm32f4xx_hal_tim_ex.o ABSOLUTE
    ..\Drivers\STM32F4xx_HAL_Driver\Src\stm32f4xx_hal_uart.c 0x00000000   Number         0  stm32f4xx_hal_uart.o ABSOLUTE
    ..\Drivers\SYSTEM\Delay\Delay.c          0x00000000   Number         0  delay.o ABSOLUTE
    ..\\Drivers\\BSP\\Calculate\\Calculate.c 0x00000000   Number         0  calculate.o ABSOLUTE
    ..\\Drivers\\BSP\\Communication\\Communication.c 0x00000000   Number         0  communication.o ABSOLUTE
    ..\\Drivers\\BSP\\JY901S\\JY901S.c       0x00000000   Number         0  jy901s.o ABSOLUTE
    ..\\Drivers\\BSP\\JY901S\\JY901S_Reg.c   0x00000000   Number         0  jy901s_reg.o ABSOLUTE
    ..\\Drivers\\BSP\\KEY\\KEY.c             0x00000000   Number         0  key.o ABSOLUTE
    ..\\Drivers\\BSP\\LED\\LED.c             0x00000000   Number         0  led.o ABSOLUTE
    ..\\Drivers\\BSP\\Motor_M3508\\Motor_M3508.c 0x00000000   Number         0  motor_m3508.o ABSOLUTE
    ..\\Drivers\\BSP\\Motor_PID\\Motor_PID.c 0x00000000   Number         0  motor_pid.o ABSOLUTE
    ..\\Drivers\\BSP\\OLED\\OLED.c           0x00000000   Number         0  oled.o ABSOLUTE
    ..\\Drivers\\BSP\\OLED\\OLED_Button.c    0x00000000   Number         0  oled_button.o ABSOLUTE
    ..\\Drivers\\BSP\\OLED\\OLED_Data.c      0x00000000   Number         0  oled_data.o ABSOLUTE
    ..\\Drivers\\BSP\\Parameter\\Parameter.c 0x00000000   Number         0  parameter.o ABSOLUTE
    ..\\Drivers\\BSP\\Power\\Power.c         0x00000000   Number         0  power.o ABSOLUTE
    ..\\Drivers\\BSP\\RC\\RC_AT9S_Pro.c      0x00000000   Number         0  rc_at9s_pro.o ABSOLUTE
    ..\\Drivers\\BSP\\Robot\\Robot.c         0x00000000   Number         0  robot.o ABSOLUTE
    ..\\Drivers\\BSP\\Serial\\Serial.c       0x00000000   Number         0  serial.o ABSOLUTE
    ..\\Drivers\\SYSTEM\\Delay\\Delay.c      0x00000000   Number         0  delay.o ABSOLUTE
    cdcmple.s                                0x00000000   Number         0  cdcmple.o ABSOLUTE
    cdrcmple.s                               0x00000000   Number         0  cdrcmple.o ABSOLUTE
    dc.s                                     0x00000000   Number         0  dc.o ABSOLUTE
    handlers.s                               0x00000000   Number         0  handlers.o ABSOLUTE
    init.s                                   0x00000000   Number         0  init.o ABSOLUTE
    startup_stm32f427xx.s                    0x00000000   Number         0  startup_stm32f427xx.o ABSOLUTE
    RESET                                    0x08000000   Section      428  startup_stm32f427xx.o(RESET)
    .ARM.Collect$$$$00000000                 0x080001ac   Section        0  entry.o(.ARM.Collect$$$$00000000)
    .ARM.Collect$$$$00000001                 0x080001ac   Section        4  entry2.o(.ARM.Collect$$$$00000001)
    .ARM.Collect$$$$00000004                 0x080001b0   Section        4  entry5.o(.ARM.Collect$$$$00000004)
    .ARM.Collect$$$$00000008                 0x080001b4   Section        0  entry7b.o(.ARM.Collect$$$$00000008)
    .ARM.Collect$$$$0000000A                 0x080001b4   Section        0  entry8b.o(.ARM.Collect$$$$0000000A)
    .ARM.Collect$$$$0000000B                 0x080001b4   Section        8  entry9a.o(.ARM.Collect$$$$0000000B)
    .ARM.Collect$$$$0000000D                 0x080001bc   Section        0  entry10a.o(.ARM.Collect$$$$0000000D)
    .ARM.Collect$$$$0000000F                 0x080001bc   Section        0  entry11a.o(.ARM.Collect$$$$0000000F)
    .ARM.Collect$$$$00002712                 0x080001bc   Section        4  entry2.o(.ARM.Collect$$$$00002712)
    __lit__00000000                          0x080001bc   Data           4  entry2.o(.ARM.Collect$$$$00002712)
    .text                                    0x080001c0   Section       36  startup_stm32f427xx.o(.text)
    $v0                                      0x080001c0   Number         0  startup_stm32f427xx.o(.text)
    .text                                    0x080001e4   Section        0  uldiv.o(.text)
    .text                                    0x08000246   Section        0  memseta.o(.text)
    .text                                    0x0800026a   Section        0  dmul.o(.text)
    .text                                    0x0800034e   Section        0  dflti.o(.text)
    .text                                    0x08000370   Section        0  d2f.o(.text)
    .text                                    0x080003a8   Section        0  llshl.o(.text)
    .text                                    0x080003c6   Section        0  llushr.o(.text)
    .text                                    0x080003e6   Section        0  iusefp.o(.text)
    .text                                    0x080003e6   Section        0  fepilogue.o(.text)
    .text                                    0x08000454   Section        0  depilogue.o(.text)
    .text                                    0x08000510   Section       36  init.o(.text)
    i.ADC_IRQHandler                         0x08000534   Section        0  stm32f4xx_it.o(i.ADC_IRQHandler)
    i.ADC_Init                               0x08000540   Section        0  stm32f4xx_hal_adc.o(i.ADC_Init)
    ADC_Init                                 0x08000541   Thumb Code   284  stm32f4xx_hal_adc.o(i.ADC_Init)
    i.BusFault_Handler                       0x08000668   Section        0  stm32f4xx_it.o(i.BusFault_Handler)
    i.CAN1_RX0_IRQHandler                    0x0800066c   Section        0  stm32f4xx_it.o(i.CAN1_RX0_IRQHandler)
    i.Can_Filter_Init                        0x08000678   Section        0  motor_m3508.o(i.Can_Filter_Init)
    i.DebugMon_Handler                       0x080006b0   Section        0  stm32f4xx_it.o(i.DebugMon_Handler)
    i.Delay_Init                             0x080006b4   Section        0  delay.o(i.Delay_Init)
    i.EXTI2_IRQHandler                       0x080006c0   Section        0  stm32f4xx_it.o(i.EXTI2_IRQHandler)
    i.Error_Handler                          0x080006c6   Section        0  main.o(i.Error_Handler)
    i.Get_Motor_Data                         0x080006cc   Section        0  motor_m3508.o(i.Get_Motor_Data)
    i.Get_Motor_Measure_Pointer              0x08000798   Section        0  motor_m3508.o(i.Get_Motor_Measure_Pointer)
    i.Get_Motor_Offset                       0x080007ac   Section        0  motor_m3508.o(i.Get_Motor_Offset)
    i.HAL_ADCEx_InjectedConvCpltCallback     0x080007c4   Section        0  stm32f4xx_hal_adc_ex.o(i.HAL_ADCEx_InjectedConvCpltCallback)
    i.HAL_ADC_ConfigChannel                  0x080007c8   Section        0  stm32f4xx_hal_adc.o(i.HAL_ADC_ConfigChannel)
    i.HAL_ADC_ConvCpltCallback               0x0800092c   Section        0  stm32f4xx_it.o(i.HAL_ADC_ConvCpltCallback)
    i.HAL_ADC_ErrorCallback                  0x08000958   Section        0  stm32f4xx_hal_adc.o(i.HAL_ADC_ErrorCallback)
    i.HAL_ADC_GetValue                       0x0800095a   Section        0  stm32f4xx_hal_adc.o(i.HAL_ADC_GetValue)
    i.HAL_ADC_IRQHandler                     0x08000960   Section        0  stm32f4xx_hal_adc.o(i.HAL_ADC_IRQHandler)
    i.HAL_ADC_Init                           0x08000a8e   Section        0  stm32f4xx_hal_adc.o(i.HAL_ADC_Init)
    i.HAL_ADC_LevelOutOfWindowCallback       0x08000ae2   Section        0  stm32f4xx_hal_adc.o(i.HAL_ADC_LevelOutOfWindowCallback)
    i.HAL_ADC_MspInit                        0x08000ae4   Section        0  adc.o(i.HAL_ADC_MspInit)
    i.HAL_ADC_Start_IT                       0x08000b54   Section        0  stm32f4xx_hal_adc.o(i.HAL_ADC_Start_IT)
    i.HAL_CAN_ActivateNotification           0x08000c60   Section        0  stm32f4xx_hal_can.o(i.HAL_CAN_ActivateNotification)
    i.HAL_CAN_AddTxMessage                   0x08000c84   Section        0  stm32f4xx_hal_can.o(i.HAL_CAN_AddTxMessage)
    i.HAL_CAN_ConfigFilter                   0x08000d40   Section        0  stm32f4xx_hal_can.o(i.HAL_CAN_ConfigFilter)
    i.HAL_CAN_ErrorCallback                  0x08000e4c   Section        0  stm32f4xx_hal_can.o(i.HAL_CAN_ErrorCallback)
    i.HAL_CAN_GetRxMessage                   0x08000e4e   Section        0  stm32f4xx_hal_can.o(i.HAL_CAN_GetRxMessage)
    i.HAL_CAN_IRQHandler                     0x08000f42   Section        0  stm32f4xx_hal_can.o(i.HAL_CAN_IRQHandler)
    i.HAL_CAN_Init                           0x0800113e   Section        0  stm32f4xx_hal_can.o(i.HAL_CAN_Init)
    i.HAL_CAN_MspInit                        0x08001258   Section        0  can.o(i.HAL_CAN_MspInit)
    i.HAL_CAN_RxFifo0FullCallback            0x080012d0   Section        0  stm32f4xx_hal_can.o(i.HAL_CAN_RxFifo0FullCallback)
    i.HAL_CAN_RxFifo0MsgPendingCallback      0x080012d4   Section        0  motor_m3508.o(i.HAL_CAN_RxFifo0MsgPendingCallback)
    i.HAL_CAN_RxFifo1FullCallback            0x0800135c   Section        0  stm32f4xx_hal_can.o(i.HAL_CAN_RxFifo1FullCallback)
    i.HAL_CAN_RxFifo1MsgPendingCallback      0x0800135e   Section        0  stm32f4xx_hal_can.o(i.HAL_CAN_RxFifo1MsgPendingCallback)
    i.HAL_CAN_SleepCallback                  0x08001360   Section        0  stm32f4xx_hal_can.o(i.HAL_CAN_SleepCallback)
    i.HAL_CAN_Start                          0x08001364   Section        0  stm32f4xx_hal_can.o(i.HAL_CAN_Start)
    i.HAL_CAN_TxMailbox0AbortCallback        0x080013bc   Section        0  stm32f4xx_hal_can.o(i.HAL_CAN_TxMailbox0AbortCallback)
    i.HAL_CAN_TxMailbox0CompleteCallback     0x080013be   Section        0  stm32f4xx_hal_can.o(i.HAL_CAN_TxMailbox0CompleteCallback)
    i.HAL_CAN_TxMailbox1AbortCallback        0x080013c0   Section        0  stm32f4xx_hal_can.o(i.HAL_CAN_TxMailbox1AbortCallback)
    i.HAL_CAN_TxMailbox1CompleteCallback     0x080013c2   Section        0  stm32f4xx_hal_can.o(i.HAL_CAN_TxMailbox1CompleteCallback)
    i.HAL_CAN_TxMailbox2AbortCallback        0x080013c4   Section        0  stm32f4xx_hal_can.o(i.HAL_CAN_TxMailbox2AbortCallback)
    i.HAL_CAN_TxMailbox2CompleteCallback     0x080013c6   Section        0  stm32f4xx_hal_can.o(i.HAL_CAN_TxMailbox2CompleteCallback)
    i.HAL_CAN_WakeUpFromRxMsgCallback        0x080013c8   Section        0  stm32f4xx_hal_can.o(i.HAL_CAN_WakeUpFromRxMsgCallback)
    i.HAL_DMA_Abort                          0x080013ca   Section        0  stm32f4xx_hal_dma.o(i.HAL_DMA_Abort)
    i.HAL_DMA_Abort_IT                       0x0800145c   Section        0  stm32f4xx_hal_dma.o(i.HAL_DMA_Abort_IT)
    i.HAL_Delay                              0x08001480   Section        0  stm32f4xx_hal.o(i.HAL_Delay)
    i.HAL_GPIO_EXTI_Callback                 0x080014a4   Section        0  stm32f4xx_it.o(i.HAL_GPIO_EXTI_Callback)
    i.HAL_GPIO_EXTI_IRQHandler               0x080014b4   Section        0  stm32f4xx_hal_gpio.o(i.HAL_GPIO_EXTI_IRQHandler)
    i.HAL_GPIO_Init                          0x080014cc   Section        0  stm32f4xx_hal_gpio.o(i.HAL_GPIO_Init)
    i.HAL_GPIO_WritePin                      0x08001700   Section        0  stm32f4xx_hal_gpio.o(i.HAL_GPIO_WritePin)
    i.HAL_GetTick                            0x0800170c   Section        0  stm32f4xx_hal.o(i.HAL_GetTick)
    i.HAL_IncTick                            0x08001718   Section        0  stm32f4xx_hal.o(i.HAL_IncTick)
    i.HAL_Init                               0x08001728   Section        0  stm32f4xx_hal.o(i.HAL_Init)
    i.HAL_InitTick                           0x0800175c   Section        0  stm32f4xx_hal.o(i.HAL_InitTick)
    i.HAL_MspInit                            0x0800179c   Section        0  stm32f4xx_hal_msp.o(i.HAL_MspInit)
    i.HAL_NVIC_EnableIRQ                     0x080017cc   Section        0  stm32f4xx_hal_cortex.o(i.HAL_NVIC_EnableIRQ)
    i.HAL_NVIC_SetPriority                   0x080017e8   Section        0  stm32f4xx_hal_cortex.o(i.HAL_NVIC_SetPriority)
    i.HAL_NVIC_SetPriorityGrouping           0x08001828   Section        0  stm32f4xx_hal_cortex.o(i.HAL_NVIC_SetPriorityGrouping)
    i.HAL_PWREx_EnableOverDrive              0x0800184c   Section        0  stm32f4xx_hal_pwr_ex.o(i.HAL_PWREx_EnableOverDrive)
    i.HAL_RCC_ClockConfig                    0x080018bc   Section        0  stm32f4xx_hal_rcc.o(i.HAL_RCC_ClockConfig)
    i.HAL_RCC_GetPCLK1Freq                   0x080019f0   Section        0  stm32f4xx_hal_rcc.o(i.HAL_RCC_GetPCLK1Freq)
    i.HAL_RCC_GetPCLK2Freq                   0x08001a10   Section        0  stm32f4xx_hal_rcc.o(i.HAL_RCC_GetPCLK2Freq)
    i.HAL_RCC_GetSysClockFreq                0x08001a30   Section        0  stm32f4xx_hal_rcc.o(i.HAL_RCC_GetSysClockFreq)
    i.HAL_RCC_OscConfig                      0x08001a94   Section        0  stm32f4xx_hal_rcc.o(i.HAL_RCC_OscConfig)
    i.HAL_SYSTICK_Config                     0x08001e00   Section        0  stm32f4xx_hal_cortex.o(i.HAL_SYSTICK_Config)
    i.HAL_UARTEx_RxEventCallback             0x08001e28   Section        0  stm32f4xx_hal_uart.o(i.HAL_UARTEx_RxEventCallback)
    i.HAL_UART_ErrorCallback                 0x08001e2a   Section        0  stm32f4xx_hal_uart.o(i.HAL_UART_ErrorCallback)
    i.HAL_UART_IRQHandler                    0x08001e2c   Section        0  stm32f4xx_hal_uart.o(i.HAL_UART_IRQHandler)
    i.HAL_UART_Init                          0x0800209c   Section        0  stm32f4xx_hal_uart.o(i.HAL_UART_Init)
    i.HAL_UART_MspInit                       0x08002100   Section        0  usart.o(i.HAL_UART_MspInit)
    i.HAL_UART_Receive_IT                    0x08002220   Section        0  stm32f4xx_hal_uart.o(i.HAL_UART_Receive_IT)
    i.HAL_UART_RxCpltCallback                0x0800223c   Section        0  stm32f4xx_it.o(i.HAL_UART_RxCpltCallback)
    i.HAL_UART_Transmit                      0x080022b0   Section        0  stm32f4xx_hal_uart.o(i.HAL_UART_Transmit)
    i.HAL_UART_TxCpltCallback                0x08002350   Section        0  stm32f4xx_hal_uart.o(i.HAL_UART_TxCpltCallback)
    i.HardFault_Handler                      0x08002352   Section        0  stm32f4xx_it.o(i.HardFault_Handler)
    i.JY901S_Init                            0x08002354   Section        0  jy901s.o(i.JY901S_Init)
    i.JY901S_Judge_Data                      0x080023d4   Section        0  jy901s.o(i.JY901S_Judge_Data)
    i.KEY_Init                               0x08002564   Section        0  key.o(i.KEY_Init)
    i.LED_Green                              0x08002570   Section        0  led.o(i.LED_Green)
    i.LED_Init                               0x0800258c   Section        0  led.o(i.LED_Init)
    i.LED_Red                                0x080025a0   Section        0  led.o(i.LED_Red)
    i.MX_ADC1_Init                           0x080025bc   Section        0  adc.o(i.MX_ADC1_Init)
    i.MX_CAN1_Init                           0x08002620   Section        0  can.o(i.MX_CAN1_Init)
    i.MX_GPIO_Init                           0x08002664   Section        0  gpio.o(i.MX_GPIO_Init)
    i.MX_UART8_Init                          0x080027c8   Section        0  usart.o(i.MX_UART8_Init)
    i.MX_USART1_UART_Init                    0x08002800   Section        0  usart.o(i.MX_USART1_UART_Init)
    i.MX_USART6_UART_Init                    0x08002844   Section        0  usart.o(i.MX_USART6_UART_Init)
    i.MemManage_Handler                      0x0800287c   Section        0  stm32f4xx_it.o(i.MemManage_Handler)
    i.Motor_PID_Calculate                    0x0800287e   Section        0  motor_pid.o(i.Motor_PID_Calculate)
    Motor_PID_Calculate                      0x0800287f   Thumb Code   200  motor_pid.o(i.Motor_PID_Calculate)
    i.Motor_PID_Init                         0x08002948   Section        0  motor_pid.o(i.Motor_PID_Init)
    i.Motor_PID_Param_Init                   0x08002964   Section        0  motor_pid.o(i.Motor_PID_Param_Init)
    Motor_PID_Param_Init                     0x08002965   Thumb Code    68  motor_pid.o(i.Motor_PID_Param_Init)
    i.Motor_PID_Reset                        0x080029ac   Section        0  motor_pid.o(i.Motor_PID_Reset)
    Motor_PID_Reset                          0x080029ad   Thumb Code    26  motor_pid.o(i.Motor_PID_Reset)
    i.Motor_Preferred_Init                   0x080029c8   Section        0  motor_m3508.o(i.Motor_Preferred_Init)
    i.Motor_Preferred_Set_I                  0x080029ec   Section        0  motor_m3508.o(i.Motor_Preferred_Set_I)
    i.Motor_Preferred_Set_V                  0x08002a34   Section        0  motor_pid.o(i.Motor_Preferred_Set_V)
    i.NMI_Handler                            0x08002aec   Section        0  stm32f4xx_it.o(i.NMI_Handler)
    i.OLED_Button_Init                       0x08002af0   Section        0  oled_button.o(i.OLED_Button_Init)
    i.OLED_Clear                             0x08002afc   Section        0  oled.o(i.OLED_Clear)
    i.OLED_Init                              0x08002b24   Section        0  oled.o(i.OLED_Init)
    i.OLED_SendByte                          0x08002be0   Section        0  oled.o(i.OLED_SendByte)
    i.OLED_SetCursor                         0x08002c0c   Section        0  oled.o(i.OLED_SetCursor)
    i.OLED_Update                            0x08002c30   Section        0  oled.o(i.OLED_Update)
    i.OLED_W_D0                              0x08002c58   Section        0  oled.o(i.OLED_W_D0)
    i.OLED_W_D1                              0x08002c68   Section        0  oled.o(i.OLED_W_D1)
    i.OLED_W_DC                              0x08002c78   Section        0  oled.o(i.OLED_W_DC)
    i.OLED_W_RES                             0x08002c88   Section        0  oled.o(i.OLED_W_RES)
    i.OLED_WriteCommand                      0x08002c98   Section        0  oled.o(i.OLED_WriteCommand)
    i.OLED_WriteData                         0x08002cac   Section        0  oled.o(i.OLED_WriteData)
    i.PendSV_Handler                         0x08002ccc   Section        0  stm32f4xx_it.o(i.PendSV_Handler)
    i.Power_Init                             0x08002cd0   Section        0  power.o(i.Power_Init)
    i.RC_AT9S_Pro_Control                    0x08002d04   Section        0  robot.o(i.RC_AT9S_Pro_Control)
    i.RC_AT9S_Pro_Init                       0x08002d30   Section        0  rc_at9s_pro.o(i.RC_AT9S_Pro_Init)
    i.RC_AT9S_Pro_Judge_Data                 0x08002d44   Section        0  rc_at9s_pro.o(i.RC_AT9S_Pro_Judge_Data)
    i.Robot_Move                             0x08002e60   Section        0  robot.o(i.Robot_Move)
    i.SVC_Handler                            0x08002ef0   Section        0  stm32f4xx_it.o(i.SVC_Handler)
    i.SysTick_Handler                        0x08002ef2   Section        0  stm32f4xx_it.o(i.SysTick_Handler)
    i.SystemClock_Config                     0x08002ef8   Section        0  main.o(i.SystemClock_Config)
    i.SystemInit                             0x08002f98   Section        0  system_stm32f4xx.o(i.SystemInit)
    i.UART8_IRQHandler                       0x08002fa8   Section        0  stm32f4xx_it.o(i.UART8_IRQHandler)
    i.UART_DMAAbortOnError                   0x08002fb4   Section        0  stm32f4xx_hal_uart.o(i.UART_DMAAbortOnError)
    UART_DMAAbortOnError                     0x08002fb5   Thumb Code    16  stm32f4xx_hal_uart.o(i.UART_DMAAbortOnError)
    i.UART_EndRxTransfer                     0x08002fc4   Section        0  stm32f4xx_hal_uart.o(i.UART_EndRxTransfer)
    UART_EndRxTransfer                       0x08002fc5   Thumb Code    78  stm32f4xx_hal_uart.o(i.UART_EndRxTransfer)
    i.UART_Receive_IT                        0x08003012   Section        0  stm32f4xx_hal_uart.o(i.UART_Receive_IT)
    UART_Receive_IT                          0x08003013   Thumb Code   194  stm32f4xx_hal_uart.o(i.UART_Receive_IT)
    i.UART_SetConfig                         0x080030d4   Section        0  stm32f4xx_hal_uart.o(i.UART_SetConfig)
    UART_SetConfig                           0x080030d5   Thumb Code   258  stm32f4xx_hal_uart.o(i.UART_SetConfig)
    i.UART_Start_Receive_IT                  0x080031e0   Section        0  stm32f4xx_hal_uart.o(i.UART_Start_Receive_IT)
    i.UART_WaitOnFlagUntilTimeout            0x08003216   Section        0  stm32f4xx_hal_uart.o(i.UART_WaitOnFlagUntilTimeout)
    UART_WaitOnFlagUntilTimeout              0x08003217   Thumb Code   114  stm32f4xx_hal_uart.o(i.UART_WaitOnFlagUntilTimeout)
    i.USART1_IRQHandler                      0x08003288   Section        0  stm32f4xx_it.o(i.USART1_IRQHandler)
    i.USART6_IRQHandler                      0x08003294   Section        0  stm32f4xx_it.o(i.USART6_IRQHandler)
    i.USART6_Receive_Data                    0x080032a0   Section        0  communication.o(i.USART6_Receive_Data)
    i.UsageFault_Handler                     0x080033a0   Section        0  stm32f4xx_it.o(i.UsageFault_Handler)
    i.__NVIC_SetPriority                     0x080033a2   Section        0  stm32f4xx_hal_cortex.o(i.__NVIC_SetPriority)
    __NVIC_SetPriority                       0x080033a3   Thumb Code    32  stm32f4xx_hal_cortex.o(i.__NVIC_SetPriority)
    i.__scatterload_copy                     0x080033c2   Section       14  handlers.o(i.__scatterload_copy)
    i.__scatterload_null                     0x080033d0   Section        2  handlers.o(i.__scatterload_null)
    i.__scatterload_zeroinit                 0x080033d2   Section       14  handlers.o(i.__scatterload_zeroinit)
    i.main                                   0x080033e0   Section        0  main.o(i.main)
    i.map_to_float                           0x080034b4   Section        0  robot.o(i.map_to_float)
    .constdata                               0x080034e4   Section       16  system_stm32f4xx.o(.constdata)
    .constdata                               0x080034f4   Section        8  system_stm32f4xx.o(.constdata)
    .data                                    0x20000000   Section        1  key.o(.data)
    .data                                    0x20000004   Section        8  oled_button.o(.data)
    .data                                    0x2000000c   Section        9  rc_at9s_pro.o(.data)
    ucRxCnt                                  0x2000000c   Data           1  rc_at9s_pro.o(.data)
    .data                                    0x20000015   Section        9  motor_m3508.o(.data)
    i                                        0x20000015   Data           1  motor_m3508.o(.data)
    .data                                    0x20000020   Section       12  motor_pid.o(.data)
    .data                                    0x2000002c   Section        9  jy901s.o(.data)
    ucRxCnt                                  0x2000002c   Data           1  jy901s.o(.data)
    .data                                    0x20000035   Section        5  jy901s_reg.o(.data)
    .data                                    0x2000003a   Section        5  jy901s_reg.o(.data)
    .data                                    0x2000003f   Section        5  jy901s_reg.o(.data)
    .data                                    0x20000044   Section        5  jy901s_reg.o(.data)
    .data                                    0x20000049   Section        5  jy901s_reg.o(.data)
    .data                                    0x20000050   Section        4  parameter.o(.data)
    .data                                    0x20000054   Section        4  parameter.o(.data)
    .data                                    0x20000058   Section        4  parameter.o(.data)
    .data                                    0x2000005c   Section        4  parameter.o(.data)
    .data                                    0x20000060   Section        4  parameter.o(.data)
    .data                                    0x20000064   Section        4  parameter.o(.data)
    .data                                    0x20000068   Section        4  parameter.o(.data)
    .data                                    0x2000006c   Section        4  delay.o(.data)
    us_Delay_CNT                             0x2000006c   Data           4  delay.o(.data)
    .data                                    0x20000070   Section       12  stm32f4xx_hal.o(.data)
    .data                                    0x2000007c   Section        4  system_stm32f4xx.o(.data)
    .bss                                     0x20000080   Section       72  adc.o(.bss)
    .bss                                     0x200000c8   Section       40  can.o(.bss)
    .bss                                     0x200000f0   Section      216  usart.o(.bss)
    .bss                                     0x200001c8   Section     1024  oled.o(.bss)
    .bss                                     0x200005c8   Section       58  rc_at9s_pro.o(.bss)
    ucRxBuffer                               0x200005c8   Data          25  rc_at9s_pro.o(.bss)
    .bss                                     0x20000604   Section      160  motor_m3508.o(.bss)
    .bss                                     0x200006a4   Section       16  motor_m3508.o(.bss)
    .bss                                     0x200006b4   Section      320  motor_pid.o(.bss)
    .bss                                     0x200007f4   Section      288  jy901s.o(.bss)
    ucRxBuffer                               0x200007f4   Data         250  jy901s.o(.bss)
    .bss                                     0x20000914   Section       72  communication.o(.bss)
    STACK                                    0x20000960   Section     1024  startup_stm32f427xx.o(STACK)

    Global Symbols

    Symbol Name                              Value     Ov Type        Size  Object(Section)

    BuildAttributes$$THM_ISAv4$E$P$D$K$B$S$7EM$VFPi3$EXTD16$VFPS$VFMA$PE$A:L22UL41UL21$X:L11$S22US41US21$IEEE1$IW$USESV6$~STKCKD$USESV7$~SHL$OTIME$ROPI$IEEEX$EBA8$MICROLIB$REQ8$PRES8$EABIv2 0x00000000   Number         0  anon$$obj.o ABSOLUTE
    __ARM_use_no_argv                        0x00000000   Number         0  main.o ABSOLUTE
    _printf_a                                0x00000000   Number         0  stubs.o ABSOLUTE
    _printf_c                                0x00000000   Number         0  stubs.o ABSOLUTE
    _printf_charcount                        0x00000000   Number         0  stubs.o ABSOLUTE
    _printf_d                                0x00000000   Number         0  stubs.o ABSOLUTE
    _printf_e                                0x00000000   Number         0  stubs.o ABSOLUTE
    _printf_f                                0x00000000   Number         0  stubs.o ABSOLUTE
    _printf_flags                            0x00000000   Number         0  stubs.o ABSOLUTE
    _printf_fp_dec                           0x00000000   Number         0  stubs.o ABSOLUTE
    _printf_fp_hex                           0x00000000   Number         0  stubs.o ABSOLUTE
    _printf_g                                0x00000000   Number         0  stubs.o ABSOLUTE
    _printf_i                                0x00000000   Number         0  stubs.o ABSOLUTE
    _printf_int_dec                          0x00000000   Number         0  stubs.o ABSOLUTE
    _printf_l                                0x00000000   Number         0  stubs.o ABSOLUTE
    _printf_lc                               0x00000000   Number         0  stubs.o ABSOLUTE
    _printf_ll                               0x00000000   Number         0  stubs.o ABSOLUTE
    _printf_lld                              0x00000000   Number         0  stubs.o ABSOLUTE
    _printf_lli                              0x00000000   Number         0  stubs.o ABSOLUTE
    _printf_llo                              0x00000000   Number         0  stubs.o ABSOLUTE
    _printf_llu                              0x00000000   Number         0  stubs.o ABSOLUTE
    _printf_llx                              0x00000000   Number         0  stubs.o ABSOLUTE
    _printf_longlong_dec                     0x00000000   Number         0  stubs.o ABSOLUTE
    _printf_longlong_hex                     0x00000000   Number         0  stubs.o ABSOLUTE
    _printf_longlong_oct                     0x00000000   Number         0  stubs.o ABSOLUTE
    _printf_ls                               0x00000000   Number         0  stubs.o ABSOLUTE
    _printf_mbtowc                           0x00000000   Number         0  stubs.o ABSOLUTE
    _printf_n                                0x00000000   Number         0  stubs.o ABSOLUTE
    _printf_o                                0x00000000   Number         0  stubs.o ABSOLUTE
    _printf_p                                0x00000000   Number         0  stubs.o ABSOLUTE
    _printf_percent                          0x00000000   Number         0  stubs.o ABSOLUTE
    _printf_pre_padding                      0x00000000   Number         0  stubs.o ABSOLUTE
    _printf_return_value                     0x00000000   Number         0  stubs.o ABSOLUTE
    _printf_s                                0x00000000   Number         0  stubs.o ABSOLUTE
    _printf_sizespec                         0x00000000   Number         0  stubs.o ABSOLUTE
    _printf_str                              0x00000000   Number         0  stubs.o ABSOLUTE
    _printf_truncate_signed                  0x00000000   Number         0  stubs.o ABSOLUTE
    _printf_truncate_unsigned                0x00000000   Number         0  stubs.o ABSOLUTE
    _printf_u                                0x00000000   Number         0  stubs.o ABSOLUTE
    _printf_wc                               0x00000000   Number         0  stubs.o ABSOLUTE
    _printf_wctomb                           0x00000000   Number         0  stubs.o ABSOLUTE
    _printf_widthprec                        0x00000000   Number         0  stubs.o ABSOLUTE
    _printf_x                                0x00000000   Number         0  stubs.o ABSOLUTE
    __cpp_initialize__aeabi_                  - Undefined Weak Reference
    __cxa_finalize                            - Undefined Weak Reference
    __decompress                              - Undefined Weak Reference
    _clock_init                               - Undefined Weak Reference
    _microlib_exit                            - Undefined Weak Reference
    __Vectors_Size                           0x000001ac   Number         0  startup_stm32f427xx.o ABSOLUTE
    __Vectors                                0x08000000   Data           4  startup_stm32f427xx.o(RESET)
    __Vectors_End                            0x080001ac   Data           0  startup_stm32f427xx.o(RESET)
    __main                                   0x080001ad   Thumb Code     0  entry.o(.ARM.Collect$$$$00000000)
    _main_stk                                0x080001ad   Thumb Code     0  entry2.o(.ARM.Collect$$$$00000001)
    _main_scatterload                        0x080001b1   Thumb Code     0  entry5.o(.ARM.Collect$$$$00000004)
    __main_after_scatterload                 0x080001b5   Thumb Code     0  entry5.o(.ARM.Collect$$$$00000004)
    _main_clock                              0x080001b5   Thumb Code     0  entry7b.o(.ARM.Collect$$$$00000008)
    _main_cpp_init                           0x080001b5   Thumb Code     0  entry8b.o(.ARM.Collect$$$$0000000A)
    _main_init                               0x080001b5   Thumb Code     0  entry9a.o(.ARM.Collect$$$$0000000B)
    __rt_final_cpp                           0x080001bd   Thumb Code     0  entry10a.o(.ARM.Collect$$$$0000000D)
    __rt_final_exit                          0x080001bd   Thumb Code     0  entry11a.o(.ARM.Collect$$$$0000000F)
    Reset_Handler                            0x080001c1   Thumb Code     8  startup_stm32f427xx.o(.text)
    CAN1_RX1_IRQHandler                      0x080001db   Thumb Code     0  startup_stm32f427xx.o(.text)
    CAN1_SCE_IRQHandler                      0x080001db   Thumb Code     0  startup_stm32f427xx.o(.text)
    CAN1_TX_IRQHandler                       0x080001db   Thumb Code     0  startup_stm32f427xx.o(.text)
    CAN2_RX0_IRQHandler                      0x080001db   Thumb Code     0  startup_stm32f427xx.o(.text)
    CAN2_RX1_IRQHandler                      0x080001db   Thumb Code     0  startup_stm32f427xx.o(.text)
    CAN2_SCE_IRQHandler                      0x080001db   Thumb Code     0  startup_stm32f427xx.o(.text)
    CAN2_TX_IRQHandler                       0x080001db   Thumb Code     0  startup_stm32f427xx.o(.text)
    DCMI_IRQHandler                          0x080001db   Thumb Code     0  startup_stm32f427xx.o(.text)
    DMA1_Stream0_IRQHandler                  0x080001db   Thumb Code     0  startup_stm32f427xx.o(.text)
    DMA1_Stream1_IRQHandler                  0x080001db   Thumb Code     0  startup_stm32f427xx.o(.text)
    DMA1_Stream2_IRQHandler                  0x080001db   Thumb Code     0  startup_stm32f427xx.o(.text)
    DMA1_Stream3_IRQHandler                  0x080001db   Thumb Code     0  startup_stm32f427xx.o(.text)
    DMA1_Stream4_IRQHandler                  0x080001db   Thumb Code     0  startup_stm32f427xx.o(.text)
    DMA1_Stream5_IRQHandler                  0x080001db   Thumb Code     0  startup_stm32f427xx.o(.text)
    DMA1_Stream6_IRQHandler                  0x080001db   Thumb Code     0  startup_stm32f427xx.o(.text)
    DMA1_Stream7_IRQHandler                  0x080001db   Thumb Code     0  startup_stm32f427xx.o(.text)
    DMA2D_IRQHandler                         0x080001db   Thumb Code     0  startup_stm32f427xx.o(.text)
    DMA2_Stream0_IRQHandler                  0x080001db   Thumb Code     0  startup_stm32f427xx.o(.text)
    DMA2_Stream1_IRQHandler                  0x080001db   Thumb Code     0  startup_stm32f427xx.o(.text)
    DMA2_Stream2_IRQHandler                  0x080001db   Thumb Code     0  startup_stm32f427xx.o(.text)
    DMA2_Stream3_IRQHandler                  0x080001db   Thumb Code     0  startup_stm32f427xx.o(.text)
    DMA2_Stream4_IRQHandler                  0x080001db   Thumb Code     0  startup_stm32f427xx.o(.text)
    DMA2_Stream5_IRQHandler                  0x080001db   Thumb Code     0  startup_stm32f427xx.o(.text)
    DMA2_Stream6_IRQHandler                  0x080001db   Thumb Code     0  startup_stm32f427xx.o(.text)
    DMA2_Stream7_IRQHandler                  0x080001db   Thumb Code     0  startup_stm32f427xx.o(.text)
    ETH_IRQHandler                           0x080001db   Thumb Code     0  startup_stm32f427xx.o(.text)
    ETH_WKUP_IRQHandler                      0x080001db   Thumb Code     0  startup_stm32f427xx.o(.text)
    EXTI0_IRQHandler                         0x080001db   Thumb Code     0  startup_stm32f427xx.o(.text)
    EXTI15_10_IRQHandler                     0x080001db   Thumb Code     0  startup_stm32f427xx.o(.text)
    EXTI1_IRQHandler                         0x080001db   Thumb Code     0  startup_stm32f427xx.o(.text)
    EXTI3_IRQHandler                         0x080001db   Thumb Code     0  startup_stm32f427xx.o(.text)
    EXTI4_IRQHandler                         0x080001db   Thumb Code     0  startup_stm32f427xx.o(.text)
    EXTI9_5_IRQHandler                       0x080001db   Thumb Code     0  startup_stm32f427xx.o(.text)
    FLASH_IRQHandler                         0x080001db   Thumb Code     0  startup_stm32f427xx.o(.text)
    FMC_IRQHandler                           0x080001db   Thumb Code     0  startup_stm32f427xx.o(.text)
    FPU_IRQHandler                           0x080001db   Thumb Code     0  startup_stm32f427xx.o(.text)
    HASH_RNG_IRQHandler                      0x080001db   Thumb Code     0  startup_stm32f427xx.o(.text)
    I2C1_ER_IRQHandler                       0x080001db   Thumb Code     0  startup_stm32f427xx.o(.text)
    I2C1_EV_IRQHandler                       0x080001db   Thumb Code     0  startup_stm32f427xx.o(.text)
    I2C2_ER_IRQHandler                       0x080001db   Thumb Code     0  startup_stm32f427xx.o(.text)
    I2C2_EV_IRQHandler                       0x080001db   Thumb Code     0  startup_stm32f427xx.o(.text)
    I2C3_ER_IRQHandler                       0x080001db   Thumb Code     0  startup_stm32f427xx.o(.text)
    I2C3_EV_IRQHandler                       0x080001db   Thumb Code     0  startup_stm32f427xx.o(.text)
    OTG_FS_IRQHandler                        0x080001db   Thumb Code     0  startup_stm32f427xx.o(.text)
    OTG_FS_WKUP_IRQHandler                   0x080001db   Thumb Code     0  startup_stm32f427xx.o(.text)
    OTG_HS_EP1_IN_IRQHandler                 0x080001db   Thumb Code     0  startup_stm32f427xx.o(.text)
    OTG_HS_EP1_OUT_IRQHandler                0x080001db   Thumb Code     0  startup_stm32f427xx.o(.text)
    OTG_HS_IRQHandler                        0x080001db   Thumb Code     0  startup_stm32f427xx.o(.text)
    OTG_HS_WKUP_IRQHandler                   0x080001db   Thumb Code     0  startup_stm32f427xx.o(.text)
    PVD_IRQHandler                           0x080001db   Thumb Code     0  startup_stm32f427xx.o(.text)
    RCC_IRQHandler                           0x080001db   Thumb Code     0  startup_stm32f427xx.o(.text)
    RTC_Alarm_IRQHandler                     0x080001db   Thumb Code     0  startup_stm32f427xx.o(.text)
    RTC_WKUP_IRQHandler                      0x080001db   Thumb Code     0  startup_stm32f427xx.o(.text)
    SAI1_IRQHandler                          0x080001db   Thumb Code     0  startup_stm32f427xx.o(.text)
    SDIO_IRQHandler                          0x080001db   Thumb Code     0  startup_stm32f427xx.o(.text)
    SPI1_IRQHandler                          0x080001db   Thumb Code     0  startup_stm32f427xx.o(.text)
    SPI2_IRQHandler                          0x080001db   Thumb Code     0  startup_stm32f427xx.o(.text)
    SPI3_IRQHandler                          0x080001db   Thumb Code     0  startup_stm32f427xx.o(.text)
    SPI4_IRQHandler                          0x080001db   Thumb Code     0  startup_stm32f427xx.o(.text)
    SPI5_IRQHandler                          0x080001db   Thumb Code     0  startup_stm32f427xx.o(.text)
    SPI6_IRQHandler                          0x080001db   Thumb Code     0  startup_stm32f427xx.o(.text)
    TAMP_STAMP_IRQHandler                    0x080001db   Thumb Code     0  startup_stm32f427xx.o(.text)
    TIM1_BRK_TIM9_IRQHandler                 0x080001db   Thumb Code     0  startup_stm32f427xx.o(.text)
    TIM1_CC_IRQHandler                       0x080001db   Thumb Code     0  startup_stm32f427xx.o(.text)
    TIM1_TRG_COM_TIM11_IRQHandler            0x080001db   Thumb Code     0  startup_stm32f427xx.o(.text)
    TIM1_UP_TIM10_IRQHandler                 0x080001db   Thumb Code     0  startup_stm32f427xx.o(.text)
    TIM2_IRQHandler                          0x080001db   Thumb Code     0  startup_stm32f427xx.o(.text)
    TIM3_IRQHandler                          0x080001db   Thumb Code     0  startup_stm32f427xx.o(.text)
    TIM4_IRQHandler                          0x080001db   Thumb Code     0  startup_stm32f427xx.o(.text)
    TIM5_IRQHandler                          0x080001db   Thumb Code     0  startup_stm32f427xx.o(.text)
    TIM6_DAC_IRQHandler                      0x080001db   Thumb Code     0  startup_stm32f427xx.o(.text)
    TIM7_IRQHandler                          0x080001db   Thumb Code     0  startup_stm32f427xx.o(.text)
    TIM8_BRK_TIM12_IRQHandler                0x080001db   Thumb Code     0  startup_stm32f427xx.o(.text)
    TIM8_CC_IRQHandler                       0x080001db   Thumb Code     0  startup_stm32f427xx.o(.text)
    TIM8_TRG_COM_TIM14_IRQHandler            0x080001db   Thumb Code     0  startup_stm32f427xx.o(.text)
    TIM8_UP_TIM13_IRQHandler                 0x080001db   Thumb Code     0  startup_stm32f427xx.o(.text)
    UART4_IRQHandler                         0x080001db   Thumb Code     0  startup_stm32f427xx.o(.text)
    UART5_IRQHandler                         0x080001db   Thumb Code     0  startup_stm32f427xx.o(.text)
    UART7_IRQHandler                         0x080001db   Thumb Code     0  startup_stm32f427xx.o(.text)
    USART2_IRQHandler                        0x080001db   Thumb Code     0  startup_stm32f427xx.o(.text)
    USART3_IRQHandler                        0x080001db   Thumb Code     0  startup_stm32f427xx.o(.text)
    WWDG_IRQHandler                          0x080001db   Thumb Code     0  startup_stm32f427xx.o(.text)
    __aeabi_uldivmod                         0x080001e5   Thumb Code    98  uldiv.o(.text)
    __aeabi_memset                           0x08000247   Thumb Code    14  memseta.o(.text)
    __aeabi_memset4                          0x08000247   Thumb Code     0  memseta.o(.text)
    __aeabi_memset8                          0x08000247   Thumb Code     0  memseta.o(.text)
    __aeabi_memclr                           0x08000255   Thumb Code     4  memseta.o(.text)
    __aeabi_memclr4                          0x08000255   Thumb Code     0  memseta.o(.text)
    __aeabi_memclr8                          0x08000255   Thumb Code     0  memseta.o(.text)
    _memset$wrapper                          0x08000259   Thumb Code    18  memseta.o(.text)
    __aeabi_dmul                             0x0800026b   Thumb Code   228  dmul.o(.text)
    __aeabi_i2d                              0x0800034f   Thumb Code    34  dflti.o(.text)
    __aeabi_d2f                              0x08000371   Thumb Code    56  d2f.o(.text)
    __aeabi_llsl                             0x080003a9   Thumb Code    30  llshl.o(.text)
    _ll_shift_l                              0x080003a9   Thumb Code     0  llshl.o(.text)
    __aeabi_llsr                             0x080003c7   Thumb Code    32  llushr.o(.text)
    _ll_ushift_r                             0x080003c7   Thumb Code     0  llushr.o(.text)
    __I$use$fp                               0x080003e7   Thumb Code     0  iusefp.o(.text)
    _float_round                             0x080003e7   Thumb Code    18  fepilogue.o(.text)
    _float_epilogue                          0x080003f9   Thumb Code    92  fepilogue.o(.text)
    _double_round                            0x08000455   Thumb Code    30  depilogue.o(.text)
    _double_epilogue                         0x08000473   Thumb Code   156  depilogue.o(.text)
    __scatterload                            0x08000511   Thumb Code    28  init.o(.text)
    __scatterload_rt2                        0x08000511   Thumb Code     0  init.o(.text)
    ADC_IRQHandler                           0x08000535   Thumb Code     6  stm32f4xx_it.o(i.ADC_IRQHandler)
    BusFault_Handler                         0x08000669   Thumb Code     2  stm32f4xx_it.o(i.BusFault_Handler)
    CAN1_RX0_IRQHandler                      0x0800066d   Thumb Code     6  stm32f4xx_it.o(i.CAN1_RX0_IRQHandler)
    Can_Filter_Init                          0x08000679   Thumb Code    52  motor_m3508.o(i.Can_Filter_Init)
    DebugMon_Handler                         0x080006b1   Thumb Code     2  stm32f4xx_it.o(i.DebugMon_Handler)
    Delay_Init                               0x080006b5   Thumb Code     6  delay.o(i.Delay_Init)
    EXTI2_IRQHandler                         0x080006c1   Thumb Code     6  stm32f4xx_it.o(i.EXTI2_IRQHandler)
    Error_Handler                            0x080006c7   Thumb Code     4  main.o(i.Error_Handler)
    Get_Motor_Data                           0x080006cd   Thumb Code   186  motor_m3508.o(i.Get_Motor_Data)
    Get_Motor_Measure_Pointer                0x08000799   Thumb Code    16  motor_m3508.o(i.Get_Motor_Measure_Pointer)
    Get_Motor_Offset                         0x080007ad   Thumb Code    18  motor_m3508.o(i.Get_Motor_Offset)
    HAL_ADCEx_InjectedConvCpltCallback       0x080007c5   Thumb Code     2  stm32f4xx_hal_adc_ex.o(i.HAL_ADCEx_InjectedConvCpltCallback)
    HAL_ADC_ConfigChannel                    0x080007c9   Thumb Code   334  stm32f4xx_hal_adc.o(i.HAL_ADC_ConfigChannel)
    HAL_ADC_ConvCpltCallback                 0x0800092d   Thumb Code    30  stm32f4xx_it.o(i.HAL_ADC_ConvCpltCallback)
    HAL_ADC_ErrorCallback                    0x08000959   Thumb Code     2  stm32f4xx_hal_adc.o(i.HAL_ADC_ErrorCallback)
    HAL_ADC_GetValue                         0x0800095b   Thumb Code     6  stm32f4xx_hal_adc.o(i.HAL_ADC_GetValue)
    HAL_ADC_IRQHandler                       0x08000961   Thumb Code   302  stm32f4xx_hal_adc.o(i.HAL_ADC_IRQHandler)
    HAL_ADC_Init                             0x08000a8f   Thumb Code    84  stm32f4xx_hal_adc.o(i.HAL_ADC_Init)
    HAL_ADC_LevelOutOfWindowCallback         0x08000ae3   Thumb Code     2  stm32f4xx_hal_adc.o(i.HAL_ADC_LevelOutOfWindowCallback)
    HAL_ADC_MspInit                          0x08000ae5   Thumb Code   100  adc.o(i.HAL_ADC_MspInit)
    HAL_ADC_Start_IT                         0x08000b55   Thumb Code   238  stm32f4xx_hal_adc.o(i.HAL_ADC_Start_IT)
    HAL_CAN_ActivateNotification             0x08000c61   Thumb Code    36  stm32f4xx_hal_can.o(i.HAL_CAN_ActivateNotification)
    HAL_CAN_AddTxMessage                     0x08000c85   Thumb Code   188  stm32f4xx_hal_can.o(i.HAL_CAN_AddTxMessage)
    HAL_CAN_ConfigFilter                     0x08000d41   Thumb Code   262  stm32f4xx_hal_can.o(i.HAL_CAN_ConfigFilter)
    HAL_CAN_ErrorCallback                    0x08000e4d   Thumb Code     2  stm32f4xx_hal_can.o(i.HAL_CAN_ErrorCallback)
    HAL_CAN_GetRxMessage                     0x08000e4f   Thumb Code   244  stm32f4xx_hal_can.o(i.HAL_CAN_GetRxMessage)
    HAL_CAN_IRQHandler                       0x08000f43   Thumb Code   508  stm32f4xx_hal_can.o(i.HAL_CAN_IRQHandler)
    HAL_CAN_Init                             0x0800113f   Thumb Code   282  stm32f4xx_hal_can.o(i.HAL_CAN_Init)
    HAL_CAN_MspInit                          0x08001259   Thumb Code   106  can.o(i.HAL_CAN_MspInit)
    HAL_CAN_RxFifo0FullCallback              0x080012d1   Thumb Code     2  stm32f4xx_hal_can.o(i.HAL_CAN_RxFifo0FullCallback)
    HAL_CAN_RxFifo0MsgPendingCallback        0x080012d5   Thumb Code   124  motor_m3508.o(i.HAL_CAN_RxFifo0MsgPendingCallback)
    HAL_CAN_RxFifo1FullCallback              0x0800135d   Thumb Code     2  stm32f4xx_hal_can.o(i.HAL_CAN_RxFifo1FullCallback)
    HAL_CAN_RxFifo1MsgPendingCallback        0x0800135f   Thumb Code     2  stm32f4xx_hal_can.o(i.HAL_CAN_RxFifo1MsgPendingCallback)
    HAL_CAN_SleepCallback                    0x08001361   Thumb Code     2  stm32f4xx_hal_can.o(i.HAL_CAN_SleepCallback)
    HAL_CAN_Start                            0x08001365   Thumb Code    88  stm32f4xx_hal_can.o(i.HAL_CAN_Start)
    HAL_CAN_TxMailbox0AbortCallback          0x080013bd   Thumb Code     2  stm32f4xx_hal_can.o(i.HAL_CAN_TxMailbox0AbortCallback)
    HAL_CAN_TxMailbox0CompleteCallback       0x080013bf   Thumb Code     2  stm32f4xx_hal_can.o(i.HAL_CAN_TxMailbox0CompleteCallback)
    HAL_CAN_TxMailbox1AbortCallback          0x080013c1   Thumb Code     2  stm32f4xx_hal_can.o(i.HAL_CAN_TxMailbox1AbortCallback)
    HAL_CAN_TxMailbox1CompleteCallback       0x080013c3   Thumb Code     2  stm32f4xx_hal_can.o(i.HAL_CAN_TxMailbox1CompleteCallback)
    HAL_CAN_TxMailbox2AbortCallback          0x080013c5   Thumb Code     2  stm32f4xx_hal_can.o(i.HAL_CAN_TxMailbox2AbortCallback)
    HAL_CAN_TxMailbox2CompleteCallback       0x080013c7   Thumb Code     2  stm32f4xx_hal_can.o(i.HAL_CAN_TxMailbox2CompleteCallback)
    HAL_CAN_WakeUpFromRxMsgCallback          0x080013c9   Thumb Code     2  stm32f4xx_hal_can.o(i.HAL_CAN_WakeUpFromRxMsgCallback)
    HAL_DMA_Abort                            0x080013cb   Thumb Code   146  stm32f4xx_hal_dma.o(i.HAL_DMA_Abort)
    HAL_DMA_Abort_IT                         0x0800145d   Thumb Code    36  stm32f4xx_hal_dma.o(i.HAL_DMA_Abort_IT)
    HAL_Delay                                0x08001481   Thumb Code    32  stm32f4xx_hal.o(i.HAL_Delay)
    HAL_GPIO_EXTI_Callback                   0x080014a5   Thumb Code    12  stm32f4xx_it.o(i.HAL_GPIO_EXTI_Callback)
    HAL_GPIO_EXTI_IRQHandler                 0x080014b5   Thumb Code    18  stm32f4xx_hal_gpio.o(i.HAL_GPIO_EXTI_IRQHandler)
    HAL_GPIO_Init                            0x080014cd   Thumb Code   510  stm32f4xx_hal_gpio.o(i.HAL_GPIO_Init)
    HAL_GPIO_WritePin                        0x08001701   Thumb Code    10  stm32f4xx_hal_gpio.o(i.HAL_GPIO_WritePin)
    HAL_GetTick                              0x0800170d   Thumb Code     6  stm32f4xx_hal.o(i.HAL_GetTick)
    HAL_IncTick                              0x08001719   Thumb Code    12  stm32f4xx_hal.o(i.HAL_IncTick)
    HAL_Init                                 0x08001729   Thumb Code    48  stm32f4xx_hal.o(i.HAL_Init)
    HAL_InitTick                             0x0800175d   Thumb Code    54  stm32f4xx_hal.o(i.HAL_InitTick)
    HAL_MspInit                              0x0800179d   Thumb Code    42  stm32f4xx_hal_msp.o(i.HAL_MspInit)
    HAL_NVIC_EnableIRQ                       0x080017cd   Thumb Code    26  stm32f4xx_hal_cortex.o(i.HAL_NVIC_EnableIRQ)
    HAL_NVIC_SetPriority                     0x080017e9   Thumb Code    60  stm32f4xx_hal_cortex.o(i.HAL_NVIC_SetPriority)
    HAL_NVIC_SetPriorityGrouping             0x08001829   Thumb Code    26  stm32f4xx_hal_cortex.o(i.HAL_NVIC_SetPriorityGrouping)
    HAL_PWREx_EnableOverDrive                0x0800184d   Thumb Code    98  stm32f4xx_hal_pwr_ex.o(i.HAL_PWREx_EnableOverDrive)
    HAL_RCC_ClockConfig                      0x080018bd   Thumb Code   288  stm32f4xx_hal_rcc.o(i.HAL_RCC_ClockConfig)
    HAL_RCC_GetPCLK1Freq                     0x080019f1   Thumb Code    20  stm32f4xx_hal_rcc.o(i.HAL_RCC_GetPCLK1Freq)
    HAL_RCC_GetPCLK2Freq                     0x08001a11   Thumb Code    20  stm32f4xx_hal_rcc.o(i.HAL_RCC_GetPCLK2Freq)
    HAL_RCC_GetSysClockFreq                  0x08001a31   Thumb Code    88  stm32f4xx_hal_rcc.o(i.HAL_RCC_GetSysClockFreq)
    HAL_RCC_OscConfig                        0x08001a95   Thumb Code   856  stm32f4xx_hal_rcc.o(i.HAL_RCC_OscConfig)
    HAL_SYSTICK_Config                       0x08001e01   Thumb Code    40  stm32f4xx_hal_cortex.o(i.HAL_SYSTICK_Config)
    HAL_UARTEx_RxEventCallback               0x08001e29   Thumb Code     2  stm32f4xx_hal_uart.o(i.HAL_UARTEx_RxEventCallback)
    HAL_UART_ErrorCallback                   0x08001e2b   Thumb Code     2  stm32f4xx_hal_uart.o(i.HAL_UART_ErrorCallback)
    HAL_UART_IRQHandler                      0x08001e2d   Thumb Code   618  stm32f4xx_hal_uart.o(i.HAL_UART_IRQHandler)
    HAL_UART_Init                            0x0800209d   Thumb Code   100  stm32f4xx_hal_uart.o(i.HAL_UART_Init)
    HAL_UART_MspInit                         0x08002101   Thumb Code   258  usart.o(i.HAL_UART_MspInit)
    HAL_UART_Receive_IT                      0x08002221   Thumb Code    28  stm32f4xx_hal_uart.o(i.HAL_UART_Receive_IT)
    HAL_UART_RxCpltCallback                  0x0800223d   Thumb Code    80  stm32f4xx_it.o(i.HAL_UART_RxCpltCallback)
    HAL_UART_Transmit                        0x080022b1   Thumb Code   160  stm32f4xx_hal_uart.o(i.HAL_UART_Transmit)
    HAL_UART_TxCpltCallback                  0x08002351   Thumb Code     2  stm32f4xx_hal_uart.o(i.HAL_UART_TxCpltCallback)
    HardFault_Handler                        0x08002353   Thumb Code     2  stm32f4xx_it.o(i.HardFault_Handler)
    JY901S_Init                              0x08002355   Thumb Code    98  jy901s.o(i.JY901S_Init)
    JY901S_Judge_Data                        0x080023d5   Thumb Code   360  jy901s.o(i.JY901S_Judge_Data)
    KEY_Init                                 0x08002565   Thumb Code     8  key.o(i.KEY_Init)
    LED_Green                                0x08002571   Thumb Code    22  led.o(i.LED_Green)
    LED_Init                                 0x0800258d   Thumb Code    18  led.o(i.LED_Init)
    LED_Red                                  0x080025a1   Thumb Code    22  led.o(i.LED_Red)
    MX_ADC1_Init                             0x080025bd   Thumb Code    88  adc.o(i.MX_ADC1_Init)
    MX_CAN1_Init                             0x08002621   Thumb Code    58  can.o(i.MX_CAN1_Init)
    MX_GPIO_Init                             0x08002665   Thumb Code   330  gpio.o(i.MX_GPIO_Init)
    MX_UART8_Init                            0x080027c9   Thumb Code    48  usart.o(i.MX_UART8_Init)
    MX_USART1_UART_Init                      0x08002801   Thumb Code    54  usart.o(i.MX_USART1_UART_Init)
    MX_USART6_UART_Init                      0x08002845   Thumb Code    48  usart.o(i.MX_USART6_UART_Init)
    MemManage_Handler                        0x0800287d   Thumb Code     2  stm32f4xx_it.o(i.MemManage_Handler)
    Motor_PID_Init                           0x08002949   Thumb Code    14  motor_pid.o(i.Motor_PID_Init)
    Motor_Preferred_Init                     0x080029c9   Thumb Code    32  motor_m3508.o(i.Motor_Preferred_Init)
    Motor_Preferred_Set_I                    0x080029ed   Thumb Code    64  motor_m3508.o(i.Motor_Preferred_Set_I)
    Motor_Preferred_Set_V                    0x08002a35   Thumb Code   172  motor_pid.o(i.Motor_Preferred_Set_V)
    NMI_Handler                              0x08002aed   Thumb Code     2  stm32f4xx_it.o(i.NMI_Handler)
    OLED_Button_Init                         0x08002af1   Thumb Code     6  oled_button.o(i.OLED_Button_Init)
    OLED_Clear                               0x08002afd   Thumb Code    34  oled.o(i.OLED_Clear)
    OLED_Init                                0x08002b25   Thumb Code   188  oled.o(i.OLED_Init)
    OLED_SendByte                            0x08002be1   Thumb Code    44  oled.o(i.OLED_SendByte)
    OLED_SetCursor                           0x08002c0d   Thumb Code    36  oled.o(i.OLED_SetCursor)
    OLED_Update                              0x08002c31   Thumb Code    34  oled.o(i.OLED_Update)
    OLED_W_D0                                0x08002c59   Thumb Code    10  oled.o(i.OLED_W_D0)
    OLED_W_D1                                0x08002c69   Thumb Code    10  oled.o(i.OLED_W_D1)
    OLED_W_DC                                0x08002c79   Thumb Code    12  oled.o(i.OLED_W_DC)
    OLED_W_RES                               0x08002c89   Thumb Code    12  oled.o(i.OLED_W_RES)
    OLED_WriteCommand                        0x08002c99   Thumb Code    20  oled.o(i.OLED_WriteCommand)
    OLED_WriteData                           0x08002cad   Thumb Code    32  oled.o(i.OLED_WriteData)
    PendSV_Handler                           0x08002ccd   Thumb Code     2  stm32f4xx_it.o(i.PendSV_Handler)
    Power_Init                               0x08002cd1   Thumb Code    48  power.o(i.Power_Init)
    RC_AT9S_Pro_Control                      0x08002d05   Thumb Code    42  robot.o(i.RC_AT9S_Pro_Control)
    RC_AT9S_Pro_Init                         0x08002d31   Thumb Code    10  rc_at9s_pro.o(i.RC_AT9S_Pro_Init)
    RC_AT9S_Pro_Judge_Data                   0x08002d45   Thumb Code   274  rc_at9s_pro.o(i.RC_AT9S_Pro_Judge_Data)
    Robot_Move                               0x08002e61   Thumb Code   116  robot.o(i.Robot_Move)
    SVC_Handler                              0x08002ef1   Thumb Code     2  stm32f4xx_it.o(i.SVC_Handler)
    SysTick_Handler                          0x08002ef3   Thumb Code     4  stm32f4xx_it.o(i.SysTick_Handler)
    SystemClock_Config                       0x08002ef9   Thumb Code   150  main.o(i.SystemClock_Config)
    SystemInit                               0x08002f99   Thumb Code    12  system_stm32f4xx.o(i.SystemInit)
    UART8_IRQHandler                         0x08002fa9   Thumb Code     6  stm32f4xx_it.o(i.UART8_IRQHandler)
    UART_Start_Receive_IT                    0x080031e1   Thumb Code    54  stm32f4xx_hal_uart.o(i.UART_Start_Receive_IT)
    USART1_IRQHandler                        0x08003289   Thumb Code     6  stm32f4xx_it.o(i.USART1_IRQHandler)
    USART6_IRQHandler                        0x08003295   Thumb Code     6  stm32f4xx_it.o(i.USART6_IRQHandler)
    USART6_Receive_Data                      0x080032a1   Thumb Code   236  communication.o(i.USART6_Receive_Data)
    UsageFault_Handler                       0x080033a1   Thumb Code     2  stm32f4xx_it.o(i.UsageFault_Handler)
    __scatterload_copy                       0x080033c3   Thumb Code    14  handlers.o(i.__scatterload_copy)
    __scatterload_null                       0x080033d1   Thumb Code     2  handlers.o(i.__scatterload_null)
    __scatterload_zeroinit                   0x080033d3   Thumb Code    14  handlers.o(i.__scatterload_zeroinit)
    main                                     0x080033e1   Thumb Code   194  main.o(i.main)
    map_to_float                             0x080034b5   Thumb Code    36  robot.o(i.map_to_float)
    AHBPrescTable                            0x080034e4   Data          16  system_stm32f4xx.o(.constdata)
    APBPrescTable                            0x080034f4   Data           8  system_stm32f4xx.o(.constdata)
    Region$$Table$$Base                      0x080034fc   Number         0  anon$$obj.o(Region$$Table)
    Region$$Table$$Limit                     0x0800351c   Number         0  anon$$obj.o(Region$$Table)
    KEY_Num                                  0x20000000   Data           1  key.o(.data)
    OLED_ButtonNum                           0x20000004   Data           1  oled_button.o(.data)
    OLED_Button_ADValue                      0x20000008   Data           4  oled_button.o(.data)
    SBUS_Data_AT9S_Pro                       0x2000000d   Data           8  rc_at9s_pro.o(.data)
    Preferred_Transmit_Data                  0x20000016   Data           8  motor_m3508.o(.data)
    PID                                      0x20000020   Data          12  motor_pid.o(.data)
    USART_Rx_Data_JY901S                     0x2000002d   Data           8  jy901s.o(.data)
    JY901S_Unlock_Istruction                 0x20000035   Data           5  jy901s_reg.o(.data)
    JY901S_Save_Configuration                0x2000003a   Data           5  jy901s_reg.o(.data)
    JY901S_Six_Axis_Algorithm                0x2000003f   Data           5  jy901s_reg.o(.data)
    JY901S_Return_Data_Ang_Vel               0x20000044   Data           5  jy901s_reg.o(.data)
    JY901S_Return_Rate_200_Hz                0x20000049   Data           5  jy901s_reg.o(.data)
    Motor_M3508_ID01_V                       0x20000050   Data           4  parameter.o(.data)
    Motor_M3508_ID02_V                       0x20000054   Data           4  parameter.o(.data)
    Motor_M3508_ID03_V                       0x20000058   Data           4  parameter.o(.data)
    Motor_M3508_ID04_V                       0x2000005c   Data           4  parameter.o(.data)
    Robot_Vcx                                0x20000060   Data           4  parameter.o(.data)
    Robot_Vcy                                0x20000064   Data           4  parameter.o(.data)
    Robot_Wc                                 0x20000068   Data           4  parameter.o(.data)
    uwTickFreq                               0x20000070   Data           1  stm32f4xx_hal.o(.data)
    uwTickPrio                               0x20000074   Data           4  stm32f4xx_hal.o(.data)
    uwTick                                   0x20000078   Data           4  stm32f4xx_hal.o(.data)
    SystemCoreClock                          0x2000007c   Data           4  system_stm32f4xx.o(.data)
    hadc1                                    0x20000080   Data          72  adc.o(.bss)
    hcan1                                    0x200000c8   Data          40  can.o(.bss)
    huart8                                   0x200000f0   Data          72  usart.o(.bss)
    huart1                                   0x20000138   Data          72  usart.o(.bss)
    huart6                                   0x20000180   Data          72  usart.o(.bss)
    OLED_DisplayBuf                          0x200001c8   Data        1024  oled.o(.bss)
    RC_AT9S_PRO_Data                         0x200005e2   Data          32  rc_at9s_pro.o(.bss)
    Motor_Preferred                          0x20000604   Data         160  motor_m3508.o(.bss)
    Motor_Data                               0x200006a4   Data          16  motor_m3508.o(.bss)
    Motor_PID                                0x200006b4   Data         320  motor_pid.o(.bss)
    JY901S_Data                              0x200008f0   Data          36  jy901s.o(.bss)
    Send_Data                                0x20000914   Data          26  communication.o(.bss)
    Receive_Data                             0x20000930   Data          44  communication.o(.bss)
    __initial_sp                             0x20000d60   Data           0  startup_stm32f427xx.o(STACK)



==============================================================================

Memory Map of the image

  Image Entry point : 0x080001ad

  Load Region LR_IROM1 (Base: 0x08000000, Size: 0x0000359c, Max: 0x00200000, ABSOLUTE)

    Execution Region ER_IROM1 (Exec base: 0x08000000, Load base: 0x08000000, Size: 0x0000351c, Max: 0x00200000, ABSOLUTE)

    Exec Addr    Load Addr    Size         Type   Attr      Idx    E Section Name        Object

    0x08000000   0x08000000   0x000001ac   Data   RO            3    RESET               startup_stm32f427xx.o
    0x080001ac   0x080001ac   0x00000000   Code   RO         3791  * .ARM.Collect$$$$00000000  mc_w.l(entry.o)
    0x080001ac   0x080001ac   0x00000004   Code   RO         4118    .ARM.Collect$$$$00000001  mc_w.l(entry2.o)
    0x080001b0   0x080001b0   0x00000004   Code   RO         4121    .ARM.Collect$$$$00000004  mc_w.l(entry5.o)
    0x080001b4   0x080001b4   0x00000000   Code   RO         4123    .ARM.Collect$$$$00000008  mc_w.l(entry7b.o)
    0x080001b4   0x080001b4   0x00000000   Code   RO         4125    .ARM.Collect$$$$0000000A  mc_w.l(entry8b.o)
    0x080001b4   0x080001b4   0x00000008   Code   RO         4126    .ARM.Collect$$$$0000000B  mc_w.l(entry9a.o)
    0x080001bc   0x080001bc   0x00000000   Code   RO         4128    .ARM.Collect$$$$0000000D  mc_w.l(entry10a.o)
    0x080001bc   0x080001bc   0x00000000   Code   RO         4130    .ARM.Collect$$$$0000000F  mc_w.l(entry11a.o)
    0x080001bc   0x080001bc   0x00000004   Code   RO         4119    .ARM.Collect$$$$00002712  mc_w.l(entry2.o)
    0x080001c0   0x080001c0   0x00000024   Code   RO            4    .text               startup_stm32f427xx.o
    0x080001e4   0x080001e4   0x00000062   Code   RO         3794    .text               mc_w.l(uldiv.o)
    0x08000246   0x08000246   0x00000024   Code   RO         3796    .text               mc_w.l(memseta.o)
    0x0800026a   0x0800026a   0x000000e4   Code   RO         4063    .text               mf_w.l(dmul.o)
    0x0800034e   0x0800034e   0x00000022   Code   RO         4069    .text               mf_w.l(dflti.o)
    0x08000370   0x08000370   0x00000038   Code   RO         4081    .text               mf_w.l(d2f.o)
    0x080003a8   0x080003a8   0x0000001e   Code   RO         4135    .text               mc_w.l(llshl.o)
    0x080003c6   0x080003c6   0x00000020   Code   RO         4137    .text               mc_w.l(llushr.o)
    0x080003e6   0x080003e6   0x00000000   Code   RO         4148    .text               mc_w.l(iusefp.o)
    0x080003e6   0x080003e6   0x0000006e   Code   RO         4149    .text               mf_w.l(fepilogue.o)
    0x08000454   0x08000454   0x000000ba   Code   RO         4151    .text               mf_w.l(depilogue.o)
    0x0800050e   0x0800050e   0x00000002   PAD
    0x08000510   0x08000510   0x00000024   Code   RO         4161    .text               mc_w.l(init.o)
    0x08000534   0x08000534   0x0000000c   Code   RO          404    i.ADC_IRQHandler    stm32f4xx_it.o
    0x08000540   0x08000540   0x00000128   Code   RO         1519    i.ADC_Init          stm32f4xx_hal_adc.o
    0x08000668   0x08000668   0x00000002   Code   RO          405    i.BusFault_Handler  stm32f4xx_it.o
    0x0800066a   0x0800066a   0x00000002   PAD
    0x0800066c   0x0800066c   0x0000000c   Code   RO          406    i.CAN1_RX0_IRQHandler  stm32f4xx_it.o
    0x08000678   0x08000678   0x00000038   Code   RO         1115    i.Can_Filter_Init   motor_m3508.o
    0x080006b0   0x080006b0   0x00000002   Code   RO          407    i.DebugMon_Handler  stm32f4xx_it.o
    0x080006b2   0x080006b2   0x00000002   PAD
    0x080006b4   0x080006b4   0x0000000c   Code   RO         1478    i.Delay_Init        delay.o
    0x080006c0   0x080006c0   0x00000006   Code   RO          408    i.EXTI2_IRQHandler  stm32f4xx_it.o
    0x080006c6   0x080006c6   0x00000004   Code   RO           13    i.Error_Handler     main.o
    0x080006ca   0x080006ca   0x00000002   PAD
    0x080006cc   0x080006cc   0x000000cc   Code   RO         1116    i.Get_Motor_Data    motor_m3508.o
    0x08000798   0x08000798   0x00000014   Code   RO         1117    i.Get_Motor_Measure_Pointer  motor_m3508.o
    0x080007ac   0x080007ac   0x00000018   Code   RO         1118    i.Get_Motor_Offset  motor_m3508.o
    0x080007c4   0x080007c4   0x00000002   Code   RO         1783    i.HAL_ADCEx_InjectedConvCpltCallback  stm32f4xx_hal_adc_ex.o
    0x080007c6   0x080007c6   0x00000002   PAD
    0x080007c8   0x080007c8   0x00000164   Code   RO         1521    i.HAL_ADC_ConfigChannel  stm32f4xx_hal_adc.o
    0x0800092c   0x0800092c   0x0000002c   Code   RO          409    i.HAL_ADC_ConvCpltCallback  stm32f4xx_it.o
    0x08000958   0x08000958   0x00000002   Code   RO         1525    i.HAL_ADC_ErrorCallback  stm32f4xx_hal_adc.o
    0x0800095a   0x0800095a   0x00000006   Code   RO         1528    i.HAL_ADC_GetValue  stm32f4xx_hal_adc.o
    0x08000960   0x08000960   0x0000012e   Code   RO         1529    i.HAL_ADC_IRQHandler  stm32f4xx_hal_adc.o
    0x08000a8e   0x08000a8e   0x00000054   Code   RO         1530    i.HAL_ADC_Init      stm32f4xx_hal_adc.o
    0x08000ae2   0x08000ae2   0x00000002   Code   RO         1531    i.HAL_ADC_LevelOutOfWindowCallback  stm32f4xx_hal_adc.o
    0x08000ae4   0x08000ae4   0x00000070   Code   RO          267    i.HAL_ADC_MspInit   adc.o
    0x08000b54   0x08000b54   0x0000010c   Code   RO         1538    i.HAL_ADC_Start_IT  stm32f4xx_hal_adc.o
    0x08000c60   0x08000c60   0x00000024   Code   RO         3108    i.HAL_CAN_ActivateNotification  stm32f4xx_hal_can.o
    0x08000c84   0x08000c84   0x000000bc   Code   RO         3109    i.HAL_CAN_AddTxMessage  stm32f4xx_hal_can.o
    0x08000d40   0x08000d40   0x0000010c   Code   RO         3110    i.HAL_CAN_ConfigFilter  stm32f4xx_hal_can.o
    0x08000e4c   0x08000e4c   0x00000002   Code   RO         3113    i.HAL_CAN_ErrorCallback  stm32f4xx_hal_can.o
    0x08000e4e   0x08000e4e   0x000000f4   Code   RO         3116    i.HAL_CAN_GetRxMessage  stm32f4xx_hal_can.o
    0x08000f42   0x08000f42   0x000001fc   Code   RO         3120    i.HAL_CAN_IRQHandler  stm32f4xx_hal_can.o
    0x0800113e   0x0800113e   0x0000011a   Code   RO         3121    i.HAL_CAN_Init      stm32f4xx_hal_can.o
    0x08001258   0x08001258   0x00000078   Code   RO          309    i.HAL_CAN_MspInit   can.o
    0x080012d0   0x080012d0   0x00000002   Code   RO         3128    i.HAL_CAN_RxFifo0FullCallback  stm32f4xx_hal_can.o
    0x080012d2   0x080012d2   0x00000002   PAD
    0x080012d4   0x080012d4   0x00000088   Code   RO         1119    i.HAL_CAN_RxFifo0MsgPendingCallback  motor_m3508.o
    0x0800135c   0x0800135c   0x00000002   Code   RO         3130    i.HAL_CAN_RxFifo1FullCallback  stm32f4xx_hal_can.o
    0x0800135e   0x0800135e   0x00000002   Code   RO         3131    i.HAL_CAN_RxFifo1MsgPendingCallback  stm32f4xx_hal_can.o
    0x08001360   0x08001360   0x00000002   Code   RO         3132    i.HAL_CAN_SleepCallback  stm32f4xx_hal_can.o
    0x08001362   0x08001362   0x00000002   PAD
    0x08001364   0x08001364   0x00000058   Code   RO         3133    i.HAL_CAN_Start     stm32f4xx_hal_can.o
    0x080013bc   0x080013bc   0x00000002   Code   RO         3135    i.HAL_CAN_TxMailbox0AbortCallback  stm32f4xx_hal_can.o
    0x080013be   0x080013be   0x00000002   Code   RO         3136    i.HAL_CAN_TxMailbox0CompleteCallback  stm32f4xx_hal_can.o
    0x080013c0   0x080013c0   0x00000002   Code   RO         3137    i.HAL_CAN_TxMailbox1AbortCallback  stm32f4xx_hal_can.o
    0x080013c2   0x080013c2   0x00000002   Code   RO         3138    i.HAL_CAN_TxMailbox1CompleteCallback  stm32f4xx_hal_can.o
    0x080013c4   0x080013c4   0x00000002   Code   RO         3139    i.HAL_CAN_TxMailbox2AbortCallback  stm32f4xx_hal_can.o
    0x080013c6   0x080013c6   0x00000002   Code   RO         3140    i.HAL_CAN_TxMailbox2CompleteCallback  stm32f4xx_hal_can.o
    0x080013c8   0x080013c8   0x00000002   Code   RO         3142    i.HAL_CAN_WakeUpFromRxMsgCallback  stm32f4xx_hal_can.o
    0x080013ca   0x080013ca   0x00000092   Code   RO         2401    i.HAL_DMA_Abort     stm32f4xx_hal_dma.o
    0x0800145c   0x0800145c   0x00000024   Code   RO         2402    i.HAL_DMA_Abort_IT  stm32f4xx_hal_dma.o
    0x08001480   0x08001480   0x00000024   Code   RO         2844    i.HAL_Delay         stm32f4xx_hal.o
    0x080014a4   0x080014a4   0x00000010   Code   RO          410    i.HAL_GPIO_EXTI_Callback  stm32f4xx_it.o
    0x080014b4   0x080014b4   0x00000018   Code   RO         2293    i.HAL_GPIO_EXTI_IRQHandler  stm32f4xx_hal_gpio.o
    0x080014cc   0x080014cc   0x00000234   Code   RO         2294    i.HAL_GPIO_Init     stm32f4xx_hal_gpio.o
    0x08001700   0x08001700   0x0000000a   Code   RO         2298    i.HAL_GPIO_WritePin  stm32f4xx_hal_gpio.o
    0x0800170a   0x0800170a   0x00000002   PAD
    0x0800170c   0x0800170c   0x0000000c   Code   RO         2852    i.HAL_GetTick       stm32f4xx_hal.o
    0x08001718   0x08001718   0x00000010   Code   RO         2858    i.HAL_IncTick       stm32f4xx_hal.o
    0x08001728   0x08001728   0x00000034   Code   RO         2859    i.HAL_Init          stm32f4xx_hal.o
    0x0800175c   0x0800175c   0x00000040   Code   RO         2860    i.HAL_InitTick      stm32f4xx_hal.o
    0x0800179c   0x0800179c   0x00000030   Code   RO          533    i.HAL_MspInit       stm32f4xx_hal_msp.o
    0x080017cc   0x080017cc   0x0000001a   Code   RO         2702    i.HAL_NVIC_EnableIRQ  stm32f4xx_hal_cortex.o
    0x080017e6   0x080017e6   0x00000002   PAD
    0x080017e8   0x080017e8   0x00000040   Code   RO         2708    i.HAL_NVIC_SetPriority  stm32f4xx_hal_cortex.o
    0x08001828   0x08001828   0x00000024   Code   RO         2709    i.HAL_NVIC_SetPriorityGrouping  stm32f4xx_hal_cortex.o
    0x0800184c   0x0800184c   0x00000070   Code   RO         2630    i.HAL_PWREx_EnableOverDrive  stm32f4xx_hal_pwr_ex.o
    0x080018bc   0x080018bc   0x00000134   Code   RO         1888    i.HAL_RCC_ClockConfig  stm32f4xx_hal_rcc.o
    0x080019f0   0x080019f0   0x00000020   Code   RO         1895    i.HAL_RCC_GetPCLK1Freq  stm32f4xx_hal_rcc.o
    0x08001a10   0x08001a10   0x00000020   Code   RO         1896    i.HAL_RCC_GetPCLK2Freq  stm32f4xx_hal_rcc.o
    0x08001a30   0x08001a30   0x00000064   Code   RO         1897    i.HAL_RCC_GetSysClockFreq  stm32f4xx_hal_rcc.o
    0x08001a94   0x08001a94   0x0000036c   Code   RO         1900    i.HAL_RCC_OscConfig  stm32f4xx_hal_rcc.o
    0x08001e00   0x08001e00   0x00000028   Code   RO         2713    i.HAL_SYSTICK_Config  stm32f4xx_hal_cortex.o
    0x08001e28   0x08001e28   0x00000002   Code   RO         3389    i.HAL_UARTEx_RxEventCallback  stm32f4xx_hal_uart.o
    0x08001e2a   0x08001e2a   0x00000002   Code   RO         3403    i.HAL_UART_ErrorCallback  stm32f4xx_hal_uart.o
    0x08001e2c   0x08001e2c   0x00000270   Code   RO         3406    i.HAL_UART_IRQHandler  stm32f4xx_hal_uart.o
    0x0800209c   0x0800209c   0x00000064   Code   RO         3407    i.HAL_UART_Init     stm32f4xx_hal_uart.o
    0x08002100   0x08002100   0x00000120   Code   RO          351    i.HAL_UART_MspInit  usart.o
    0x08002220   0x08002220   0x0000001c   Code   RO         3412    i.HAL_UART_Receive_IT  stm32f4xx_hal_uart.o
    0x0800223c   0x0800223c   0x00000074   Code   RO          411    i.HAL_UART_RxCpltCallback  stm32f4xx_it.o
    0x080022b0   0x080022b0   0x000000a0   Code   RO         3415    i.HAL_UART_Transmit  stm32f4xx_hal_uart.o
    0x08002350   0x08002350   0x00000002   Code   RO         3418    i.HAL_UART_TxCpltCallback  stm32f4xx_hal_uart.o
    0x08002352   0x08002352   0x00000002   Code   RO          412    i.HardFault_Handler  stm32f4xx_it.o
    0x08002354   0x08002354   0x00000080   Code   RO         1242    i.JY901S_Init       jy901s.o
    0x080023d4   0x080023d4   0x00000190   Code   RO         1243    i.JY901S_Judge_Data  jy901s.o
    0x08002564   0x08002564   0x0000000c   Code   RO          684    i.KEY_Init          key.o
    0x08002570   0x08002570   0x0000001c   Code   RO          557    i.LED_Green         led.o
    0x0800258c   0x0800258c   0x00000012   Code   RO          559    i.LED_Init          led.o
    0x0800259e   0x0800259e   0x00000002   PAD
    0x080025a0   0x080025a0   0x0000001c   Code   RO          560    i.LED_Red           led.o
    0x080025bc   0x080025bc   0x00000064   Code   RO          268    i.MX_ADC1_Init      adc.o
    0x08002620   0x08002620   0x00000044   Code   RO          310    i.MX_CAN1_Init      can.o
    0x08002664   0x08002664   0x00000164   Code   RO          242    i.MX_GPIO_Init      gpio.o
    0x080027c8   0x080027c8   0x00000038   Code   RO          352    i.MX_UART8_Init     usart.o
    0x08002800   0x08002800   0x00000044   Code   RO          353    i.MX_USART1_UART_Init  usart.o
    0x08002844   0x08002844   0x00000038   Code   RO          354    i.MX_USART6_UART_Init  usart.o
    0x0800287c   0x0800287c   0x00000002   Code   RO          413    i.MemManage_Handler  stm32f4xx_it.o
    0x0800287e   0x0800287e   0x000000c8   Code   RO         1183    i.Motor_PID_Calculate  motor_pid.o
    0x08002946   0x08002946   0x00000002   PAD
    0x08002948   0x08002948   0x0000001c   Code   RO         1184    i.Motor_PID_Init    motor_pid.o
    0x08002964   0x08002964   0x00000048   Code   RO         1185    i.Motor_PID_Param_Init  motor_pid.o
    0x080029ac   0x080029ac   0x0000001a   Code   RO         1186    i.Motor_PID_Reset   motor_pid.o
    0x080029c6   0x080029c6   0x00000002   PAD
    0x080029c8   0x080029c8   0x00000024   Code   RO         1120    i.Motor_Preferred_Init  motor_m3508.o
    0x080029ec   0x080029ec   0x00000048   Code   RO         1121    i.Motor_Preferred_Set_I  motor_m3508.o
    0x08002a34   0x08002a34   0x000000b8   Code   RO         1187    i.Motor_Preferred_Set_V  motor_pid.o
    0x08002aec   0x08002aec   0x00000002   Code   RO          414    i.NMI_Handler       stm32f4xx_it.o
    0x08002aee   0x08002aee   0x00000002   PAD
    0x08002af0   0x08002af0   0x0000000c   Code   RO          983    i.OLED_Button_Init  oled_button.o
    0x08002afc   0x08002afc   0x00000028   Code   RO          714    i.OLED_Clear        oled.o
    0x08002b24   0x08002b24   0x000000bc   Code   RO          724    i.OLED_Init         oled.o
    0x08002be0   0x08002be0   0x0000002c   Code   RO          730    i.OLED_SendByte     oled.o
    0x08002c0c   0x08002c0c   0x00000024   Code   RO          731    i.OLED_SetCursor    oled.o
    0x08002c30   0x08002c30   0x00000028   Code   RO          743    i.OLED_Update       oled.o
    0x08002c58   0x08002c58   0x00000010   Code   RO          745    i.OLED_W_D0         oled.o
    0x08002c68   0x08002c68   0x00000010   Code   RO          746    i.OLED_W_D1         oled.o
    0x08002c78   0x08002c78   0x00000010   Code   RO          747    i.OLED_W_DC         oled.o
    0x08002c88   0x08002c88   0x00000010   Code   RO          748    i.OLED_W_RES        oled.o
    0x08002c98   0x08002c98   0x00000014   Code   RO          749    i.OLED_WriteCommand  oled.o
    0x08002cac   0x08002cac   0x00000020   Code   RO          750    i.OLED_WriteData    oled.o
    0x08002ccc   0x08002ccc   0x00000002   Code   RO          415    i.PendSV_Handler    stm32f4xx_it.o
    0x08002cce   0x08002cce   0x00000002   PAD
    0x08002cd0   0x08002cd0   0x00000034   Code   RO         1054    i.Power_Init        power.o
    0x08002d04   0x08002d04   0x0000002a   Code   RO         1322    i.RC_AT9S_Pro_Control  robot.o
    0x08002d2e   0x08002d2e   0x00000002   PAD
    0x08002d30   0x08002d30   0x00000014   Code   RO         1078    i.RC_AT9S_Pro_Init  rc_at9s_pro.o
    0x08002d44   0x08002d44   0x0000011c   Code   RO         1079    i.RC_AT9S_Pro_Judge_Data  rc_at9s_pro.o
    0x08002e60   0x08002e60   0x00000090   Code   RO         1323    i.Robot_Move        robot.o
    0x08002ef0   0x08002ef0   0x00000002   Code   RO          416    i.SVC_Handler       stm32f4xx_it.o
    0x08002ef2   0x08002ef2   0x00000004   Code   RO          417    i.SysTick_Handler   stm32f4xx_it.o
    0x08002ef6   0x08002ef6   0x00000002   PAD
    0x08002ef8   0x08002ef8   0x000000a0   Code   RO           14    i.SystemClock_Config  main.o
    0x08002f98   0x08002f98   0x00000010   Code   RO         3741    i.SystemInit        system_stm32f4xx.o
    0x08002fa8   0x08002fa8   0x0000000c   Code   RO          418    i.UART8_IRQHandler  stm32f4xx_it.o
    0x08002fb4   0x08002fb4   0x00000010   Code   RO         3420    i.UART_DMAAbortOnError  stm32f4xx_hal_uart.o
    0x08002fc4   0x08002fc4   0x0000004e   Code   RO         3430    i.UART_EndRxTransfer  stm32f4xx_hal_uart.o
    0x08003012   0x08003012   0x000000c2   Code   RO         3432    i.UART_Receive_IT   stm32f4xx_hal_uart.o
    0x080030d4   0x080030d4   0x0000010c   Code   RO         3433    i.UART_SetConfig    stm32f4xx_hal_uart.o
    0x080031e0   0x080031e0   0x00000036   Code   RO         3435    i.UART_Start_Receive_IT  stm32f4xx_hal_uart.o
    0x08003216   0x08003216   0x00000072   Code   RO         3436    i.UART_WaitOnFlagUntilTimeout  stm32f4xx_hal_uart.o
    0x08003288   0x08003288   0x0000000c   Code   RO          419    i.USART1_IRQHandler  stm32f4xx_it.o
    0x08003294   0x08003294   0x0000000c   Code   RO          420    i.USART6_IRQHandler  stm32f4xx_it.o
    0x080032a0   0x080032a0   0x00000100   Code   RO         1359    i.USART6_Receive_Data  communication.o
    0x080033a0   0x080033a0   0x00000002   Code   RO          421    i.UsageFault_Handler  stm32f4xx_it.o
    0x080033a2   0x080033a2   0x00000020   Code   RO         2715    i.__NVIC_SetPriority  stm32f4xx_hal_cortex.o
    0x080033c2   0x080033c2   0x0000000e   Code   RO         4165    i.__scatterload_copy  mc_w.l(handlers.o)
    0x080033d0   0x080033d0   0x00000002   Code   RO         4166    i.__scatterload_null  mc_w.l(handlers.o)
    0x080033d2   0x080033d2   0x0000000e   Code   RO         4167    i.__scatterload_zeroinit  mc_w.l(handlers.o)
    0x080033e0   0x080033e0   0x000000d4   Code   RO           15    i.main              main.o
    0x080034b4   0x080034b4   0x00000030   Code   RO         1324    i.map_to_float      robot.o
    0x080034e4   0x080034e4   0x00000010   Data   RO         3742    .constdata          system_stm32f4xx.o
    0x080034f4   0x080034f4   0x00000008   Data   RO         3743    .constdata          system_stm32f4xx.o
    0x080034fc   0x080034fc   0x00000020   Data   RO         4163    Region$$Table       anon$$obj.o


    Execution Region RW_IRAM2 (Exec base: 0x10000000, Load base: 0x0800359c, Size: 0x00000000, Max: 0x00010000, ABSOLUTE)

    **** No section assigned to this execution region ****


    Execution Region RW_IRAM1 (Exec base: 0x20000000, Load base: 0x0800351c, Size: 0x00000d60, Max: 0x00030000, ABSOLUTE)

    Exec Addr    Load Addr    Size         Type   Attr      Idx    E Section Name        Object

    0x20000000   0x0800351c   0x00000001   Data   RW          685    .data               key.o
    0x20000001   0x0800351d   0x00000003   PAD
    0x20000004   0x08003520   0x00000008   Data   RW          984    .data               oled_button.o
    0x2000000c   0x08003528   0x00000009   Data   RW         1081    .data               rc_at9s_pro.o
    0x20000015   0x08003531   0x00000009   Data   RW         1124    .data               motor_m3508.o
    0x2000001e   0x0800353a   0x00000002   PAD
    0x20000020   0x0800353c   0x0000000c   Data   RW         1189    .data               motor_pid.o
    0x2000002c   0x08003548   0x00000009   Data   RW         1245    .data               jy901s.o
    0x20000035   0x08003551   0x00000005   Data   RW         1279    .data               jy901s_reg.o
    0x2000003a   0x08003556   0x00000005   Data   RW         1280    .data               jy901s_reg.o
    0x2000003f   0x0800355b   0x00000005   Data   RW         1282    .data               jy901s_reg.o
    0x20000044   0x08003560   0x00000005   Data   RW         1285    .data               jy901s_reg.o
    0x20000049   0x08003565   0x00000005   Data   RW         1297    .data               jy901s_reg.o
    0x2000004e   0x0800356a   0x00000002   PAD
    0x20000050   0x0800356c   0x00000004   Data   RW         1448    .data               parameter.o
    0x20000054   0x08003570   0x00000004   Data   RW         1449    .data               parameter.o
    0x20000058   0x08003574   0x00000004   Data   RW         1450    .data               parameter.o
    0x2000005c   0x08003578   0x00000004   Data   RW         1451    .data               parameter.o
    0x20000060   0x0800357c   0x00000004   Data   RW         1452    .data               parameter.o
    0x20000064   0x08003580   0x00000004   Data   RW         1453    .data               parameter.o
    0x20000068   0x08003584   0x00000004   Data   RW         1454    .data               parameter.o
    0x2000006c   0x08003588   0x00000004   Data   RW         1481    .data               delay.o
    0x20000070   0x0800358c   0x0000000c   Data   RW         2866    .data               stm32f4xx_hal.o
    0x2000007c   0x08003598   0x00000004   Data   RW         3744    .data               system_stm32f4xx.o
    0x20000080        -       0x00000048   Zero   RW          269    .bss                adc.o
    0x200000c8        -       0x00000028   Zero   RW          311    .bss                can.o
    0x200000f0        -       0x000000d8   Zero   RW          355    .bss                usart.o
    0x200001c8        -       0x00000400   Zero   RW          752    .bss                oled.o
    0x200005c8        -       0x0000003a   Zero   RW         1080    .bss                rc_at9s_pro.o
    0x20000602   0x0800359c   0x00000002   PAD
    0x20000604        -       0x000000a0   Zero   RW         1122    .bss                motor_m3508.o
    0x200006a4        -       0x00000010   Zero   RW         1123    .bss                motor_m3508.o
    0x200006b4        -       0x00000140   Zero   RW         1188    .bss                motor_pid.o
    0x200007f4        -       0x00000120   Zero   RW         1244    .bss                jy901s.o
    0x20000914        -       0x00000048   Zero   RW         1362    .bss                communication.o
    0x2000095c   0x0800359c   0x00000004   PAD
    0x20000960        -       0x00000400   Zero   RW            1    STACK               startup_stm32f427xx.o


==============================================================================

Image component sizes


      Code (inc. data)   RO Data    RW Data    ZI Data      Debug   Object Name

       212         24          0          0         72       1949   adc.o
       188         24          0          0         40       1933   can.o
       256         20          0          0         72       2079   communication.o
        12          6          0          4          0        813   delay.o
       356         26          0          0          0       1267   gpio.o
       528         70          0          9        288       2729   jy901s.o
         0          0          0         25          0       2212   jy901s_reg.o
        12          4          0          1          0        781   key.o
        74         12          0          0          0     615443   led.o
       376         28          0          0          0     736580   main.o
       548         56          0          9        176       6730   motor_m3508.o
       510         30          0         12        320       5177   motor_pid.o
       464         32          0          0       1024       8419   oled.o
        12          6          0          8          0        888   oled_button.o
         0          0          0         28          0        571   parameter.o
        52          4          0          0          0        569   power.o
       304         20          0          9         58       2922   rc_at9s_pro.o
       234         40          0          0          0       2478   robot.o
        36          8        428          0       1024        888   startup_stm32f427xx.o
       180         28          0         12          0      10049   stm32f4xx_hal.o
      1316         64          0          0          0     742373   stm32f4xx_hal_adc.o
         2          0          0          0          0       1105   stm32f4xx_hal_adc_ex.o
      1638          6          0          0          0      15551   stm32f4xx_hal_can.o
       198         14          0          0          0      34211   stm32f4xx_hal_cortex.o
       182          0          0          0          0       2283   stm32f4xx_hal_dma.o
       598         60          0          0          0       3083   stm32f4xx_hal_gpio.o
        48          6          0          0          0        978   stm32f4xx_hal_msp.o
       112         14          0          0          0       1412   stm32f4xx_hal_pwr_ex.o
      1348         76          0          0          0       5612   stm32f4xx_hal_rcc.o
      1642         16          0          0          0      12292   stm32f4xx_hal_uart.o
       262         84          0          0          0      10153   stm32f4xx_it.o
        16          4         24          4          0       1315   system_stm32f4xx.o
       468         60          0          0        216       3486   usart.o

    ----------------------------------------------------------------------
     12214        842        484        128       3296    2238331   Object Totals
         0          0         32          0          0          0   (incl. Generated)
        30          0          0          7          6          0   (incl. Padding)

    ----------------------------------------------------------------------

      Code (inc. data)   RO Data    RW Data    ZI Data      Debug   Library Member Name

         0          0          0          0          0          0   entry.o
         0          0          0          0          0          0   entry10a.o
         0          0          0          0          0          0   entry11a.o
         8          4          0          0          0          0   entry2.o
         4          0          0          0          0          0   entry5.o
         0          0          0          0          0          0   entry7b.o
         0          0          0          0          0          0   entry8b.o
         8          4          0          0          0          0   entry9a.o
        30          0          0          0          0          0   handlers.o
        36          8          0          0          0         68   init.o
         0          0          0          0          0          0   iusefp.o
        30          0          0          0          0         68   llshl.o
        32          0          0          0          0         68   llushr.o
        36          0          0          0          0        108   memseta.o
        98          0          0          0          0         92   uldiv.o
        56          0          0          0          0         88   d2f.o
       186          0          0          0          0        176   depilogue.o
        34          0          0          0          0         76   dflti.o
       228          0          0          0          0         96   dmul.o
       110          0          0          0          0        168   fepilogue.o

    ----------------------------------------------------------------------
       898         16          0          0          0       1008   Library Totals
         2          0          0          0          0          0   (incl. Padding)

    ----------------------------------------------------------------------

      Code (inc. data)   RO Data    RW Data    ZI Data      Debug   Library Name

       282         16          0          0          0        404   mc_w.l
       614          0          0          0          0        604   mf_w.l

    ----------------------------------------------------------------------
       898         16          0          0          0       1008   Library Totals

    ----------------------------------------------------------------------

==============================================================================


      Code (inc. data)   RO Data    RW Data    ZI Data      Debug   

     13112        858        484        128       3296    2227127   Grand Totals
     13112        858        484        128       3296    2227127   ELF Image Totals
     13112        858        484        128          0          0   ROM Totals

==============================================================================

    Total RO  Size (Code + RO Data)                13596 (  13.28kB)
    Total RW  Size (RW Data + ZI Data)              3424 (   3.34kB)
    Total ROM Size (Code + RO Data + RW Data)      13724 (  13.40kB)

==============================================================================

