<html>
<body>
<pre>
<h1>礦ision Build Log</h1>
<h2>Tool Versions:</h2>
IDE-Version: μVision V5.37.0.0
Copyright (C) 2022 ARM Ltd and ARM Germany GmbH. All rights reserved.
License Information: Zhaofu Ren, Renzhaofu, LIC=EXJT4-FI39P-SB2EJ-USEDM-XQR6K-9K0BQ
 
Tool Versions:
Toolchain:       MDK-ARM Plus  Version: 5.37.0.0
Toolchain Path:  R:\Engineering\Keil\Keil_MDK\ARM\ARMCC\Bin
C Compiler:      Armcc.exe V5.06 update 6 (build 750)
Assembler:       Armasm.exe V5.06 update 6 (build 750)
Linker/Locator:  ArmLink.exe V5.06 update 6 (build 750)
Library Manager: ArmAr.exe V5.06 update 6 (build 750)
Hex Converter:   FromElf.exe V5.06 update 6 (build 750)
CPU DLL:         SARMCM3.DLL V5.37.0.0
Dialog DLL:      DCM.DLL V1.17.5.0
Target DLL:      CMSIS_AGDI.dll V1.33.12.0
Dialog DLL:      TCM.DLL V1.56.1.0
 
<h2>Project:</h2>
C:\Users\Renzhaofu\Desktop\RM ROS Car\RM\Code\V2-FreeRTOS\V2.5.1-FreeRTOS列表和列表项\MDK-ARM\Project.uvprojx
Project File Date:  07/31/2024

<h2>Output:</h2>
*** Using Compiler 'V5.06 update 6 (build 750)', folder: 'R:\Engineering\Keil\Keil_MDK\ARM\ARMCC\Bin'
Build target 'Project'
assembling startup_stm32f427xx.s...
compiling stm32f4xx_hal_timebase_tim.c...
compiling Serial.c...
compiling KEY.c...
compiling OLED_Button.c...
compiling LED.c...
compiling usart.c...
compiling Power.c...
compiling adc.c...
compiling OLED.c...
compiling main.c...
compiling can.c...
compiling gpio.c...
compiling stm32f4xx_hal_msp.c...
compiling stm32f4xx_ll_adc.c...
compiling stm32f4xx_it.c...
compiling freertos.c...
compiling OLED_Data.c...
compiling Motor_M3508.c...
compiling JY901S_Reg.c...
compiling Motor_PID.c...
compiling JY901S.c...
compiling Communication.c...
compiling Parameter.c...
compiling stm32f4xx_hal_adc.c...
compiling stm32f4xx_hal_flash.c...
compiling Robot.c...
compiling stm32f4xx_hal_rcc.c...
compiling stm32f4xx_hal_flash_ex.c...
compiling Delay.c...
compiling stm32f4xx_hal_dma.c...
compiling Calculate.c...
compiling stm32f4xx_hal_flash_ramfunc.c...
compiling stm32f4xx_hal_rcc_ex.c...
compiling croutine.c...
compiling list.c...
compiling event_groups.c...
compiling stm32f4xx_hal_gpio.c...
compiling stm32f4xx_hal_adc_ex.c...
compiling queue.c...
compiling stream_buffer.c...
compiling tasks.c...
compiling timers.c...
compiling heap_4.c...
compiling port.c...
compiling stm32f4xx_hal_pwr_ex.c...
compiling stm32f4xx_hal_dma_ex.c...
compiling stm32f4xx_hal_pwr.c...
compiling stm32f4xx_hal_exti.c...
compiling stm32f4xx_hal_can.c...
compiling stm32f4xx_hal_cortex.c...
compiling stm32f4xx_hal.c...
compiling stm32f4xx_hal_tim_ex.c...
compiling stm32f4xx_hal_tim.c...
compiling system_stm32f4xx.c...
compiling stm32f4xx_hal_uart.c...
compiling cmsis_os2.c...
linking...
Program Size: Code=23208 RO-data=1004 RW-data=228 ZI-data=21980  
FromELF: creating hex file...
"Project\Project.axf" - 0 Error(s), 0 Warning(s).

<h2>Software Packages used:</h2>

Package Vendor: ARM
                http://www.keil.com/pack/ARM.CMSIS.5.9.0.pack
                ARM.CMSIS.5.9.0
                CMSIS (Common Microcontroller Software Interface Standard)
   * Component: CORE Version: 5.6.0

Package Vendor: Keil
                http://www.keil.com/pack/Keil.STM32F4xx_DFP.2.15.0.pack
                Keil.STM32F4xx_DFP.2.15.0
                STMicroelectronics STM32F4 Series Device Support, Drivers and Examples

<h2>Collection of Component include folders:</h2>
  ./RTE/_Project
  R:/Engineering/Keil/Keil_MDK/Packs/ARM/CMSIS/5.9.0/CMSIS/Core/Include
  R:/Engineering/Keil/Keil_MDK/Packs/Keil/STM32F4xx_DFP/2.15.0/Drivers/CMSIS/Device/ST/STM32F4xx/Include

<h2>Collection of Component Files used:</h2>

   * Component: ARM::CMSIS:CORE:5.6.0
      Include file:  CMSIS/Core/Include/tz_context.h
Build Time Elapsed:  00:02:07
</pre>
</body>
</html>
