Component: ARM Compiler 5.06 update 6 (build 750) Tool: armlink [4d35ed]

==============================================================================

Section Cross References

    startup_stm32f427xx.o(RESET) refers to startup_stm32f427xx.o(STACK) for __initial_sp
    startup_stm32f427xx.o(RESET) refers to startup_stm32f427xx.o(.text) for Reset_Handler
    startup_stm32f427xx.o(RESET) refers to stm32f4xx_it.o(i.NMI_Handler) for NMI_Handler
    startup_stm32f427xx.o(RESET) refers to stm32f4xx_it.o(i.HardFault_Handler) for HardFault_Handler
    startup_stm32f427xx.o(RESET) refers to stm32f4xx_it.o(i.MemManage_Handler) for MemManage_Handler
    startup_stm32f427xx.o(RESET) refers to stm32f4xx_it.o(i.BusFault_Handler) for BusFault_Handler
    startup_stm32f427xx.o(RESET) refers to stm32f4xx_it.o(i.UsageFault_Handler) for UsageFault_Handler
    startup_stm32f427xx.o(RESET) refers to stm32f4xx_it.o(i.SVC_Handler) for SVC_Handler
    startup_stm32f427xx.o(RESET) refers to stm32f4xx_it.o(i.DebugMon_Handler) for DebugMon_Handler
    startup_stm32f427xx.o(RESET) refers to stm32f4xx_it.o(i.PendSV_Handler) for PendSV_Handler
    startup_stm32f427xx.o(RESET) refers to stm32f4xx_it.o(i.SysTick_Handler) for SysTick_Handler
    startup_stm32f427xx.o(RESET) refers to stm32f4xx_it.o(i.EXTI2_IRQHandler) for EXTI2_IRQHandler
    startup_stm32f427xx.o(RESET) refers to stm32f4xx_it.o(i.ADC_IRQHandler) for ADC_IRQHandler
    startup_stm32f427xx.o(RESET) refers to stm32f4xx_it.o(i.CAN1_RX0_IRQHandler) for CAN1_RX0_IRQHandler
    startup_stm32f427xx.o(RESET) refers to stm32f4xx_it.o(i.USART6_IRQHandler) for USART6_IRQHandler
    startup_stm32f427xx.o(RESET) refers to stm32f4xx_it.o(i.UART8_IRQHandler) for UART8_IRQHandler
    startup_stm32f427xx.o(.text) refers to system_stm32f4xx.o(i.SystemInit) for SystemInit
    startup_stm32f427xx.o(.text) refers to entry.o(.ARM.Collect$$$$00000000) for __main
    main.o(i.SystemClock_Config) refers to memseta.o(.text) for __aeabi_memclr4
    main.o(i.SystemClock_Config) refers to stm32f4xx_hal_rcc.o(i.HAL_RCC_OscConfig) for HAL_RCC_OscConfig
    main.o(i.SystemClock_Config) refers to stm32f4xx_hal_pwr_ex.o(i.HAL_PWREx_EnableOverDrive) for HAL_PWREx_EnableOverDrive
    main.o(i.SystemClock_Config) refers to stm32f4xx_hal_rcc.o(i.HAL_RCC_ClockConfig) for HAL_RCC_ClockConfig
    main.o(i.main) refers to stm32f4xx_hal.o(i.HAL_Init) for HAL_Init
    main.o(i.main) refers to main.o(i.SystemClock_Config) for SystemClock_Config
    main.o(i.main) refers to gpio.o(i.MX_GPIO_Init) for MX_GPIO_Init
    main.o(i.main) refers to adc.o(i.MX_ADC1_Init) for MX_ADC1_Init
    main.o(i.main) refers to can.o(i.MX_CAN1_Init) for MX_CAN1_Init
    main.o(i.main) refers to usart.o(i.MX_USART6_UART_Init) for MX_USART6_UART_Init
    main.o(i.main) refers to usart.o(i.MX_UART8_Init) for MX_UART8_Init
    main.o(i.main) refers to delay.o(i.Delay_Init) for Delay_Init
    main.o(i.main) refers to led.o(i.LED_Init) for LED_Init
    main.o(i.main) refers to key.o(i.KEY_Init) for KEY_Init
    main.o(i.main) refers to oled.o(i.OLED_Init) for OLED_Init
    main.o(i.main) refers to oled_button.o(i.OLED_Button_Init) for OLED_Button_Init
    main.o(i.main) refers to power.o(i.Power_Init) for Power_Init
    main.o(i.main) refers to motor_m3508.o(i.Motor_Preferred_Init) for Motor_Preferred_Init
    main.o(i.main) refers to motor_pid.o(i.Motor_PID_Init) for Motor_PID_Init
    main.o(i.main) refers to motor_m3508.o(i.Get_Motor_Measure_Pointer) for Get_Motor_Measure_Pointer
    main.o(i.main) refers to stm32f4xx_hal.o(i.HAL_Delay) for HAL_Delay
    main.o(i.main) refers to stm32f4xx_hal_uart.o(i.HAL_UART_Receive_IT) for HAL_UART_Receive_IT
    main.o(i.main) refers to oled.o(i.OLED_ShowString) for OLED_ShowString
    main.o(i.main) refers to oled.o(i.OLED_Update) for OLED_Update
    main.o(i.main) refers to robot.o(i.Robot_Move) for Robot_Move
    main.o(i.main) refers to communication.o(i.Data_Transform) for Data_Transform
    main.o(i.main) refers to communication.o(i.USART6_Send_Data) for USART6_Send_Data
    main.o(i.main) refers to motor_pid.o(.bss) for Motor_PID
    main.o(i.main) refers to motor_pid.o(.data) for PID
    main.o(i.main) refers to motor_m3508.o(.bss) for Motor_Data
    main.o(i.main) refers to communication.o(.bss) for Receive_Data
    main.o(i.main) refers to usart.o(.bss) for huart6
    main.o(i.main) refers to jy901s.o(.data) for USART_Rx_Data_JY901S
    main.o(i.main) refers to parameter.o(.data) for Robot_Wc
    main.o(i.main) refers to parameter.o(.data) for Robot_Vcy
    main.o(i.main) refers to parameter.o(.data) for Robot_Vcx
    gpio.o(i.MX_GPIO_Init) refers to memseta.o(.text) for __aeabi_memclr4
    gpio.o(i.MX_GPIO_Init) refers to stm32f4xx_hal_gpio.o(i.HAL_GPIO_WritePin) for HAL_GPIO_WritePin
    gpio.o(i.MX_GPIO_Init) refers to stm32f4xx_hal_gpio.o(i.HAL_GPIO_Init) for HAL_GPIO_Init
    gpio.o(i.MX_GPIO_Init) refers to stm32f4xx_hal_cortex.o(i.HAL_NVIC_SetPriority) for HAL_NVIC_SetPriority
[...]
    ../clib/microlib/longlong.c              0x00000000   Number         0  llsshr.o ABSOLUTE
    ../clib/microlib/longlong.c              0x00000000   Number         0  llushr.o ABSOLUTE
    ../clib/microlib/longlong.c              0x00000000   Number         0  llshl.o ABSOLUTE
    ../clib/microlib/printf/printf.c         0x00000000   Number         0  printf0.o ABSOLUTE
    ../clib/microlib/printf/printf.c         0x00000000   Number         0  printf1.o ABSOLUTE
    ../clib/microlib/printf/printf.c         0x00000000   Number         0  printf2.o ABSOLUTE
    ../clib/microlib/printf/printf.c         0x00000000   Number         0  printf6.o ABSOLUTE
    ../clib/microlib/printf/printf.c         0x00000000   Number         0  printf8.o ABSOLUTE
    ../clib/microlib/printf/printf.c         0x00000000   Number         0  printf3.o ABSOLUTE
    ../clib/microlib/printf/printf.c         0x00000000   Number         0  printfa.o ABSOLUTE
    ../clib/microlib/printf/printf.c         0x00000000   Number         0  printfb.o ABSOLUTE
    ../clib/microlib/printf/printf.c         0x00000000   Number         0  printf7.o ABSOLUTE
    ../clib/microlib/printf/printf.c         0x00000000   Number         0  printf4.o ABSOLUTE
    ../clib/microlib/printf/printf.c         0x00000000   Number         0  printf5.o ABSOLUTE
    ../clib/microlib/printf/stubs.s          0x00000000   Number         0  stubs.o ABSOLUTE
    ../clib/microlib/stdio/streams.c         0x00000000   Number         0  stdout.o ABSOLUTE
    ../clib/microlib/string/memset.c         0x00000000   Number         0  memseta.o ABSOLUTE
    ../clib/microlib/string/strcmp.c         0x00000000   Number         0  strcmp.o ABSOLUTE
    ../clib/microlib/stubs.s                 0x00000000   Number         0  iusefp.o ABSOLUTE
    ../fplib/microlib/d2f.c                  0x00000000   Number         0  d2f.o ABSOLUTE
    ../fplib/microlib/fpadd.c                0x00000000   Number         0  dadd.o ABSOLUTE
    ../fplib/microlib/fpdiv.c                0x00000000   Number         0  ddiv.o ABSOLUTE
    ../fplib/microlib/fpepilogue.c           0x00000000   Number         0  depilogue.o ABSOLUTE
    ../fplib/microlib/fpepilogue.c           0x00000000   Number         0  fepilogue.o ABSOLUTE
    ../fplib/microlib/fpfix.c                0x00000000   Number         0  dfixi.o ABSOLUTE
    ../fplib/microlib/fpfix.c                0x00000000   Number         0  dfixui.o ABSOLUTE
    ../fplib/microlib/fpfix.c                0x00000000   Number         0  dfixul.o ABSOLUTE
    ../fplib/microlib/fpflt.c                0x00000000   Number         0  dfltui.o ABSOLUTE
    ../fplib/microlib/fpflt.c                0x00000000   Number         0  dflti.o ABSOLUTE
    ../fplib/microlib/fpmul.c                0x00000000   Number         0  dmul.o ABSOLUTE
    ../fplib/microlib/fpneg.c                0x00000000   Number         0  dneg.o ABSOLUTE
    ../fplib/microlib/fprnd.c                0x00000000   Number         0  drnd.o ABSOLUTE
    ../mathlib/atan.c                        0x00000000   Number         0  atan_x.o ABSOLUTE
    ../mathlib/atan.c                        0x00000000   Number         0  atan.o ABSOLUTE
    ../mathlib/atan2.c                       0x00000000   Number         0  atan2_x.o ABSOLUTE
    ../mathlib/atan2.c                       0x00000000   Number         0  atan2.o ABSOLUTE
    ../mathlib/dunder.c                      0x00000000   Number         0  dunder.o ABSOLUTE
    ../mathlib/fabs.c                        0x00000000   Number         0  fabs.o ABSOLUTE
    ../mathlib/fpclassify.c                  0x00000000   Number         0  fpclassify.o ABSOLUTE
    ../mathlib/poly.c                        0x00000000   Number         0  poly.o ABSOLUTE
    ../mathlib/qnan.c                        0x00000000   Number         0  qnan.o ABSOLUTE
    ../mathlib/round.c                       0x00000000   Number         0  round.o ABSOLUTE
    ..\Core\Src\adc.c                        0x00000000   Number         0  adc.o ABSOLUTE
    ..\Core\Src\can.c                        0x00000000   Number         0  can.o ABSOLUTE
    ..\Core\Src\gpio.c                       0x00000000   Number         0  gpio.o ABSOLUTE
    ..\Core\Src\main.c                       0x00000000   Number         0  main.o ABSOLUTE
    ..\Core\Src\stm32f4xx_hal_msp.c          0x00000000   Number         0  stm32f4xx_hal_msp.o ABSOLUTE
    ..\Core\Src\stm32f4xx_it.c               0x00000000   Number         0  stm32f4xx_it.o ABSOLUTE
    ..\Core\Src\system_stm32f4xx.c           0x00000000   Number         0  system_stm32f4xx.o ABSOLUTE
    ..\Core\Src\usart.c                      0x00000000   Number         0  usart.o ABSOLUTE
    ..\Drivers\BSP\Calculate\Calculate.c     0x00000000   Number         0  calculate.o ABSOLUTE
    ..\Drivers\BSP\Communication\Communication.c 0x00000000   Number         0  communication.o ABSOLUTE
    ..\Drivers\BSP\JY901S\JY901S.c           0x00000000   Number         0  jy901s.o ABSOLUTE
    ..\Drivers\BSP\JY901S\JY901S_Reg.c       0x00000000   Number         0  jy901s_reg.o ABSOLUTE
    ..\Drivers\BSP\KEY\KEY.c                 0x00000000   Number         0  key.o ABSOLUTE
    ..\Drivers\BSP\LED\LED.c                 0x00000000   Number         0  led.o ABSOLUTE
    ..\Drivers\BSP\Motor_M3508\Motor_M3508.c 0x00000000   Number         0  motor_m3508.o ABSOLUTE
    ..\Drivers\BSP\Motor_PID\Motor_PID.c     0x00000000   Number         0  motor_pid.o ABSOLUTE
    ..\Drivers\BSP\OLED\OLED.c               0x00000000   Number         0  oled.o ABSOLUTE
    ..\Drivers\BSP\OLED\OLED_Button.c        0x00000000   Number         0  oled_button.o ABSOLUTE
    ..\Drivers\BSP\OLED\OLED_Data.c          0x00000000   Number         0  oled_data.o ABSOLUTE
    ..\Drivers\BSP\Parameter\Parameter.c     0x00000000   Number         0  parameter.o ABSOLUTE
    ..\Drivers\BSP\Power\Power.c             0x00000000   Number         0  power.o ABSOLUTE
    ..\Drivers\BSP\Robot\Robot.c             0x00000000   Number         0  robot.o ABSOLUTE
    ..\Drivers\BSP\Serial\Serial.c           0x00000000   Number         0  serial.o ABSOLUTE
    ..\Drivers\STM32F4xx_HAL_Driver\Src\stm32f4xx_hal.c 0x00000000   Number         0  stm32f4xx_hal.o ABSOLUTE
    ..\Drivers\STM32F4xx_HAL_Driver\Src\stm32f4xx_hal_adc.c 0x00000000   Number         0  stm32f4xx_hal_adc.o ABSOLUTE
    ..\Drivers\STM32F4xx_HAL_Driver\Src\stm32f4xx_hal_adc_ex.c 0x00000000   Number         0  stm32f4xx_hal_adc_ex.o ABSOLUTE
    ..\Drivers\STM32F4xx_HAL_Driver\Src\stm32f4xx_hal_can.c 0x00000000   Number         0  stm32f4xx_hal_can.o ABSOLUTE
    ..\Drivers\STM32F4xx_HAL_Driver\Src\stm32f4xx_hal_cortex.c 0x00000000   Number         0  stm32f4xx_hal_cortex.o ABSOLUTE
    ..\Drivers\STM32F4xx_HAL_Driver\Src\stm32f4xx_hal_dma.c 0x00000000   Number         0  stm32f4xx_hal_dma.o ABSOLUTE
    ..\Drivers\STM32F4xx_HAL_Driver\Src\stm32f4xx_hal_dma_ex.c 0x00000000   Number         0  stm32f4xx_hal_dma_ex.o ABSOLUTE
    ..\Drivers\STM32F4xx_HAL_Driver\Src\stm32f4xx_hal_exti.c 0x00000000   Number         0  stm32f4xx_hal_exti.o ABSOLUTE
    ..\Drivers\STM32F4xx_HAL_Driver\Src\stm32f4xx_hal_flash.c 0x00000000   Number         0  stm32f4xx_hal_flash.o ABSOLUTE
    ..\Drivers\STM32F4xx_HAL_Driver\Src\stm32f4xx_hal_flash_ex.c 0x00000000   Number         0  stm32f4xx_hal_flash_ex.o ABSOLUTE
    ..\Drivers\STM32F4xx_HAL_Driver\Src\stm32f4xx_hal_flash_ramfunc.c 0x00000000   Number         0  stm32f4xx_hal_flash_ramfunc.o ABSOLUTE
    ..\Drivers\STM32F4xx_HAL_Driver\Src\stm32f4xx_hal_gpio.c 0x00000000   Number         0  stm32f4xx_hal_gpio.o ABSOLUTE
    ..\Drivers\STM32F4xx_HAL_Driver\Src\stm32f4xx_hal_pwr.c 0x00000000   Number         0  stm32f4xx_hal_pwr.o ABSOLUTE
    ..\Drivers\STM32F4xx_HAL_Driver\Src\stm32f4xx_hal_pwr_ex.c 0x00000000   Number         0  stm32f4xx_hal_pwr_ex.o ABSOLUTE
    ..\Drivers\STM32F4xx_HAL_Driver\Src\stm32f4xx_hal_rcc.c 0x00000000   Number         0  stm32f4xx_hal_rcc.o ABSOLUTE
    ..\Drivers\STM32F4xx_HAL_Driver\Src\stm32f4xx_hal_rcc_ex.c 0x00000000   Number         0  stm32f4xx_hal_rcc_ex.o ABSOLUTE
    ..\Drivers\STM32F4xx_HAL_Driver\Src\stm32f4xx_hal_tim.c 0x00000000   Number         0  stm32f4xx_hal_tim.o ABSOLUTE
    ..\Drivers\STM32F4xx_HAL_Driver\Src\stm32f4xx_hal_tim_ex.c 0x00000000   Number         0  stm32f4xx_hal_tim_ex.o ABSOLUTE
    ..\Drivers\STM32F4xx_HAL_Driver\Src\stm32f4xx_hal_uart.c 0x00000000   Number         0  stm32f4xx_hal_uart.o ABSOLUTE
    ..\Drivers\SYSTEM\Delay\Delay.c          0x00000000   Number         0  delay.o ABSOLUTE
    ..\\Drivers\\BSP\\Calculate\\Calculate.c 0x00000000   Number         0  calculate.o ABSOLUTE
    ..\\Drivers\\BSP\\Communication\\Communication.c 0x00000000   Number         0  communication.o ABSOLUTE
    ..\\Drivers\\BSP\\JY901S\\JY901S.c       0x00000000   Number         0  jy901s.o ABSOLUTE
    ..\\Drivers\\BSP\\JY901S\\JY901S_Reg.c   0x00000000   Number         0  jy901s_reg.o ABSOLUTE
    ..\\Drivers\\BSP\\KEY\\KEY.c             0x00000000   Number         0  key.o ABSOLUTE
    ..\\Drivers\\BSP\\LED\\LED.c             0x00000000   Number         0  led.o ABSOLUTE
    ..\\Drivers\\BSP\\Motor_M3508\\Motor_M3508.c 0x00000000   Number         0  motor_m3508.o ABSOLUTE
    ..\\Drivers\\BSP\\Motor_PID\\Motor_PID.c 0x00000000   Number         0  motor_pid.o ABSOLUTE
    ..\\Drivers\\BSP\\OLED\\OLED.c           0x00000000   Number         0  oled.o ABSOLUTE
    ..\\Drivers\\BSP\\OLED\\OLED_Button.c    0x00000000   Number         0  oled_button.o ABSOLUTE
    ..\\Drivers\\BSP\\OLED\\OLED_Data.c      0x00000000   Number         0  oled_data.o ABSOLUTE
    ..\\Drivers\\BSP\\Parameter\\Parameter.c 0x00000000   Number         0  parameter.o ABSOLUTE
    ..\\Drivers\\BSP\\Power\\Power.c         0x00000000   Number         0  power.o ABSOLUTE
    ..\\Drivers\\BSP\\Robot\\Robot.c         0x00000000   Number         0  robot.o ABSOLUTE
    ..\\Drivers\\BSP\\Serial\\Serial.c       0x00000000   Number         0  serial.o ABSOLUTE
    ..\\Drivers\\SYSTEM\\Delay\\Delay.c      0x00000000   Number         0  delay.o ABSOLUTE
    cdcmple.s                                0x00000000   Number         0  cdcmple.o ABSOLUTE
    cdrcmple.s                               0x00000000   Number         0  cdrcmple.o ABSOLUTE
    dc.s                                     0x00000000   Number         0  dc.o ABSOLUTE
    handlers.s                               0x00000000   Number         0  handlers.o ABSOLUTE
    init.s                                   0x00000000   Number         0  init.o ABSOLUTE
    startup_stm32f427xx.s                    0x00000000   Number         0  startup_stm32f427xx.o ABSOLUTE
    RESET                                    0x08000000   Section      428  startup_stm32f427xx.o(RESET)
    .ARM.Collect$$$$00000000                 0x080001ac   Section        0  entry.o(.ARM.Collect$$$$00000000)
    .ARM.Collect$$$$00000001                 0x080001ac   Section        4  entry2.o(.ARM.Collect$$$$00000001)
    .ARM.Collect$$$$00000004                 0x080001b0   Section        4  entry5.o(.ARM.Collect$$$$00000004)
    .ARM.Collect$$$$00000008                 0x080001b4   Section        0  entry7b.o(.ARM.Collect$$$$00000008)
    .ARM.Collect$$$$0000000A                 0x080001b4   Section        0  entry8b.o(.ARM.Collect$$$$0000000A)
    .ARM.Collect$$$$0000000B                 0x080001b4   Section        8  entry9a.o(.ARM.Collect$$$$0000000B)
    .ARM.Collect$$$$0000000D                 0x080001bc   Section        0  entry10a.o(.ARM.Collect$$$$0000000D)
    .ARM.Collect$$$$0000000F                 0x080001bc   Section        0  entry11a.o(.ARM.Collect$$$$0000000F)
    .ARM.Collect$$$$00002712                 0x080001bc   Section        4  entry2.o(.ARM.Collect$$$$00002712)
    __lit__00000000                          0x080001bc   Data           4  entry2.o(.ARM.Collect$$$$00002712)
    .text                                    0x080001c0   Section       36  startup_stm32f427xx.o(.text)
    $v0                                      0x080001c0   Number         0  startup_stm32f427xx.o(.text)
    .text                                    0x080001e4   Section        0  uldiv.o(.text)
    .text                                    0x08000246   Section        0  memseta.o(.text)
    .text                                    0x0800026a   Section        0  dmul.o(.text)
    .text                                    0x0800034e   Section        0  dflti.o(.text)
    .text                                    0x08000370   Section        0  d2f.o(.text)
    .text                                    0x080003a8   Section        0  llshl.o(.text)
    .text                                    0x080003c6   Section        0  llushr.o(.text)
    .text                                    0x080003e6   Section        0  fepilogue.o(.text)
    .text                                    0x080003e6   Section        0  iusefp.o(.text)
    .text                                    0x08000454   Section        0  depilogue.o(.text)
    .text                                    0x08000510   Section       36  init.o(.text)
    i.ABS                                    0x08000534   Section        0  calculate.o(i.ABS)
    i.ADC_IRQHandler                         0x0800053c   Section        0  stm32f4xx_it.o(i.ADC_IRQHandler)
    i.ADC_Init                               0x08000548   Section        0  stm32f4xx_hal_adc.o(i.ADC_Init)
    ADC_Init                                 0x08000549   Thumb Code   284  stm32f4xx_hal_adc.o(i.ADC_Init)
    i.BusFault_Handler                       0x08000670   Section        0  stm32f4xx_it.o(i.BusFault_Handler)
    i.CAN1_RX0_IRQHandler                    0x08000674   Section        0  stm32f4xx_it.o(i.CAN1_RX0_IRQHandler)
    i.Can_Filter_Init                        0x08000680   Section        0  motor_m3508.o(i.Can_Filter_Init)
    i.Data_Transform                         0x080006b8   Section        0  communication.o(i.Data_Transform)
    i.DebugMon_Handler                       0x08000824   Section        0  stm32f4xx_it.o(i.DebugMon_Handler)
    i.Delay_Init                             0x08000828   Section        0  delay.o(i.Delay_Init)
    i.EXTI2_IRQHandler                       0x08000834   Section        0  stm32f4xx_it.o(i.EXTI2_IRQHandler)
    i.Error_Handler                          0x0800083a   Section        0  main.o(i.Error_Handler)
    i.Get_Motor_Data                         0x08000840   Section        0  motor_m3508.o(i.Get_Motor_Data)
    i.Get_Motor_Measure_Pointer              0x0800090c   Section        0  motor_m3508.o(i.Get_Motor_Measure_Pointer)
    i.Get_Motor_Offset                       0x08000920   Section        0  motor_m3508.o(i.Get_Motor_Offset)
    i.HAL_ADCEx_InjectedConvCpltCallback     0x08000938   Section        0  stm32f4xx_hal_adc_ex.o(i.HAL_ADCEx_InjectedConvCpltCallback)
    i.HAL_ADC_ConfigChannel                  0x0800093c   Section        0  stm32f4xx_hal_adc.o(i.HAL_ADC_ConfigChannel)
    i.HAL_ADC_ConvCpltCallback               0x08000aa0   Section        0  stm32f4xx_it.o(i.HAL_ADC_ConvCpltCallback)
    i.HAL_ADC_ErrorCallback                  0x08000acc   Section        0  stm32f4xx_hal_adc.o(i.HAL_ADC_ErrorCallback)
    i.HAL_ADC_GetValue                       0x08000ace   Section        0  stm32f4xx_hal_adc.o(i.HAL_ADC_GetValue)
    i.HAL_ADC_IRQHandler                     0x08000ad4   Section        0  stm32f4xx_hal_adc.o(i.HAL_ADC_IRQHandler)
    i.HAL_ADC_Init                           0x08000c02   Section        0  stm32f4xx_hal_adc.o(i.HAL_ADC_Init)
    i.HAL_ADC_LevelOutOfWindowCallback       0x08000c56   Section        0  stm32f4xx_hal_adc.o(i.HAL_ADC_LevelOutOfWindowCallback)
    i.HAL_ADC_MspInit                        0x08000c58   Section        0  adc.o(i.HAL_ADC_MspInit)
    i.HAL_ADC_Start_IT                       0x08000cc8   Section        0  stm32f4xx_hal_adc.o(i.HAL_ADC_Start_IT)
    i.HAL_CAN_ActivateNotification           0x08000dd4   Section        0  stm32f4xx_hal_can.o(i.HAL_CAN_ActivateNotification)
    i.HAL_CAN_AddTxMessage                   0x08000df8   Section        0  stm32f4xx_hal_can.o(i.HAL_CAN_AddTxMessage)
    i.HAL_CAN_ConfigFilter                   0x08000eb4   Section        0  stm32f4xx_hal_can.o(i.HAL_CAN_ConfigFilter)
    i.HAL_CAN_ErrorCallback                  0x08000fc0   Section        0  stm32f4xx_hal_can.o(i.HAL_CAN_ErrorCallback)
    i.HAL_CAN_GetRxMessage                   0x08000fc2   Section        0  stm32f4xx_hal_can.o(i.HAL_CAN_GetRxMessage)
    i.HAL_CAN_IRQHandler                     0x080010b6   Section        0  stm32f4xx_hal_can.o(i.HAL_CAN_IRQHandler)
    i.HAL_CAN_Init                           0x080012b2   Section        0  stm32f4xx_hal_can.o(i.HAL_CAN_Init)
    i.HAL_CAN_MspInit                        0x080013cc   Section        0  can.o(i.HAL_CAN_MspInit)
    i.HAL_CAN_RxFifo0FullCallback            0x08001444   Section        0  stm32f4xx_hal_can.o(i.HAL_CAN_RxFifo0FullCallback)
    i.HAL_CAN_RxFifo0MsgPendingCallback      0x08001448   Section        0  motor_m3508.o(i.HAL_CAN_RxFifo0MsgPendingCallback)
    i.HAL_CAN_RxFifo1FullCallback            0x080014d0   Section        0  stm32f4xx_hal_can.o(i.HAL_CAN_RxFifo1FullCallback)
    i.HAL_CAN_RxFifo1MsgPendingCallback      0x080014d2   Section        0  stm32f4xx_hal_can.o(i.HAL_CAN_RxFifo1MsgPendingCallback)
    i.HAL_CAN_SleepCallback                  0x080014d4   Section        0  stm32f4xx_hal_can.o(i.HAL_CAN_SleepCallback)
    i.HAL_CAN_Start                          0x080014d8   Section        0  stm32f4xx_hal_can.o(i.HAL_CAN_Start)
    i.HAL_CAN_TxMailbox0AbortCallback        0x08001530   Section        0  stm32f4xx_hal_can.o(i.HAL_CAN_TxMailbox0AbortCallback)
    i.HAL_CAN_TxMailbox0CompleteCallback     0x08001532   Section        0  stm32f4xx_hal_can.o(i.HAL_CAN_TxMailbox0CompleteCallback)
    i.HAL_CAN_TxMailbox1AbortCallback        0x08001534   Section        0  stm32f4xx_hal_can.o(i.HAL_CAN_TxMailbox1AbortCallback)
    i.HAL_CAN_TxMailbox1CompleteCallback     0x08001536   Section        0  stm32f4xx_hal_can.o(i.HAL_CAN_TxMailbox1CompleteCallback)
    i.HAL_CAN_TxMailbox2AbortCallback        0x08001538   Section        0  stm32f4xx_hal_can.o(i.HAL_CAN_TxMailbox2AbortCallback)
    i.HAL_CAN_TxMailbox2CompleteCallback     0x0800153a   Section        0  stm32f4xx_hal_can.o(i.HAL_CAN_TxMailbox2CompleteCallback)
    i.HAL_CAN_WakeUpFromRxMsgCallback        0x0800153c   Section        0  stm32f4xx_hal_can.o(i.HAL_CAN_WakeUpFromRxMsgCallback)
    i.HAL_DMA_Abort                          0x0800153e   Section        0  stm32f4xx_hal_dma.o(i.HAL_DMA_Abort)
    i.HAL_DMA_Abort_IT                       0x080015d0   Section        0  stm32f4xx_hal_dma.o(i.HAL_DMA_Abort_IT)
    i.HAL_Delay                              0x080015f4   Section        0  stm32f4xx_hal.o(i.HAL_Delay)
    i.HAL_GPIO_EXTI_Callback                 0x08001618   Section        0  stm32f4xx_it.o(i.HAL_GPIO_EXTI_Callback)
    i.HAL_GPIO_EXTI_IRQHandler               0x08001628   Section        0  stm32f4xx_hal_gpio.o(i.HAL_GPIO_EXTI_IRQHandler)
    i.HAL_GPIO_Init                          0x08001640   Section        0  stm32f4xx_hal_gpio.o(i.HAL_GPIO_Init)
    i.HAL_GPIO_WritePin                      0x08001874   Section        0  stm32f4xx_hal_gpio.o(i.HAL_GPIO_WritePin)
    i.HAL_GetTick                            0x08001880   Section        0  stm32f4xx_hal.o(i.HAL_GetTick)
    i.HAL_IncTick                            0x0800188c   Section        0  stm32f4xx_hal.o(i.HAL_IncTick)
    i.HAL_Init                               0x0800189c   Section        0  stm32f4xx_hal.o(i.HAL_Init)
    i.HAL_InitTick                           0x080018d0   Section        0  stm32f4xx_hal.o(i.HAL_InitTick)
    i.HAL_MspInit                            0x08001910   Section        0  stm32f4xx_hal_msp.o(i.HAL_MspInit)
    i.HAL_NVIC_EnableIRQ                     0x08001940   Section        0  stm32f4xx_hal_cortex.o(i.HAL_NVIC_EnableIRQ)
    i.HAL_NVIC_SetPriority                   0x0800195c   Section        0  stm32f4xx_hal_cortex.o(i.HAL_NVIC_SetPriority)
    i.HAL_NVIC_SetPriorityGrouping           0x0800199c   Section        0  stm32f4xx_hal_cortex.o(i.HAL_NVIC_SetPriorityGrouping)
    i.HAL_PWREx_EnableOverDrive              0x080019c0   Section        0  stm32f4xx_hal_pwr_ex.o(i.HAL_PWREx_EnableOverDrive)
    i.HAL_RCC_ClockConfig                    0x08001a30   Section        0  stm32f4xx_hal_rcc.o(i.HAL_RCC_ClockConfig)
    i.HAL_RCC_GetPCLK1Freq                   0x08001b64   Section        0  stm32f4xx_hal_rcc.o(i.HAL_RCC_GetPCLK1Freq)
    i.HAL_RCC_GetPCLK2Freq                   0x08001b84   Section        0  stm32f4xx_hal_rcc.o(i.HAL_RCC_GetPCLK2Freq)
    i.HAL_RCC_GetSysClockFreq                0x08001ba4   Section        0  stm32f4xx_hal_rcc.o(i.HAL_RCC_GetSysClockFreq)
    i.HAL_RCC_OscConfig                      0x08001c08   Section        0  stm32f4xx_hal_rcc.o(i.HAL_RCC_OscConfig)
    i.HAL_SYSTICK_Config                     0x08001f74   Section        0  stm32f4xx_hal_cortex.o(i.HAL_SYSTICK_Config)
    i.HAL_UARTEx_RxEventCallback             0x08001f9c   Section        0  stm32f4xx_hal_uart.o(i.HAL_UARTEx_RxEventCallback)
    i.HAL_UART_ErrorCallback                 0x08001f9e   Section        0  stm32f4xx_hal_uart.o(i.HAL_UART_ErrorCallback)
    i.HAL_UART_IRQHandler                    0x08001fa0   Section        0  stm32f4xx_hal_uart.o(i.HAL_UART_IRQHandler)
    i.HAL_UART_Init                          0x08002210   Section        0  stm32f4xx_hal_uart.o(i.HAL_UART_Init)
    i.HAL_UART_MspInit                       0x08002274   Section        0  usart.o(i.HAL_UART_MspInit)
    i.HAL_UART_Receive_IT                    0x08002340   Section        0  stm32f4xx_hal_uart.o(i.HAL_UART_Receive_IT)
    i.HAL_UART_RxCpltCallback                0x0800235c   Section        0  stm32f4xx_it.o(i.HAL_UART_RxCpltCallback)
    i.HAL_UART_TxCpltCallback                0x080023b0   Section        0  stm32f4xx_hal_uart.o(i.HAL_UART_TxCpltCallback)
    i.HardFault_Handler                      0x080023b2   Section        0  stm32f4xx_it.o(i.HardFault_Handler)
    i.JY901S_Judge_Data                      0x080023b4   Section        0  jy901s.o(i.JY901S_Judge_Data)
    i.KEY_Init                               0x08002544   Section        0  key.o(i.KEY_Init)
    i.LED_Green                              0x08002550   Section        0  led.o(i.LED_Green)
    i.LED_Init                               0x0800256c   Section        0  led.o(i.LED_Init)
    i.LED_Red                                0x08002580   Section        0  led.o(i.LED_Red)
    i.MX_ADC1_Init                           0x0800259c   Section        0  adc.o(i.MX_ADC1_Init)
    i.MX_CAN1_Init                           0x08002600   Section        0  can.o(i.MX_CAN1_Init)
    i.MX_GPIO_Init                           0x08002644   Section        0  gpio.o(i.MX_GPIO_Init)
    i.MX_UART8_Init                          0x080027a8   Section        0  usart.o(i.MX_UART8_Init)
    i.MX_USART6_UART_Init                    0x080027e0   Section        0  usart.o(i.MX_USART6_UART_Init)
    i.MemManage_Handler                      0x08002818   Section        0  stm32f4xx_it.o(i.MemManage_Handler)
    i.Motor_PID_Calculate                    0x0800281a   Section        0  motor_pid.o(i.Motor_PID_Calculate)
    Motor_PID_Calculate                      0x0800281b   Thumb Code   200  motor_pid.o(i.Motor_PID_Calculate)
    i.Motor_PID_Init                         0x080028e4   Section        0  motor_pid.o(i.Motor_PID_Init)
    i.Motor_PID_Param_Init                   0x08002900   Section        0  motor_pid.o(i.Motor_PID_Param_Init)
    Motor_PID_Param_Init                     0x08002901   Thumb Code    68  motor_pid.o(i.Motor_PID_Param_Init)
    i.Motor_PID_Reset                        0x08002948   Section        0  motor_pid.o(i.Motor_PID_Reset)
    Motor_PID_Reset                          0x08002949   Thumb Code    26  motor_pid.o(i.Motor_PID_Reset)
    i.Motor_Preferred_Init                   0x08002964   Section        0  motor_m3508.o(i.Motor_Preferred_Init)
    i.Motor_Preferred_Set_I                  0x08002988   Section        0  motor_m3508.o(i.Motor_Preferred_Set_I)
    i.Motor_Preferred_Set_V                  0x080029d0   Section        0  motor_pid.o(i.Motor_Preferred_Set_V)
    i.NMI_Handler                            0x08002a88   Section        0  stm32f4xx_it.o(i.NMI_Handler)
    i.OLED_Button_Init                       0x08002a8c   Section        0  oled_button.o(i.OLED_Button_Init)
    i.OLED_Clear                             0x08002a98   Section        0  oled.o(i.OLED_Clear)
    i.OLED_ClearArea                         0x08002ac0   Section        0  oled.o(i.OLED_ClearArea)
    i.OLED_Init                              0x08002b24   Section        0  oled.o(i.OLED_Init)
    i.OLED_SendByte                          0x08002be0   Section        0  oled.o(i.OLED_SendByte)
    i.OLED_SetCursor                         0x08002c0c   Section        0  oled.o(i.OLED_SetCursor)
    i.OLED_ShowChar                          0x08002c30   Section        0  oled.o(i.OLED_ShowChar)
    i.OLED_ShowImage                         0x08002c6c   Section        0  oled.o(i.OLED_ShowImage)
    i.OLED_ShowString                        0x08002d1c   Section        0  oled.o(i.OLED_ShowString)
    i.OLED_Update                            0x08002d48   Section        0  oled.o(i.OLED_Update)
    i.OLED_W_D0                              0x08002d70   Section        0  oled.o(i.OLED_W_D0)
    i.OLED_W_D1                              0x08002d80   Section        0  oled.o(i.OLED_W_D1)
    i.OLED_W_DC                              0x08002d90   Section        0  oled.o(i.OLED_W_DC)
    i.OLED_W_RES                             0x08002da0   Section        0  oled.o(i.OLED_W_RES)
    i.OLED_WriteCommand                      0x08002db0   Section        0  oled.o(i.OLED_WriteCommand)
    i.OLED_WriteData                         0x08002dc4   Section        0  oled.o(i.OLED_WriteData)
    i.PendSV_Handler                         0x08002de4   Section        0  stm32f4xx_it.o(i.PendSV_Handler)
    i.Power_Init                             0x08002de8   Section        0  power.o(i.Power_Init)
    i.Robot_Move                             0x08002e1c   Section        0  robot.o(i.Robot_Move)
    i.SVC_Handler                            0x08002eac   Section        0  stm32f4xx_it.o(i.SVC_Handler)
    i.SysTick_Handler                        0x08002eae   Section        0  stm32f4xx_it.o(i.SysTick_Handler)
    i.SystemClock_Config                     0x08002eb4   Section        0  main.o(i.SystemClock_Config)
    i.SystemInit                             0x08002f54   Section        0  system_stm32f4xx.o(i.SystemInit)
    i.UART8_IRQHandler                       0x08002f64   Section        0  stm32f4xx_it.o(i.UART8_IRQHandler)
    i.UART_DMAAbortOnError                   0x08002f70   Section        0  stm32f4xx_hal_uart.o(i.UART_DMAAbortOnError)
    UART_DMAAbortOnError                     0x08002f71   Thumb Code    16  stm32f4xx_hal_uart.o(i.UART_DMAAbortOnError)
    i.UART_EndRxTransfer                     0x08002f80   Section        0  stm32f4xx_hal_uart.o(i.UART_EndRxTransfer)
    UART_EndRxTransfer                       0x08002f81   Thumb Code    78  stm32f4xx_hal_uart.o(i.UART_EndRxTransfer)
    i.UART_Receive_IT                        0x08002fce   Section        0  stm32f4xx_hal_uart.o(i.UART_Receive_IT)
    UART_Receive_IT                          0x08002fcf   Thumb Code   194  stm32f4xx_hal_uart.o(i.UART_Receive_IT)
    i.UART_SetConfig                         0x08003090   Section        0  stm32f4xx_hal_uart.o(i.UART_SetConfig)
    UART_SetConfig                           0x08003091   Thumb Code   258  stm32f4xx_hal_uart.o(i.UART_SetConfig)
    i.UART_Start_Receive_IT                  0x0800319c   Section        0  stm32f4xx_hal_uart.o(i.UART_Start_Receive_IT)
    i.USART6_IRQHandler                      0x080031d4   Section        0  stm32f4xx_it.o(i.USART6_IRQHandler)
    i.USART6_Receive_Data                    0x080031e0   Section        0  communication.o(i.USART6_Receive_Data)
    i.USART6_Send                            0x080032e0   Section        0  communication.o(i.USART6_Send)
    i.USART6_Send_Data                       0x080032f4   Section        0  communication.o(i.USART6_Send_Data)
    i.UsageFault_Handler                     0x0800330c   Section        0  stm32f4xx_it.o(i.UsageFault_Handler)
    i.__NVIC_SetPriority                     0x0800330e   Section        0  stm32f4xx_hal_cortex.o(i.__NVIC_SetPriority)
    __NVIC_SetPriority                       0x0800330f   Thumb Code    32  stm32f4xx_hal_cortex.o(i.__NVIC_SetPriority)
    i.__scatterload_copy                     0x0800332e   Section       14  handlers.o(i.__scatterload_copy)
    i.__scatterload_null                     0x0800333c   Section        2  handlers.o(i.__scatterload_null)
    i.__scatterload_zeroinit                 0x0800333e   Section       14  handlers.o(i.__scatterload_zeroinit)
    i.main                                   0x0800334c   Section        0  main.o(i.main)
    .constdata                               0x08003490   Section      570  oled_data.o(.constdata)
    .constdata                               0x080036ca   Section     1520  oled_data.o(.constdata)
    .constdata                               0x08003cba   Section       16  system_stm32f4xx.o(.constdata)
    .constdata                               0x08003cca   Section        8  system_stm32f4xx.o(.constdata)
    .data                                    0x20000000   Section        1  key.o(.data)
    .data                                    0x20000004   Section        8  oled_button.o(.data)
    .data                                    0x2000000c   Section        9  motor_m3508.o(.data)
    i                                        0x2000000c   Data           1  motor_m3508.o(.data)
    .data                                    0x20000018   Section       12  motor_pid.o(.data)
    .data                                    0x20000024   Section        1  jy901s.o(.data)
    ucRxCnt                                  0x20000024   Data           1  jy901s.o(.data)
    .data                                    0x20000025   Section        8  jy901s.o(.data)
    .data                                    0x20000030   Section        4  parameter.o(.data)
    .data                                    0x20000034   Section        4  parameter.o(.data)
    .data                                    0x20000038   Section        4  parameter.o(.data)
    .data                                    0x2000003c   Section        4  parameter.o(.data)
    .data                                    0x20000040   Section        4  parameter.o(.data)
    .data                                    0x20000044   Section        4  parameter.o(.data)
    .data                                    0x20000048   Section        4  parameter.o(.data)
    .data                                    0x2000004c   Section        4  delay.o(.data)
    us_Delay_CNT                             0x2000004c   Data           4  delay.o(.data)
    .data                                    0x20000050   Section       12  stm32f4xx_hal.o(.data)
    .data                                    0x2000005c   Section        4  system_stm32f4xx.o(.data)
    .bss                                     0x20000060   Section       72  adc.o(.bss)
    .bss                                     0x200000a8   Section       40  can.o(.bss)
    .bss                                     0x200000d0   Section      144  usart.o(.bss)
    .bss                                     0x20000160   Section     1024  oled.o(.bss)
    .bss                                     0x20000560   Section      160  motor_m3508.o(.bss)
    .bss                                     0x20000600   Section       16  motor_m3508.o(.bss)
    .bss                                     0x20000610   Section      320  motor_pid.o(.bss)
    .bss                                     0x20000750   Section      288  jy901s.o(.bss)
    ucRxBuffer                               0x20000750   Data         250  jy901s.o(.bss)
    .bss                                     0x20000870   Section       96  communication.o(.bss)
    STACK                                    0x200008d0   Section     1024  startup_stm32f427xx.o(STACK)

    Global Symbols

    Symbol Name                              Value     Ov Type        Size  Object(Section)

    BuildAttributes$$THM_ISAv4$E$P$D$K$B$S$7EM$VFPi3$EXTD16$VFPS$VFMA$PE$A:L22UL41UL21$X:L11$S22US41US21$IEEE1$IW$USESV6$~STKCKD$USESV7$~SHL$OTIME$ROPI$IEEEX$EBA8$MICROLIB$REQ8$PRES8$EABIv2 0x00000000   Number         0  anon$$obj.o ABSOLUTE
    __ARM_use_no_argv                        0x00000000   Number         0  main.o ABSOLUTE
    _printf_a                                0x00000000   Number         0  stubs.o ABSOLUTE
    _printf_c                                0x00000000   Number         0  stubs.o ABSOLUTE
    _printf_charcount                        0x00000000   Number         0  stubs.o ABSOLUTE
    _printf_d                                0x00000000   Number         0  stubs.o ABSOLUTE
    _printf_e                                0x00000000   Number         0  stubs.o ABSOLUTE
    _printf_f                                0x00000000   Number         0  stubs.o ABSOLUTE
    _printf_flags                            0x00000000   Number         0  stubs.o ABSOLUTE
    _printf_fp_dec                           0x00000000   Number         0  stubs.o ABSOLUTE
    _printf_fp_hex                           0x00000000   Number         0  stubs.o ABSOLUTE
    _printf_g                                0x00000000   Number         0  stubs.o ABSOLUTE
    _printf_i                                0x00000000   Number         0  stubs.o ABSOLUTE
    _printf_int_dec                          0x00000000   Number         0  stubs.o ABSOLUTE
    _printf_l                                0x00000000   Number         0  stubs.o ABSOLUTE
    _printf_lc                               0x00000000   Number         0  stubs.o ABSOLUTE
    _printf_ll                               0x00000000   Number         0  stubs.o ABSOLUTE
    _printf_lld                              0x00000000   Number         0  stubs.o ABSOLUTE
    _printf_lli                              0x00000000   Number         0  stubs.o ABSOLUTE
    _printf_llo                              0x00000000   Number         0  stubs.o ABSOLUTE
    _printf_llu                              0x00000000   Number         0  stubs.o ABSOLUTE
    _printf_llx                              0x00000000   Number         0  stubs.o ABSOLUTE
    _printf_longlong_dec                     0x00000000   Number         0  stubs.o ABSOLUTE
    _printf_longlong_hex                     0x00000000   Number         0  stubs.o ABSOLUTE
    _printf_longlong_oct                     0x00000000   Number         0  stubs.o ABSOLUTE
    _printf_ls                               0x00000000   Number         0  stubs.o ABSOLUTE
    _printf_mbtowc                           0x00000000   Number         0  stubs.o ABSOLUTE
    _printf_n                                0x00000000   Number         0  stubs.o ABSOLUTE
    _printf_o                                0x00000000   Number         0  stubs.o ABSOLUTE
    _printf_p                                0x00000000   Number         0  stubs.o ABSOLUTE
    _printf_percent                          0x00000000   Number         0  stubs.o ABSOLUTE
    _printf_pre_padding                      0x00000000   Number         0  stubs.o ABSOLUTE
    _printf_return_value                     0x00000000   Number         0  stubs.o ABSOLUTE
    _printf_s                                0x00000000   Number         0  stubs.o ABSOLUTE
    _printf_sizespec                         0x00000000   Number         0  stubs.o ABSOLUTE
    _printf_str                              0x00000000   Number         0  stubs.o ABSOLUTE
    _printf_truncate_signed                  0x00000000   Number         0  stubs.o ABSOLUTE
    _printf_truncate_unsigned                0x00000000   Number         0  stubs.o ABSOLUTE
    _printf_u                                0x00000000   Number         0  stubs.o ABSOLUTE
    _printf_wc                               0x00000000   Number         0  stubs.o ABSOLUTE
    _printf_wctomb                           0x00000000   Number         0  stubs.o ABSOLUTE
    _printf_widthprec                        0x00000000   Number         0  stubs.o ABSOLUTE
    _printf_x                                0x00000000   Number         0  stubs.o ABSOLUTE
    __cpp_initialize__aeabi_                  - Undefined Weak Reference
    __cxa_finalize                            - Undefined Weak Reference
    __decompress                              - Undefined Weak Reference
    _clock_init                               - Undefined Weak Reference
    _microlib_exit                            - Undefined Weak Reference
    __Vectors_Size                           0x000001ac   Number         0  startup_stm32f427xx.o ABSOLUTE
    __Vectors                                0x08000000   Data           4  startup_stm32f427xx.o(RESET)
    __Vectors_End                            0x080001ac   Data           0  startup_stm32f427xx.o(RESET)
    __main                                   0x080001ad   Thumb Code     0  entry.o(.ARM.Collect$$$$00000000)
    _main_stk                                0x080001ad   Thumb Code     0  entry2.o(.ARM.Collect$$$$00000001)
    _main_scatterload                        0x080001b1   Thumb Code     0  entry5.o(.ARM.Collect$$$$00000004)
    __main_after_scatterload                 0x080001b5   Thumb Code     0  entry5.o(.ARM.Collect$$$$00000004)
    _main_clock                              0x080001b5   Thumb Code     0  entry7b.o(.ARM.Collect$$$$00000008)
    _main_cpp_init                           0x080001b5   Thumb Code     0  entry8b.o(.ARM.Collect$$$$0000000A)
    _main_init                               0x080001b5   Thumb Code     0  entry9a.o(.ARM.Collect$$$$0000000B)
    __rt_final_cpp                           0x080001bd   Thumb Code     0  entry10a.o(.ARM.Collect$$$$0000000D)
    __rt_final_exit                          0x080001bd   Thumb Code     0  entry11a.o(.ARM.Collect$$$$0000000F)
    Reset_Handler                            0x080001c1   Thumb Code     8  startup_stm32f427xx.o(.text)
    CAN1_RX1_IRQHandler                      0x080001db   Thumb Code     0  startup_stm32f427xx.o(.text)
    CAN1_SCE_IRQHandler                      0x080001db   Thumb Code     0  startup_stm32f427xx.o(.text)
    CAN1_TX_IRQHandler                       0x080001db   Thumb Code     0  startup_stm32f427xx.o(.text)
    CAN2_RX0_IRQHandler                      0x080001db   Thumb Code     0  startup_stm32f427xx.o(.text)
    CAN2_RX1_IRQHandler                      0x080001db   Thumb Code     0  startup_stm32f427xx.o(.text)
    CAN2_SCE_IRQHandler                      0x080001db   Thumb Code     0  startup_stm32f427xx.o(.text)
    CAN2_TX_IRQHandler                       0x080001db   Thumb Code     0  startup_stm32f427xx.o(.text)
    DCMI_IRQHandler                          0x080001db   Thumb Code     0  startup_stm32f427xx.o(.text)
    DMA1_Stream0_IRQHandler                  0x080001db   Thumb Code     0  startup_stm32f427xx.o(.text)
    DMA1_Stream1_IRQHandler                  0x080001db   Thumb Code     0  startup_stm32f427xx.o(.text)
    DMA1_Stream2_IRQHandler                  0x080001db   Thumb Code     0  startup_stm32f427xx.o(.text)
    DMA1_Stream3_IRQHandler                  0x080001db   Thumb Code     0  startup_stm32f427xx.o(.text)
    DMA1_Stream4_IRQHandler                  0x080001db   Thumb Code     0  startup_stm32f427xx.o(.text)
    DMA1_Stream5_IRQHandler                  0x080001db   Thumb Code     0  startup_stm32f427xx.o(.text)
    DMA1_Stream6_IRQHandler                  0x080001db   Thumb Code     0  startup_stm32f427xx.o(.text)
    DMA1_Stream7_IRQHandler                  0x080001db   Thumb Code     0  startup_stm32f427xx.o(.text)
    DMA2D_IRQHandler                         0x080001db   Thumb Code     0  startup_stm32f427xx.o(.text)
    DMA2_Stream0_IRQHandler                  0x080001db   Thumb Code     0  startup_stm32f427xx.o(.text)
    DMA2_Stream1_IRQHandler                  0x080001db   Thumb Code     0  startup_stm32f427xx.o(.text)
    DMA2_Stream2_IRQHandler                  0x080001db   Thumb Code     0  startup_stm32f427xx.o(.text)
    DMA2_Stream3_IRQHandler                  0x080001db   Thumb Code     0  startup_stm32f427xx.o(.text)
    DMA2_Stream4_IRQHandler                  0x080001db   Thumb Code     0  startup_stm32f427xx.o(.text)
    DMA2_Stream5_IRQHandler                  0x080001db   Thumb Code     0  startup_stm32f427xx.o(.text)
    DMA2_Stream6_IRQHandler                  0x080001db   Thumb Code     0  startup_stm32f427xx.o(.text)
    DMA2_Stream7_IRQHandler                  0x080001db   Thumb Code     0  startup_stm32f427xx.o(.text)
    ETH_IRQHandler                           0x080001db   Thumb Code     0  startup_stm32f427xx.o(.text)
    ETH_WKUP_IRQHandler                      0x080001db   Thumb Code     0  startup_stm32f427xx.o(.text)
    EXTI0_IRQHandler                         0x080001db   Thumb Code     0  startup_stm32f427xx.o(.text)
    EXTI15_10_IRQHandler                     0x080001db   Thumb Code     0  startup_stm32f427xx.o(.text)
    EXTI1_IRQHandler                         0x080001db   Thumb Code     0  startup_stm32f427xx.o(.text)
    EXTI3_IRQHandler                         0x080001db   Thumb Code     0  startup_stm32f427xx.o(.text)
    EXTI4_IRQHandler                         0x080001db   Thumb Code     0  startup_stm32f427xx.o(.text)
    EXTI9_5_IRQHandler                       0x080001db   Thumb Code     0  startup_stm32f427xx.o(.text)
    FLASH_IRQHandler                         0x080001db   Thumb Code     0  startup_stm32f427xx.o(.text)
    FMC_IRQHandler                           0x080001db   Thumb Code     0  startup_stm32f427xx.o(.text)
    FPU_IRQHandler                           0x080001db   Thumb Code     0  startup_stm32f427xx.o(.text)
    HASH_RNG_IRQHandler                      0x080001db   Thumb Code     0  startup_stm32f427xx.o(.text)
    I2C1_ER_IRQHandler                       0x080001db   Thumb Code     0  startup_stm32f427xx.o(.text)
    I2C1_EV_IRQHandler                       0x080001db   Thumb Code     0  startup_stm32f427xx.o(.text)
    I2C2_ER_IRQHandler                       0x080001db   Thumb Code     0  startup_stm32f427xx.o(.text)
    I2C2_EV_IRQHandler                       0x080001db   Thumb Code     0  startup_stm32f427xx.o(.text)
    I2C3_ER_IRQHandler                       0x080001db   Thumb Code     0  startup_stm32f427xx.o(.text)
    I2C3_EV_IRQHandler                       0x080001db   Thumb Code     0  startup_stm32f427xx.o(.text)
    OTG_FS_IRQHandler                        0x080001db   Thumb Code     0  startup_stm32f427xx.o(.text)
    OTG_FS_WKUP_IRQHandler                   0x080001db   Thumb Code     0  startup_stm32f427xx.o(.text)
    OTG_HS_EP1_IN_IRQHandler                 0x080001db   Thumb Code     0  startup_stm32f427xx.o(.text)
    OTG_HS_EP1_OUT_IRQHandler                0x080001db   Thumb Code     0  startup_stm32f427xx.o(.text)
    OTG_HS_IRQHandler                        0x080001db   Thumb Code     0  startup_stm32f427xx.o(.text)
    OTG_HS_WKUP_IRQHandler                   0x080001db   Thumb Code     0  startup_stm32f427xx.o(.text)
    PVD_IRQHandler                           0x080001db   Thumb Code     0  startup_stm32f427xx.o(.text)
    RCC_IRQHandler                           0x080001db   Thumb Code     0  startup_stm32f427xx.o(.text)
    RTC_Alarm_IRQHandler                     0x080001db   Thumb Code     0  startup_stm32f427xx.o(.text)
    RTC_WKUP_IRQHandler                      0x080001db   Thumb Code     0  startup_stm32f427xx.o(.text)
    SAI1_IRQHandler                          0x080001db   Thumb Code     0  startup_stm32f427xx.o(.text)
    SDIO_IRQHandler                          0x080001db   Thumb Code     0  startup_stm32f427xx.o(.text)
    SPI1_IRQHandler                          0x080001db   Thumb Code     0  startup_stm32f427xx.o(.text)
    SPI2_IRQHandler                          0x080001db   Thumb Code     0  startup_stm32f427xx.o(.text)
    SPI3_IRQHandler                          0x080001db   Thumb Code     0  startup_stm32f427xx.o(.text)
    SPI4_IRQHandler                          0x080001db   Thumb Code     0  startup_stm32f427xx.o(.text)
    SPI5_IRQHandler                          0x080001db   Thumb Code     0  startup_stm32f427xx.o(.text)
    SPI6_IRQHandler                          0x080001db   Thumb Code     0  startup_stm32f427xx.o(.text)
    TAMP_STAMP_IRQHandler                    0x080001db   Thumb Code     0  startup_stm32f427xx.o(.text)
    TIM1_BRK_TIM9_IRQHandler                 0x080001db   Thumb Code     0  startup_stm32f427xx.o(.text)
    TIM1_CC_IRQHandler                       0x080001db   Thumb Code     0  startup_stm32f427xx.o(.text)
    TIM1_TRG_COM_TIM11_IRQHandler            0x080001db   Thumb Code     0  startup_stm32f427xx.o(.text)
    TIM1_UP_TIM10_IRQHandler                 0x080001db   Thumb Code     0  startup_stm32f427xx.o(.text)
    TIM2_IRQHandler                          0x080001db   Thumb Code     0  startup_stm32f427xx.o(.text)
    TIM3_IRQHandler                          0x080001db   Thumb Code     0  startup_stm32f427xx.o(.text)
    TIM4_IRQHandler                          0x080001db   Thumb Code     0  startup_stm32f427xx.o(.text)
    TIM5_IRQHandler                          0x080001db   Thumb Code     0  startup_stm32f427xx.o(.text)
    TIM6_DAC_IRQHandler                      0x080001db   Thumb Code     0  startup_stm32f427xx.o(.text)
    TIM7_IRQHandler                          0x080001db   Thumb Code     0  startup_stm32f427xx.o(.text)
    TIM8_BRK_TIM12_IRQHandler                0x080001db   Thumb Code     0  startup_stm32f427xx.o(.text)
    TIM8_CC_IRQHandler                       0x080001db   Thumb Code     0  startup_stm32f427xx.o(.text)
    TIM8_TRG_COM_TIM14_IRQHandler            0x080001db   Thumb Code     0  startup_stm32f427xx.o(.text)
    TIM8_UP_TIM13_IRQHandler                 0x080001db   Thumb Code     0  startup_stm32f427xx.o(.text)
    UART4_IRQHandler                         0x080001db   Thumb Code     0  startup_stm32f427xx.o(.text)
    UART5_IRQHandler                         0x080001db   Thumb Code     0  startup_stm32f427xx.o(.text)
    UART7_IRQHandler                         0x080001db   Thumb Code     0  startup_stm32f427xx.o(.text)
    USART1_IRQHandler                        0x080001db   Thumb Code     0  startup_stm32f427xx.o(.text)
    USART2_IRQHandler                        0x080001db   Thumb Code     0  startup_stm32f427xx.o(.text)
    USART3_IRQHandler                        0x080001db   Thumb Code     0  startup_stm32f427xx.o(.text)
    WWDG_IRQHandler                          0x080001db   Thumb Code     0  startup_stm32f427xx.o(.text)
    __aeabi_uldivmod                         0x080001e5   Thumb Code    98  uldiv.o(.text)
    __aeabi_memset                           0x08000247   Thumb Code    14  memseta.o(.text)
    __aeabi_memset4                          0x08000247   Thumb Code     0  memseta.o(.text)
    __aeabi_memset8                          0x08000247   Thumb Code     0  memseta.o(.text)
    __aeabi_memclr                           0x08000255   Thumb Code     4  memseta.o(.text)
    __aeabi_memclr4                          0x08000255   Thumb Code     0  memseta.o(.text)
    __aeabi_memclr8                          0x08000255   Thumb Code     0  memseta.o(.text)
    _memset$wrapper                          0x08000259   Thumb Code    18  memseta.o(.text)
    __aeabi_dmul                             0x0800026b   Thumb Code   228  dmul.o(.text)
    __aeabi_i2d                              0x0800034f   Thumb Code    34  dflti.o(.text)
    __aeabi_d2f                              0x08000371   Thumb Code    56  d2f.o(.text)
    __aeabi_llsl                             0x080003a9   Thumb Code    30  llshl.o(.text)
    _ll_shift_l                              0x080003a9   Thumb Code     0  llshl.o(.text)
    __aeabi_llsr                             0x080003c7   Thumb Code    32  llushr.o(.text)
    _ll_ushift_r                             0x080003c7   Thumb Code     0  llushr.o(.text)
    __I$use$fp                               0x080003e7   Thumb Code     0  iusefp.o(.text)
    _float_round                             0x080003e7   Thumb Code    18  fepilogue.o(.text)
    _float_epilogue                          0x080003f9   Thumb Code    92  fepilogue.o(.text)
    _double_round                            0x08000455   Thumb Code    30  depilogue.o(.text)
    _double_epilogue                         0x08000473   Thumb Code   156  depilogue.o(.text)
    __scatterload                            0x08000511   Thumb Code    28  init.o(.text)
    __scatterload_rt2                        0x08000511   Thumb Code     0  init.o(.text)
    ABS                                      0x08000535   Thumb Code     8  calculate.o(i.ABS)
    ADC_IRQHandler                           0x0800053d   Thumb Code     6  stm32f4xx_it.o(i.ADC_IRQHandler)
    BusFault_Handler                         0x08000671   Thumb Code     2  stm32f4xx_it.o(i.BusFault_Handler)
    CAN1_RX0_IRQHandler                      0x08000675   Thumb Code     6  stm32f4xx_it.o(i.CAN1_RX0_IRQHandler)
    Can_Filter_Init                          0x08000681   Thumb Code    52  motor_m3508.o(i.Can_Filter_Init)
    Data_Transform                           0x080006b9   Thumb Code   344  communication.o(i.Data_Transform)
    DebugMon_Handler                         0x08000825   Thumb Code     2  stm32f4xx_it.o(i.DebugMon_Handler)
    Delay_Init                               0x08000829   Thumb Code     6  delay.o(i.Delay_Init)
    EXTI2_IRQHandler                         0x08000835   Thumb Code     6  stm32f4xx_it.o(i.EXTI2_IRQHandler)
    Error_Handler                            0x0800083b   Thumb Code     4  main.o(i.Error_Handler)
    Get_Motor_Data                           0x08000841   Thumb Code   186  motor_m3508.o(i.Get_Motor_Data)
    Get_Motor_Measure_Pointer                0x0800090d   Thumb Code    16  motor_m3508.o(i.Get_Motor_Measure_Pointer)
    Get_Motor_Offset                         0x08000921   Thumb Code    18  motor_m3508.o(i.Get_Motor_Offset)
    HAL_ADCEx_InjectedConvCpltCallback       0x08000939   Thumb Code     2  stm32f4xx_hal_adc_ex.o(i.HAL_ADCEx_InjectedConvCpltCallback)
    HAL_ADC_ConfigChannel                    0x0800093d   Thumb Code   334  stm32f4xx_hal_adc.o(i.HAL_ADC_ConfigChannel)
    HAL_ADC_ConvCpltCallback                 0x08000aa1   Thumb Code    30  stm32f4xx_it.o(i.HAL_ADC_ConvCpltCallback)
    HAL_ADC_ErrorCallback                    0x08000acd   Thumb Code     2  stm32f4xx_hal_adc.o(i.HAL_ADC_ErrorCallback)
    HAL_ADC_GetValue                         0x08000acf   Thumb Code     6  stm32f4xx_hal_adc.o(i.HAL_ADC_GetValue)
    HAL_ADC_IRQHandler                       0x08000ad5   Thumb Code   302  stm32f4xx_hal_adc.o(i.HAL_ADC_IRQHandler)
    HAL_ADC_Init                             0x08000c03   Thumb Code    84  stm32f4xx_hal_adc.o(i.HAL_ADC_Init)
    HAL_ADC_LevelOutOfWindowCallback         0x08000c57   Thumb Code     2  stm32f4xx_hal_adc.o(i.HAL_ADC_LevelOutOfWindowCallback)
    HAL_ADC_MspInit                          0x08000c59   Thumb Code   100  adc.o(i.HAL_ADC_MspInit)
    HAL_ADC_Start_IT                         0x08000cc9   Thumb Code   238  stm32f4xx_hal_adc.o(i.HAL_ADC_Start_IT)
    HAL_CAN_ActivateNotification             0x08000dd5   Thumb Code    36  stm32f4xx_hal_can.o(i.HAL_CAN_ActivateNotification)
    HAL_CAN_AddTxMessage                     0x08000df9   Thumb Code   188  stm32f4xx_hal_can.o(i.HAL_CAN_AddTxMessage)
    HAL_CAN_ConfigFilter                     0x08000eb5   Thumb Code   262  stm32f4xx_hal_can.o(i.HAL_CAN_ConfigFilter)
    HAL_CAN_ErrorCallback                    0x08000fc1   Thumb Code     2  stm32f4xx_hal_can.o(i.HAL_CAN_ErrorCallback)
    HAL_CAN_GetRxMessage                     0x08000fc3   Thumb Code   244  stm32f4xx_hal_can.o(i.HAL_CAN_GetRxMessage)
    HAL_CAN_IRQHandler                       0x080010b7   Thumb Code   508  stm32f4xx_hal_can.o(i.HAL_CAN_IRQHandler)
    HAL_CAN_Init                             0x080012b3   Thumb Code   282  stm32f4xx_hal_can.o(i.HAL_CAN_Init)
    HAL_CAN_MspInit                          0x080013cd   Thumb Code   106  can.o(i.HAL_CAN_MspInit)
    HAL_CAN_RxFifo0FullCallback              0x08001445   Thumb Code     2  stm32f4xx_hal_can.o(i.HAL_CAN_RxFifo0FullCallback)
    HAL_CAN_RxFifo0MsgPendingCallback        0x08001449   Thumb Code   124  motor_m3508.o(i.HAL_CAN_RxFifo0MsgPendingCallback)
    HAL_CAN_RxFifo1FullCallback              0x080014d1   Thumb Code     2  stm32f4xx_hal_can.o(i.HAL_CAN_RxFifo1FullCallback)
    HAL_CAN_RxFifo1MsgPendingCallback        0x080014d3   Thumb Code     2  stm32f4xx_hal_can.o(i.HAL_CAN_RxFifo1MsgPendingCallback)
    HAL_CAN_SleepCallback                    0x080014d5   Thumb Code     2  stm32f4xx_hal_can.o(i.HAL_CAN_SleepCallback)
    HAL_CAN_Start                            0x080014d9   Thumb Code    88  stm32f4xx_hal_can.o(i.HAL_CAN_Start)
    HAL_CAN_TxMailbox0AbortCallback          0x08001531   Thumb Code     2  stm32f4xx_hal_can.o(i.HAL_CAN_TxMailbox0AbortCallback)
    HAL_CAN_TxMailbox0CompleteCallback       0x08001533   Thumb Code     2  stm32f4xx_hal_can.o(i.HAL_CAN_TxMailbox0CompleteCallback)
    HAL_CAN_TxMailbox1AbortCallback          0x08001535   Thumb Code     2  stm32f4xx_hal_can.o(i.HAL_CAN_TxMailbox1AbortCallback)
    HAL_CAN_TxMailbox1CompleteCallback       0x08001537   Thumb Code     2  stm32f4xx_hal_can.o(i.HAL_CAN_TxMailbox1CompleteCallback)
    HAL_CAN_TxMailbox2AbortCallback          0x08001539   Thumb Code     2  stm32f4xx_hal_can.o(i.HAL_CAN_TxMailbox2AbortCallback)
    HAL_CAN_TxMailbox2CompleteCallback       0x0800153b   Thumb Code     2  stm32f4xx_hal_can.o(i.HAL_CAN_TxMailbox2CompleteCallback)
    HAL_CAN_WakeUpFromRxMsgCallback          0x0800153d   Thumb Code     2  stm32f4xx_hal_can.o(i.HAL_CAN_WakeUpFromRxMsgCallback)
    HAL_DMA_Abort                            0x0800153f   Thumb Code   146  stm32f4xx_hal_dma.o(i.HAL_DMA_Abort)
    HAL_DMA_Abort_IT                         0x080015d1   Thumb Code    36  stm32f4xx_hal_dma.o(i.HAL_DMA_Abort_IT)
    HAL_Delay                                0x080015f5   Thumb Code    32  stm32f4xx_hal.o(i.HAL_Delay)
    HAL_GPIO_EXTI_Callback                   0x08001619   Thumb Code    12  stm32f4xx_it.o(i.HAL_GPIO_EXTI_Callback)
    HAL_GPIO_EXTI_IRQHandler                 0x08001629   Thumb Code    18  stm32f4xx_hal_gpio.o(i.HAL_GPIO_EXTI_IRQHandler)
    HAL_GPIO_Init                            0x08001641   Thumb Code   510  stm32f4xx_hal_gpio.o(i.HAL_GPIO_Init)
    HAL_GPIO_WritePin                        0x08001875   Thumb Code    10  stm32f4xx_hal_gpio.o(i.HAL_GPIO_WritePin)
    HAL_GetTick                              0x08001881   Thumb Code     6  stm32f4xx_hal.o(i.HAL_GetTick)
    HAL_IncTick                              0x0800188d   Thumb Code    12  stm32f4xx_hal.o(i.HAL_IncTick)
    HAL_Init                                 0x0800189d   Thumb Code    48  stm32f4xx_hal.o(i.HAL_Init)
    HAL_InitTick                             0x080018d1   Thumb Code    54  stm32f4xx_hal.o(i.HAL_InitTick)
    HAL_MspInit                              0x08001911   Thumb Code    42  stm32f4xx_hal_msp.o(i.HAL_MspInit)
    HAL_NVIC_EnableIRQ                       0x08001941   Thumb Code    26  stm32f4xx_hal_cortex.o(i.HAL_NVIC_EnableIRQ)
    HAL_NVIC_SetPriority                     0x0800195d   Thumb Code    60  stm32f4xx_hal_cortex.o(i.HAL_NVIC_SetPriority)
    HAL_NVIC_SetPriorityGrouping             0x0800199d   Thumb Code    26  stm32f4xx_hal_cortex.o(i.HAL_NVIC_SetPriorityGrouping)
    HAL_PWREx_EnableOverDrive                0x080019c1   Thumb Code    98  stm32f4xx_hal_pwr_ex.o(i.HAL_PWREx_EnableOverDrive)
    HAL_RCC_ClockConfig                      0x08001a31   Thumb Code   288  stm32f4xx_hal_rcc.o(i.HAL_RCC_ClockConfig)
    HAL_RCC_GetPCLK1Freq                     0x08001b65   Thumb Code    20  stm32f4xx_hal_rcc.o(i.HAL_RCC_GetPCLK1Freq)
    HAL_RCC_GetPCLK2Freq                     0x08001b85   Thumb Code    20  stm32f4xx_hal_rcc.o(i.HAL_RCC_GetPCLK2Freq)
    HAL_RCC_GetSysClockFreq                  0x08001ba5   Thumb Code    88  stm32f4xx_hal_rcc.o(i.HAL_RCC_GetSysClockFreq)
    HAL_RCC_OscConfig                        0x08001c09   Thumb Code   856  stm32f4xx_hal_rcc.o(i.HAL_RCC_OscConfig)
    HAL_SYSTICK_Config                       0x08001f75   Thumb Code    40  stm32f4xx_hal_cortex.o(i.HAL_SYSTICK_Config)
    HAL_UARTEx_RxEventCallback               0x08001f9d   Thumb Code     2  stm32f4xx_hal_uart.o(i.HAL_UARTEx_RxEventCallback)
    HAL_UART_ErrorCallback                   0x08001f9f   Thumb Code     2  stm32f4xx_hal_uart.o(i.HAL_UART_ErrorCallback)
    HAL_UART_IRQHandler                      0x08001fa1   Thumb Code   618  stm32f4xx_hal_uart.o(i.HAL_UART_IRQHandler)
    HAL_UART_Init                            0x08002211   Thumb Code   100  stm32f4xx_hal_uart.o(i.HAL_UART_Init)
    HAL_UART_MspInit                         0x08002275   Thumb Code   182  usart.o(i.HAL_UART_MspInit)
    HAL_UART_Receive_IT                      0x08002341   Thumb Code    28  stm32f4xx_hal_uart.o(i.HAL_UART_Receive_IT)
    HAL_UART_RxCpltCallback                  0x0800235d   Thumb Code    58  stm32f4xx_it.o(i.HAL_UART_RxCpltCallback)
    HAL_UART_TxCpltCallback                  0x080023b1   Thumb Code     2  stm32f4xx_hal_uart.o(i.HAL_UART_TxCpltCallback)
    HardFault_Handler                        0x080023b3   Thumb Code     2  stm32f4xx_it.o(i.HardFault_Handler)
    JY901S_Judge_Data                        0x080023b5   Thumb Code   358  jy901s.o(i.JY901S_Judge_Data)
    KEY_Init                                 0x08002545   Thumb Code     8  key.o(i.KEY_Init)
    LED_Green                                0x08002551   Thumb Code    22  led.o(i.LED_Green)
    LED_Init                                 0x0800256d   Thumb Code    18  led.o(i.LED_Init)
    LED_Red                                  0x08002581   Thumb Code    22  led.o(i.LED_Red)
    MX_ADC1_Init                             0x0800259d   Thumb Code    88  adc.o(i.MX_ADC1_Init)
    MX_CAN1_Init                             0x08002601   Thumb Code    58  can.o(i.MX_CAN1_Init)
    MX_GPIO_Init                             0x08002645   Thumb Code   330  gpio.o(i.MX_GPIO_Init)
    MX_UART8_Init                            0x080027a9   Thumb Code    48  usart.o(i.MX_UART8_Init)
    MX_USART6_UART_Init                      0x080027e1   Thumb Code    48  usart.o(i.MX_USART6_UART_Init)
    MemManage_Handler                        0x08002819   Thumb Code     2  stm32f4xx_it.o(i.MemManage_Handler)
    Motor_PID_Init                           0x080028e5   Thumb Code    14  motor_pid.o(i.Motor_PID_Init)
    Motor_Preferred_Init                     0x08002965   Thumb Code    32  motor_m3508.o(i.Motor_Preferred_Init)
    Motor_Preferred_Set_I                    0x08002989   Thumb Code    64  motor_m3508.o(i.Motor_Preferred_Set_I)
    Motor_Preferred_Set_V                    0x080029d1   Thumb Code   172  motor_pid.o(i.Motor_Preferred_Set_V)
    NMI_Handler                              0x08002a89   Thumb Code     2  stm32f4xx_it.o(i.NMI_Handler)
    OLED_Button_Init                         0x08002a8d   Thumb Code     6  oled_button.o(i.OLED_Button_Init)
    OLED_Clear                               0x08002a99   Thumb Code    34  oled.o(i.OLED_Clear)
    OLED_ClearArea                           0x08002ac1   Thumb Code    94  oled.o(i.OLED_ClearArea)
    OLED_Init                                0x08002b25   Thumb Code   188  oled.o(i.OLED_Init)
    OLED_SendByte                            0x08002be1   Thumb Code    44  oled.o(i.OLED_SendByte)
    OLED_SetCursor                           0x08002c0d   Thumb Code    36  oled.o(i.OLED_SetCursor)
    OLED_ShowChar                            0x08002c31   Thumb Code    52  oled.o(i.OLED_ShowChar)
    OLED_ShowImage                           0x08002c6d   Thumb Code   172  oled.o(i.OLED_ShowImage)
    OLED_ShowString                          0x08002d1d   Thumb Code    44  oled.o(i.OLED_ShowString)
    OLED_Update                              0x08002d49   Thumb Code    34  oled.o(i.OLED_Update)
    OLED_W_D0                                0x08002d71   Thumb Code    10  oled.o(i.OLED_W_D0)
    OLED_W_D1                                0x08002d81   Thumb Code    10  oled.o(i.OLED_W_D1)
    OLED_W_DC                                0x08002d91   Thumb Code    12  oled.o(i.OLED_W_DC)
    OLED_W_RES                               0x08002da1   Thumb Code    12  oled.o(i.OLED_W_RES)
    OLED_WriteCommand                        0x08002db1   Thumb Code    20  oled.o(i.OLED_WriteCommand)
    OLED_WriteData                           0x08002dc5   Thumb Code    32  oled.o(i.OLED_WriteData)
    PendSV_Handler                           0x08002de5   Thumb Code     2  stm32f4xx_it.o(i.PendSV_Handler)
    Power_Init                               0x08002de9   Thumb Code    48  power.o(i.Power_Init)
    Robot_Move                               0x08002e1d   Thumb Code   116  robot.o(i.Robot_Move)
    SVC_Handler                              0x08002ead   Thumb Code     2  stm32f4xx_it.o(i.SVC_Handler)
    SysTick_Handler                          0x08002eaf   Thumb Code     4  stm32f4xx_it.o(i.SysTick_Handler)
    SystemClock_Config                       0x08002eb5   Thumb Code   150  main.o(i.SystemClock_Config)
    SystemInit                               0x08002f55   Thumb Code    12  system_stm32f4xx.o(i.SystemInit)
    UART8_IRQHandler                         0x08002f65   Thumb Code     6  stm32f4xx_it.o(i.UART8_IRQHandler)
    UART_Start_Receive_IT                    0x0800319d   Thumb Code    54  stm32f4xx_hal_uart.o(i.UART_Start_Receive_IT)
    USART6_IRQHandler                        0x080031d5   Thumb Code     6  stm32f4xx_it.o(i.USART6_IRQHandler)
    USART6_Receive_Data                      0x080031e1   Thumb Code   236  communication.o(i.USART6_Receive_Data)
    USART6_Send                              0x080032e1   Thumb Code    14  communication.o(i.USART6_Send)
    USART6_Send_Data                         0x080032f5   Thumb Code    20  communication.o(i.USART6_Send_Data)
    UsageFault_Handler                       0x0800330d   Thumb Code     2  stm32f4xx_it.o(i.UsageFault_Handler)
    __scatterload_copy                       0x0800332f   Thumb Code    14  handlers.o(i.__scatterload_copy)
    __scatterload_null                       0x0800333d   Thumb Code     2  handlers.o(i.__scatterload_null)
    __scatterload_zeroinit                   0x0800333f   Thumb Code    14  handlers.o(i.__scatterload_zeroinit)
    main                                     0x0800334d   Thumb Code   260  main.o(i.main)
    OLED_F6x8                                0x08003490   Data         570  oled_data.o(.constdata)
    OLED_F8x16                               0x080036ca   Data        1520  oled_data.o(.constdata)
    AHBPrescTable                            0x08003cba   Data          16  system_stm32f4xx.o(.constdata)
    APBPrescTable                            0x08003cca   Data           8  system_stm32f4xx.o(.constdata)
    Region$$Table$$Base                      0x08003cd4   Number         0  anon$$obj.o(Region$$Table)
    Region$$Table$$Limit                     0x08003cf4   Number         0  anon$$obj.o(Region$$Table)
    KEY_Num                                  0x20000000   Data           1  key.o(.data)
    OLED_ButtonNum                           0x20000004   Data           1  oled_button.o(.data)
    OLED_Button_ADValue                      0x20000008   Data           4  oled_button.o(.data)
    Preferred_Transmit_Data                  0x2000000d   Data           8  motor_m3508.o(.data)
    PID                                      0x20000018   Data          12  motor_pid.o(.data)
    USART_Rx_Data_JY901S                     0x20000025   Data           8  jy901s.o(.data)
    Motor_M3508_ID01_V                       0x20000030   Data           4  parameter.o(.data)
    Motor_M3508_ID02_V                       0x20000034   Data           4  parameter.o(.data)
    Motor_M3508_ID03_V                       0x20000038   Data           4  parameter.o(.data)
    Motor_M3508_ID04_V                       0x2000003c   Data           4  parameter.o(.data)
    Robot_Vcx                                0x20000040   Data           4  parameter.o(.data)
    Robot_Vcy                                0x20000044   Data           4  parameter.o(.data)
    Robot_Wc                                 0x20000048   Data           4  parameter.o(.data)
    uwTickFreq                               0x20000050   Data           1  stm32f4xx_hal.o(.data)
    uwTickPrio                               0x20000054   Data           4  stm32f4xx_hal.o(.data)
    uwTick                                   0x20000058   Data           4  stm32f4xx_hal.o(.data)
    SystemCoreClock                          0x2000005c   Data           4  system_stm32f4xx.o(.data)
    hadc1                                    0x20000060   Data          72  adc.o(.bss)
    hcan1                                    0x200000a8   Data          40  can.o(.bss)
    huart8                                   0x200000d0   Data          72  usart.o(.bss)
    huart6                                   0x20000118   Data          72  usart.o(.bss)
    OLED_DisplayBuf                          0x20000160   Data        1024  oled.o(.bss)
    Motor_Preferred                          0x20000560   Data         160  motor_m3508.o(.bss)
    Motor_Data                               0x20000600   Data          16  motor_m3508.o(.bss)
    Motor_PID                                0x20000610   Data         320  motor_pid.o(.bss)
    JY901S_Data                              0x2000084c   Data          36  jy901s.o(.bss)
    Send_Data                                0x20000870   Data          40  communication.o(.bss)
    Receive_Data                             0x20000898   Data          56  communication.o(.bss)
    __initial_sp                             0x20000cd0   Data           0  startup_stm32f427xx.o(STACK)



==============================================================================

Memory Map of the image

  Image Entry point : 0x080001ad

  Load Region LR_IROM1 (Base: 0x08000000, Size: 0x00003d54, Max: 0x00200000, ABSOLUTE)

    Execution Region ER_IROM1 (Exec base: 0x08000000, Load base: 0x08000000, Size: 0x00003cf4, Max: 0x00200000, ABSOLUTE)

    Exec Addr    Load Addr    Size         Type   Attr      Idx    E Section Name        Object

    0x08000000   0x08000000   0x000001ac   Data   RO            3    RESET               startup_stm32f427xx.o
    0x080001ac   0x080001ac   0x00000000   Code   RO         3634  * .ARM.Collect$$$$00000000  mc_w.l(entry.o)
    0x080001ac   0x080001ac   0x00000004   Code   RO         3961    .ARM.Collect$$$$00000001  mc_w.l(entry2.o)
    0x080001b0   0x080001b0   0x00000004   Code   RO         3964    .ARM.Collect$$$$00000004  mc_w.l(entry5.o)
    0x080001b4   0x080001b4   0x00000000   Code   RO         3966    .ARM.Collect$$$$00000008  mc_w.l(entry7b.o)
    0x080001b4   0x080001b4   0x00000000   Code   RO         3968    .ARM.Collect$$$$0000000A  mc_w.l(entry8b.o)
    0x080001b4   0x080001b4   0x00000008   Code   RO         3969    .ARM.Collect$$$$0000000B  mc_w.l(entry9a.o)
    0x080001bc   0x080001bc   0x00000000   Code   RO         3971    .ARM.Collect$$$$0000000D  mc_w.l(entry10a.o)
    0x080001bc   0x080001bc   0x00000000   Code   RO         3973    .ARM.Collect$$$$0000000F  mc_w.l(entry11a.o)
    0x080001bc   0x080001bc   0x00000004   Code   RO         3962    .ARM.Collect$$$$00002712  mc_w.l(entry2.o)
    0x080001c0   0x080001c0   0x00000024   Code   RO            4    .text               startup_stm32f427xx.o
    0x080001e4   0x080001e4   0x00000062   Code   RO         3637    .text               mc_w.l(uldiv.o)
    0x08000246   0x08000246   0x00000024   Code   RO         3639    .text               mc_w.l(memseta.o)
    0x0800026a   0x0800026a   0x000000e4   Code   RO         3906    .text               mf_w.l(dmul.o)
    0x0800034e   0x0800034e   0x00000022   Code   RO         3912    .text               mf_w.l(dflti.o)
    0x08000370   0x08000370   0x00000038   Code   RO         3924    .text               mf_w.l(d2f.o)
    0x080003a8   0x080003a8   0x0000001e   Code   RO         3978    .text               mc_w.l(llshl.o)
    0x080003c6   0x080003c6   0x00000020   Code   RO         3980    .text               mc_w.l(llushr.o)
    0x080003e6   0x080003e6   0x00000000   Code   RO         3991    .text               mc_w.l(iusefp.o)
    0x080003e6   0x080003e6   0x0000006e   Code   RO         3992    .text               mf_w.l(fepilogue.o)
    0x08000454   0x08000454   0x000000ba   Code   RO         3994    .text               mf_w.l(depilogue.o)
    0x0800050e   0x0800050e   0x00000002   PAD
    0x08000510   0x08000510   0x00000024   Code   RO         4004    .text               mc_w.l(init.o)
    0x08000534   0x08000534   0x00000008   Code   RO         1342    i.ABS               calculate.o
    0x0800053c   0x0800053c   0x0000000c   Code   RO          394    i.ADC_IRQHandler    stm32f4xx_it.o
    0x08000548   0x08000548   0x00000128   Code   RO         1455    i.ADC_Init          stm32f4xx_hal_adc.o
    0x08000670   0x08000670   0x00000002   Code   RO          395    i.BusFault_Handler  stm32f4xx_it.o
    0x08000672   0x08000672   0x00000002   PAD
    0x08000674   0x08000674   0x0000000c   Code   RO          396    i.CAN1_RX0_IRQHandler  stm32f4xx_it.o
    0x08000680   0x08000680   0x00000038   Code   RO         1062    i.Can_Filter_Init   motor_m3508.o
    0x080006b8   0x080006b8   0x0000016c   Code   RO         1294    i.Data_Transform    communication.o
    0x08000824   0x08000824   0x00000002   Code   RO          397    i.DebugMon_Handler  stm32f4xx_it.o
    0x08000826   0x08000826   0x00000002   PAD
    0x08000828   0x08000828   0x0000000c   Code   RO         1414    i.Delay_Init        delay.o
    0x08000834   0x08000834   0x00000006   Code   RO          398    i.EXTI2_IRQHandler  stm32f4xx_it.o
    0x0800083a   0x0800083a   0x00000004   Code   RO           13    i.Error_Handler     main.o
    0x0800083e   0x0800083e   0x00000002   PAD
    0x08000840   0x08000840   0x000000cc   Code   RO         1063    i.Get_Motor_Data    motor_m3508.o
    0x0800090c   0x0800090c   0x00000014   Code   RO         1064    i.Get_Motor_Measure_Pointer  motor_m3508.o
    0x08000920   0x08000920   0x00000018   Code   RO         1065    i.Get_Motor_Offset  motor_m3508.o
    0x08000938   0x08000938   0x00000002   Code   RO         1626    i.HAL_ADCEx_InjectedConvCpltCallback  stm32f4xx_hal_adc_ex.o
    0x0800093a   0x0800093a   0x00000002   PAD
    0x0800093c   0x0800093c   0x00000164   Code   RO         1457    i.HAL_ADC_ConfigChannel  stm32f4xx_hal_adc.o
    0x08000aa0   0x08000aa0   0x0000002c   Code   RO          399    i.HAL_ADC_ConvCpltCallback  stm32f4xx_it.o
    0x08000acc   0x08000acc   0x00000002   Code   RO         1461    i.HAL_ADC_ErrorCallback  stm32f4xx_hal_adc.o
    0x08000ace   0x08000ace   0x00000006   Code   RO         1464    i.HAL_ADC_GetValue  stm32f4xx_hal_adc.o
    0x08000ad4   0x08000ad4   0x0000012e   Code   RO         1465    i.HAL_ADC_IRQHandler  stm32f4xx_hal_adc.o
    0x08000c02   0x08000c02   0x00000054   Code   RO         1466    i.HAL_ADC_Init      stm32f4xx_hal_adc.o
    0x08000c56   0x08000c56   0x00000002   Code   RO         1467    i.HAL_ADC_LevelOutOfWindowCallback  stm32f4xx_hal_adc.o
    0x08000c58   0x08000c58   0x00000070   Code   RO          263    i.HAL_ADC_MspInit   adc.o
    0x08000cc8   0x08000cc8   0x0000010c   Code   RO         1474    i.HAL_ADC_Start_IT  stm32f4xx_hal_adc.o
    0x08000dd4   0x08000dd4   0x00000024   Code   RO         2951    i.HAL_CAN_ActivateNotification  stm32f4xx_hal_can.o
    0x08000df8   0x08000df8   0x000000bc   Code   RO         2952    i.HAL_CAN_AddTxMessage  stm32f4xx_hal_can.o
    0x08000eb4   0x08000eb4   0x0000010c   Code   RO         2953    i.HAL_CAN_ConfigFilter  stm32f4xx_hal_can.o
    0x08000fc0   0x08000fc0   0x00000002   Code   RO         2956    i.HAL_CAN_ErrorCallback  stm32f4xx_hal_can.o
    0x08000fc2   0x08000fc2   0x000000f4   Code   RO         2959    i.HAL_CAN_GetRxMessage  stm32f4xx_hal_can.o
    0x080010b6   0x080010b6   0x000001fc   Code   RO         2963    i.HAL_CAN_IRQHandler  stm32f4xx_hal_can.o
    0x080012b2   0x080012b2   0x0000011a   Code   RO         2964    i.HAL_CAN_Init      stm32f4xx_hal_can.o
    0x080013cc   0x080013cc   0x00000078   Code   RO          305    i.HAL_CAN_MspInit   can.o
    0x08001444   0x08001444   0x00000002   Code   RO         2971    i.HAL_CAN_RxFifo0FullCallback  stm32f4xx_hal_can.o
    0x08001446   0x08001446   0x00000002   PAD
    0x08001448   0x08001448   0x00000088   Code   RO         1066    i.HAL_CAN_RxFifo0MsgPendingCallback  motor_m3508.o
    0x080014d0   0x080014d0   0x00000002   Code   RO         2973    i.HAL_CAN_RxFifo1FullCallback  stm32f4xx_hal_can.o
    0x080014d2   0x080014d2   0x00000002   Code   RO         2974    i.HAL_CAN_RxFifo1MsgPendingCallback  stm32f4xx_hal_can.o
    0x080014d4   0x080014d4   0x00000002   Code   RO         2975    i.HAL_CAN_SleepCallback  stm32f4xx_hal_can.o
    0x080014d6   0x080014d6   0x00000002   PAD
    0x080014d8   0x080014d8   0x00000058   Code   RO         2976    i.HAL_CAN_Start     stm32f4xx_hal_can.o
    0x08001530   0x08001530   0x00000002   Code   RO         2978    i.HAL_CAN_TxMailbox0AbortCallback  stm32f4xx_hal_can.o
    0x08001532   0x08001532   0x00000002   Code   RO         2979    i.HAL_CAN_TxMailbox0CompleteCallback  stm32f4xx_hal_can.o
    0x08001534   0x08001534   0x00000002   Code   RO         2980    i.HAL_CAN_TxMailbox1AbortCallback  stm32f4xx_hal_can.o
    0x08001536   0x08001536   0x00000002   Code   RO         2981    i.HAL_CAN_TxMailbox1CompleteCallback  stm32f4xx_hal_can.o
    0x08001538   0x08001538   0x00000002   Code   RO         2982    i.HAL_CAN_TxMailbox2AbortCallback  stm32f4xx_hal_can.o
    0x0800153a   0x0800153a   0x00000002   Code   RO         2983    i.HAL_CAN_TxMailbox2CompleteCallback  stm32f4xx_hal_can.o
    0x0800153c   0x0800153c   0x00000002   Code   RO         2985    i.HAL_CAN_WakeUpFromRxMsgCallback  stm32f4xx_hal_can.o
    0x0800153e   0x0800153e   0x00000092   Code   RO         2244    i.HAL_DMA_Abort     stm32f4xx_hal_dma.o
    0x080015d0   0x080015d0   0x00000024   Code   RO         2245    i.HAL_DMA_Abort_IT  stm32f4xx_hal_dma.o
    0x080015f4   0x080015f4   0x00000024   Code   RO         2687    i.HAL_Delay         stm32f4xx_hal.o
    0x08001618   0x08001618   0x00000010   Code   RO          400    i.HAL_GPIO_EXTI_Callback  stm32f4xx_it.o
    0x08001628   0x08001628   0x00000018   Code   RO         2136    i.HAL_GPIO_EXTI_IRQHandler  stm32f4xx_hal_gpio.o
    0x08001640   0x08001640   0x00000234   Code   RO         2137    i.HAL_GPIO_Init     stm32f4xx_hal_gpio.o
    0x08001874   0x08001874   0x0000000a   Code   RO         2141    i.HAL_GPIO_WritePin  stm32f4xx_hal_gpio.o
    0x0800187e   0x0800187e   0x00000002   PAD
    0x08001880   0x08001880   0x0000000c   Code   RO         2695    i.HAL_GetTick       stm32f4xx_hal.o
    0x0800188c   0x0800188c   0x00000010   Code   RO         2701    i.HAL_IncTick       stm32f4xx_hal.o
    0x0800189c   0x0800189c   0x00000034   Code   RO         2702    i.HAL_Init          stm32f4xx_hal.o
    0x080018d0   0x080018d0   0x00000040   Code   RO         2703    i.HAL_InitTick      stm32f4xx_hal.o
    0x08001910   0x08001910   0x00000030   Code   RO          517    i.HAL_MspInit       stm32f4xx_hal_msp.o
    0x08001940   0x08001940   0x0000001a   Code   RO         2545    i.HAL_NVIC_EnableIRQ  stm32f4xx_hal_cortex.o
    0x0800195a   0x0800195a   0x00000002   PAD
    0x0800195c   0x0800195c   0x00000040   Code   RO         2551    i.HAL_NVIC_SetPriority  stm32f4xx_hal_cortex.o
    0x0800199c   0x0800199c   0x00000024   Code   RO         2552    i.HAL_NVIC_SetPriorityGrouping  stm32f4xx_hal_cortex.o
    0x080019c0   0x080019c0   0x00000070   Code   RO         2473    i.HAL_PWREx_EnableOverDrive  stm32f4xx_hal_pwr_ex.o
    0x08001a30   0x08001a30   0x00000134   Code   RO         1731    i.HAL_RCC_ClockConfig  stm32f4xx_hal_rcc.o
    0x08001b64   0x08001b64   0x00000020   Code   RO         1738    i.HAL_RCC_GetPCLK1Freq  stm32f4xx_hal_rcc.o
    0x08001b84   0x08001b84   0x00000020   Code   RO         1739    i.HAL_RCC_GetPCLK2Freq  stm32f4xx_hal_rcc.o
    0x08001ba4   0x08001ba4   0x00000064   Code   RO         1740    i.HAL_RCC_GetSysClockFreq  stm32f4xx_hal_rcc.o
    0x08001c08   0x08001c08   0x0000036c   Code   RO         1743    i.HAL_RCC_OscConfig  stm32f4xx_hal_rcc.o
    0x08001f74   0x08001f74   0x00000028   Code   RO         2556    i.HAL_SYSTICK_Config  stm32f4xx_hal_cortex.o
    0x08001f9c   0x08001f9c   0x00000002   Code   RO         3232    i.HAL_UARTEx_RxEventCallback  stm32f4xx_hal_uart.o
    0x08001f9e   0x08001f9e   0x00000002   Code   RO         3246    i.HAL_UART_ErrorCallback  stm32f4xx_hal_uart.o
    0x08001fa0   0x08001fa0   0x00000270   Code   RO         3249    i.HAL_UART_IRQHandler  stm32f4xx_hal_uart.o
    0x08002210   0x08002210   0x00000064   Code   RO         3250    i.HAL_UART_Init     stm32f4xx_hal_uart.o
    0x08002274   0x08002274   0x000000cc   Code   RO          347    i.HAL_UART_MspInit  usart.o
    0x08002340   0x08002340   0x0000001c   Code   RO         3255    i.HAL_UART_Receive_IT  stm32f4xx_hal_uart.o
    0x0800235c   0x0800235c   0x00000054   Code   RO          401    i.HAL_UART_RxCpltCallback  stm32f4xx_it.o
    0x080023b0   0x080023b0   0x00000002   Code   RO         3261    i.HAL_UART_TxCpltCallback  stm32f4xx_hal_uart.o
    0x080023b2   0x080023b2   0x00000002   Code   RO          402    i.HardFault_Handler  stm32f4xx_it.o
    0x080023b4   0x080023b4   0x00000190   Code   RO         1190    i.JY901S_Judge_Data  jy901s.o
    0x08002544   0x08002544   0x0000000c   Code   RO          668    i.KEY_Init          key.o
    0x08002550   0x08002550   0x0000001c   Code   RO          541    i.LED_Green         led.o
    0x0800256c   0x0800256c   0x00000012   Code   RO          543    i.LED_Init          led.o
    0x0800257e   0x0800257e   0x00000002   PAD
    0x08002580   0x08002580   0x0000001c   Code   RO          544    i.LED_Red           led.o
    0x0800259c   0x0800259c   0x00000064   Code   RO          264    i.MX_ADC1_Init      adc.o
    0x08002600   0x08002600   0x00000044   Code   RO          306    i.MX_CAN1_Init      can.o
    0x08002644   0x08002644   0x00000164   Code   RO          238    i.MX_GPIO_Init      gpio.o
    0x080027a8   0x080027a8   0x00000038   Code   RO          348    i.MX_UART8_Init     usart.o
    0x080027e0   0x080027e0   0x00000038   Code   RO          349    i.MX_USART6_UART_Init  usart.o
    0x08002818   0x08002818   0x00000002   Code   RO          403    i.MemManage_Handler  stm32f4xx_it.o
    0x0800281a   0x0800281a   0x000000c8   Code   RO         1130    i.Motor_PID_Calculate  motor_pid.o
    0x080028e2   0x080028e2   0x00000002   PAD
    0x080028e4   0x080028e4   0x0000001c   Code   RO         1131    i.Motor_PID_Init    motor_pid.o
    0x08002900   0x08002900   0x00000048   Code   RO         1132    i.Motor_PID_Param_Init  motor_pid.o
    0x08002948   0x08002948   0x0000001a   Code   RO         1133    i.Motor_PID_Reset   motor_pid.o
    0x08002962   0x08002962   0x00000002   PAD
    0x08002964   0x08002964   0x00000024   Code   RO         1067    i.Motor_Preferred_Init  motor_m3508.o
    0x08002988   0x08002988   0x00000048   Code   RO         1068    i.Motor_Preferred_Set_I  motor_m3508.o
    0x080029d0   0x080029d0   0x000000b8   Code   RO         1134    i.Motor_Preferred_Set_V  motor_pid.o
    0x08002a88   0x08002a88   0x00000002   Code   RO          404    i.NMI_Handler       stm32f4xx_it.o
    0x08002a8a   0x08002a8a   0x00000002   PAD
    0x08002a8c   0x08002a8c   0x0000000c   Code   RO          967    i.OLED_Button_Init  oled_button.o
    0x08002a98   0x08002a98   0x00000028   Code   RO          698    i.OLED_Clear        oled.o
    0x08002ac0   0x08002ac0   0x00000064   Code   RO          699    i.OLED_ClearArea    oled.o
    0x08002b24   0x08002b24   0x000000bc   Code   RO          708    i.OLED_Init         oled.o
    0x08002be0   0x08002be0   0x0000002c   Code   RO          714    i.OLED_SendByte     oled.o
    0x08002c0c   0x08002c0c   0x00000024   Code   RO          715    i.OLED_SetCursor    oled.o
    0x08002c30   0x08002c30   0x0000003c   Code   RO          717    i.OLED_ShowChar     oled.o
    0x08002c6c   0x08002c6c   0x000000b0   Code   RO          721    i.OLED_ShowImage    oled.o
    0x08002d1c   0x08002d1c   0x0000002c   Code   RO          724    i.OLED_ShowString   oled.o
    0x08002d48   0x08002d48   0x00000028   Code   RO          727    i.OLED_Update       oled.o
    0x08002d70   0x08002d70   0x00000010   Code   RO          729    i.OLED_W_D0         oled.o
    0x08002d80   0x08002d80   0x00000010   Code   RO          730    i.OLED_W_D1         oled.o
    0x08002d90   0x08002d90   0x00000010   Code   RO          731    i.OLED_W_DC         oled.o
    0x08002da0   0x08002da0   0x00000010   Code   RO          732    i.OLED_W_RES        oled.o
    0x08002db0   0x08002db0   0x00000014   Code   RO          733    i.OLED_WriteCommand  oled.o
    0x08002dc4   0x08002dc4   0x00000020   Code   RO          734    i.OLED_WriteData    oled.o
    0x08002de4   0x08002de4   0x00000002   Code   RO          405    i.PendSV_Handler    stm32f4xx_it.o
    0x08002de6   0x08002de6   0x00000002   PAD
    0x08002de8   0x08002de8   0x00000034   Code   RO         1038    i.Power_Init        power.o
    0x08002e1c   0x08002e1c   0x00000090   Code   RO         1270    i.Robot_Move        robot.o
    0x08002eac   0x08002eac   0x00000002   Code   RO          406    i.SVC_Handler       stm32f4xx_it.o
    0x08002eae   0x08002eae   0x00000004   Code   RO          407    i.SysTick_Handler   stm32f4xx_it.o
    0x08002eb2   0x08002eb2   0x00000002   PAD
    0x08002eb4   0x08002eb4   0x000000a0   Code   RO           14    i.SystemClock_Config  main.o
    0x08002f54   0x08002f54   0x00000010   Code   RO         3584    i.SystemInit        system_stm32f4xx.o
    0x08002f64   0x08002f64   0x0000000c   Code   RO          408    i.UART8_IRQHandler  stm32f4xx_it.o
    0x08002f70   0x08002f70   0x00000010   Code   RO         3263    i.UART_DMAAbortOnError  stm32f4xx_hal_uart.o
    0x08002f80   0x08002f80   0x0000004e   Code   RO         3273    i.UART_EndRxTransfer  stm32f4xx_hal_uart.o
    0x08002fce   0x08002fce   0x000000c2   Code   RO         3275    i.UART_Receive_IT   stm32f4xx_hal_uart.o
    0x08003090   0x08003090   0x0000010c   Code   RO         3276    i.UART_SetConfig    stm32f4xx_hal_uart.o
    0x0800319c   0x0800319c   0x00000036   Code   RO         3278    i.UART_Start_Receive_IT  stm32f4xx_hal_uart.o
    0x080031d2   0x080031d2   0x00000002   PAD
    0x080031d4   0x080031d4   0x0000000c   Code   RO          409    i.USART6_IRQHandler  stm32f4xx_it.o
    0x080031e0   0x080031e0   0x00000100   Code   RO         1295    i.USART6_Receive_Data  communication.o
    0x080032e0   0x080032e0   0x00000014   Code   RO         1296    i.USART6_Send       communication.o
    0x080032f4   0x080032f4   0x00000018   Code   RO         1297    i.USART6_Send_Data  communication.o
    0x0800330c   0x0800330c   0x00000002   Code   RO          410    i.UsageFault_Handler  stm32f4xx_it.o
    0x0800330e   0x0800330e   0x00000020   Code   RO         2558    i.__NVIC_SetPriority  stm32f4xx_hal_cortex.o
    0x0800332e   0x0800332e   0x0000000e   Code   RO         4008    i.__scatterload_copy  mc_w.l(handlers.o)
    0x0800333c   0x0800333c   0x00000002   Code   RO         4009    i.__scatterload_null  mc_w.l(handlers.o)
    0x0800333e   0x0800333e   0x0000000e   Code   RO         4010    i.__scatterload_zeroinit  mc_w.l(handlers.o)
    0x0800334c   0x0800334c   0x00000144   Code   RO           15    i.main              main.o
    0x08003490   0x08003490   0x0000023a   Data   RO          940    .constdata          oled_data.o
    0x080036ca   0x080036ca   0x000005f0   Data   RO          941    .constdata          oled_data.o
    0x08003cba   0x08003cba   0x00000010   Data   RO         3585    .constdata          system_stm32f4xx.o
    0x08003cca   0x08003cca   0x00000008   Data   RO         3586    .constdata          system_stm32f4xx.o
    0x08003cd2   0x08003cd2   0x00000002   PAD
    0x08003cd4   0x08003cd4   0x00000020   Data   RO         4006    Region$$Table       anon$$obj.o


    Execution Region RW_IRAM2 (Exec base: 0x10000000, Load base: 0x08003d54, Size: 0x00000000, Max: 0x00010000, ABSOLUTE)

    **** No section assigned to this execution region ****


    Execution Region RW_IRAM1 (Exec base: 0x20000000, Load base: 0x08003cf4, Size: 0x00000cd0, Max: 0x00030000, ABSOLUTE)

    Exec Addr    Load Addr    Size         Type   Attr      Idx    E Section Name        Object

    0x20000000   0x08003cf4   0x00000001   Data   RW          669    .data               key.o
    0x20000001   0x08003cf5   0x00000003   PAD
    0x20000004   0x08003cf8   0x00000008   Data   RW          968    .data               oled_button.o
    0x2000000c   0x08003d00   0x00000009   Data   RW         1071    .data               motor_m3508.o
    0x20000015   0x08003d09   0x00000003   PAD
    0x20000018   0x08003d0c   0x0000000c   Data   RW         1136    .data               motor_pid.o
    0x20000024   0x08003d18   0x00000001   Data   RW         1192    .data               jy901s.o
    0x20000025   0x08003d19   0x00000008   Data   RW         1193    .data               jy901s.o
    0x2000002d   0x08003d21   0x00000003   PAD
    0x20000030   0x08003d24   0x00000004   Data   RW         1384    .data               parameter.o
    0x20000034   0x08003d28   0x00000004   Data   RW         1385    .data               parameter.o
    0x20000038   0x08003d2c   0x00000004   Data   RW         1386    .data               parameter.o
    0x2000003c   0x08003d30   0x00000004   Data   RW         1387    .data               parameter.o
    0x20000040   0x08003d34   0x00000004   Data   RW         1388    .data               parameter.o
    0x20000044   0x08003d38   0x00000004   Data   RW         1389    .data               parameter.o
    0x20000048   0x08003d3c   0x00000004   Data   RW         1390    .data               parameter.o
    0x2000004c   0x08003d40   0x00000004   Data   RW         1417    .data               delay.o
    0x20000050   0x08003d44   0x0000000c   Data   RW         2709    .data               stm32f4xx_hal.o
    0x2000005c   0x08003d50   0x00000004   Data   RW         3587    .data               system_stm32f4xx.o
    0x20000060        -       0x00000048   Zero   RW          265    .bss                adc.o
    0x200000a8        -       0x00000028   Zero   RW          307    .bss                can.o
    0x200000d0        -       0x00000090   Zero   RW          350    .bss                usart.o
    0x20000160        -       0x00000400   Zero   RW          736    .bss                oled.o
    0x20000560        -       0x000000a0   Zero   RW         1069    .bss                motor_m3508.o
    0x20000600        -       0x00000010   Zero   RW         1070    .bss                motor_m3508.o
    0x20000610        -       0x00000140   Zero   RW         1135    .bss                motor_pid.o
    0x20000750        -       0x00000120   Zero   RW         1191    .bss                jy901s.o
    0x20000870        -       0x00000060   Zero   RW         1298    .bss                communication.o
    0x200008d0        -       0x00000400   Zero   RW            1    STACK               startup_stm32f427xx.o


==============================================================================

Image component sizes


      Code (inc. data)   RO Data    RW Data    ZI Data      Debug   Object Name

       212         24          0          0         72       1805   adc.o
         8          0          0          0          0        550   calculate.o
       188         24          0          0         40       1789   can.o
       664         50          0          0         96       4313   communication.o
        12          6          0          4          0        741   delay.o
       356         26          0          0          0       1195   gpio.o
       400         42          0          9        288       1979   jy901s.o
        12          4          0          1          0        709   key.o
        74         12          0          0          0     736859   led.o
       488         74          0          0          0     736104   main.o
       548         56          0          9        176       6370   motor_m3508.o
       510         30          0         12        320       4889   motor_pid.o
       844         50          0          0       1024      11045   oled.o
        12          6          0          8          0        816   oled_button.o
         0          0       2090          0          0       1132   oled_data.o
         0          0          0         28          0        535   parameter.o
        52          4          0          0          0        533   power.o
       144         28          0          0          0        641   robot.o
        36          8        428          0       1024        860   startup_stm32f427xx.o
       180         28          0         12          0       9749   stm32f4xx_hal.o
      1316         64          0          0          0       6653   stm32f4xx_hal_adc.o
         2          0          0          0          0       1033   stm32f4xx_hal_adc_ex.o
      1638          6          0          0          0      14787   stm32f4xx_hal_can.o
       198         14          0          0          0      33987   stm32f4xx_hal_cortex.o
       182          0          0          0          0       2171   stm32f4xx_hal_dma.o
       598         60          0          0          0       2931   stm32f4xx_hal_gpio.o
        48          6          0          0          0        906   stm32f4xx_hal_msp.o
       112         14          0          0          0       1336   stm32f4xx_hal_pwr_ex.o
      1348         76          0          0          0       5384   stm32f4xx_hal_rcc.o
      1368         16          0          0          0       9548   stm32f4xx_hal_uart.o
       218         68          0          0          0       8961   stm32f4xx_it.o
        16          4         24          4          0       1199   system_stm32f4xx.o
       316         38          0          0        144       2529   usart.o

    ----------------------------------------------------------------------
     12130        838       2576         96       3184    1614039   Object Totals
         0          0         32          0          0          0   (incl. Generated)
        30          0          2          9          0          0   (incl. Padding)

    ----------------------------------------------------------------------

      Code (inc. data)   RO Data    RW Data    ZI Data      Debug   Library Member Name

         0          0          0          0          0          0   entry.o
         0          0          0          0          0          0   entry10a.o
         0          0          0          0          0          0   entry11a.o
         8          4          0          0          0          0   entry2.o
         4          0          0          0          0          0   entry5.o
         0          0          0          0          0          0   entry7b.o
         0          0          0          0          0          0   entry8b.o
         8          4          0          0          0          0   entry9a.o
        30          0          0          0          0          0   handlers.o
        36          8          0          0          0         68   init.o
         0          0          0          0          0          0   iusefp.o
        30          0          0          0          0         68   llshl.o
        32          0          0          0          0         68   llushr.o
        36          0          0          0          0        108   memseta.o
        98          0          0          0          0         92   uldiv.o
        56          0          0          0          0         88   d2f.o
       186          0          0          0          0        176   depilogue.o
        34          0          0          0          0         76   dflti.o
       228          0          0          0          0         96   dmul.o
       110          0          0          0          0        168   fepilogue.o

    ----------------------------------------------------------------------
       898         16          0          0          0       1008   Library Totals
         2          0          0          0          0          0   (incl. Padding)

    ----------------------------------------------------------------------

      Code (inc. data)   RO Data    RW Data    ZI Data      Debug   Library Name

       282         16          0          0          0        404   mc_w.l
       614          0          0          0          0        604   mf_w.l

    ----------------------------------------------------------------------
       898         16          0          0          0       1008   Library Totals

    ----------------------------------------------------------------------

==============================================================================


      Code (inc. data)   RO Data    RW Data    ZI Data      Debug   

     13028        854       2576         96       3184    1602835   Grand Totals
     13028        854       2576         96       3184    1602835   ELF Image Totals
     13028        854       2576         96          0          0   ROM Totals

==============================================================================

    Total RO  Size (Code + RO Data)                15604 (  15.24kB)
    Total RW  Size (RW Data + ZI Data)              3280 (   3.20kB)
    Total ROM Size (Code + RO Data + RW Data)      15700 (  15.33kB)

==============================================================================

